Component: ARM Compiler 5.06 update 6 (build 750) Tool: armlink [4d35ed]

==============================================================================

Section Cross References

    startup_stm32f103xe.o(RESET) refers to startup_stm32f103xe.o(STACK) for __initial_sp
    startup_stm32f103xe.o(RESET) refers to startup_stm32f103xe.o(.text) for Reset_Handler
    startup_stm32f103xe.o(RESET) refers to stm32f1xx_it.o(.text) for NMI_Handler
    startup_stm32f103xe.o(.text) refers to system_stm32f1xx.o(.text) for SystemInit
    startup_stm32f103xe.o(.text) refers to entry.o(.ARM.Collect$$$$00000000) for __main
    main.o(.text) refers to printf3.o(i.__0printf$3) for __2printf
    main.o(.text) refers to memseta.o(.text) for __aeabi_memclr4
    main.o(.text) refers to stm32f1xx_hal_rcc.o(.text) for HAL_RCC_OscConfig
    main.o(.text) refers to stm32f1xx_hal.o(.text) for HAL_Init
    main.o(.text) refers to gpio.o(.text) for MX_GPIO_Init
    main.o(.text) refers to usart.o(.text) for MX_USART1_UART_Init
    main.o(.text) refers to spi.o(.text) for MX_SPI1_Init
    main.o(.text) refers to epd_2in7_v2_test.o(.text) for EPD_test
    gpio.o(.text) refers to stm32f1xx_hal_gpio.o(.text) for HAL_GPIO_WritePin
    spi.o(.text) refers to stm32f1xx_hal_spi.o(.text) for HAL_SPI_Init
    spi.o(.text) refers to main.o(.text) for Error_Handler
    spi.o(.text) refers to stm32f1xx_hal_gpio.o(.text) for HAL_GPIO_Init
    spi.o(.text) refers to spi.o(.bss) for .bss
    usart.o(.text) refers to stm32f1xx_hal_uart.o(.text) for HAL_UART_Init
    usart.o(.text) refers to main.o(.text) for Error_Handler
    usart.o(.text) refers to stm32f1xx_hal_gpio.o(.text) for HAL_GPIO_Init
    usart.o(.text) refers to usart.o(.bss) for .bss
    stm32f1xx_it.o(.text) refers to printf3.o(i.__0printf$3) for __2printf
    stm32f1xx_it.o(.text) refers to stm32f1xx_hal.o(.text) for HAL_IncTick
    epd_2in7_v2_test.o(.text) refers to printf3.o(i.__0printf$3) for __2printf
    epd_2in7_v2_test.o(.text) refers to dev_config.o(.text) for DEV_Module_Init
    epd_2in7_v2_test.o(.text) refers to epd_2in7_v2.o(.text) for EPD_2IN7_V2_Init
    epd_2in7_v2_test.o(.text) refers to malloc.o(i.malloc) for malloc
    epd_2in7_v2_test.o(.text) refers to gui_paint.o(.text) for Paint_NewImage
    epd_2in7_v2_test.o(.text) refers to stm32f1xx_hal.o(.text) for HAL_Delay
    epd_2in7_v2_test.o(.text) refers to font16.o(.data) for Font16
    epd_2in7_v2_test.o(.text) refers to font12.o(.data) for Font12
    epd_2in7_v2_test.o(.text) refers to font12cn.o(.data) for Font12CN
    epd_2in7_v2_test.o(.text) refers to font24cn.o(.data) for Font24CN
    epd_2in7_v2_test.o(.text) refers to imagedata.o(.constdata) for gImage_2in7
    epd_2in7_v2_test.o(.text) refers to malloc.o(i.free) for free
    epd_2in7_v2_test.o(.text) refers to font20.o(.data) for Font20
    epd_2in7_v2_test.o(.text) refers to imagedata.o(.constdata) for gImage_2in7_4Gray
    epd_2in7_v2.o(.text) refers to stm32f1xx_hal_gpio.o(.text) for HAL_GPIO_WritePin
    epd_2in7_v2.o(.text) refers to stm32f1xx_hal.o(.text) for HAL_Delay
    epd_2in7_v2.o(.text) refers to epd_2in7_v2.o(.data) for .data
    epd_2in7_v2.o(.text) refers to dev_config.o(.text) for DEV_SPI_WriteByte
    epd_2in7_v2.o(.text) refers to printf3.o(i.__0printf$3) for __2printf
    dev_config.o(.text) refers to stm32f1xx_hal_spi.o(.text) for HAL_SPI_Transmit
    dev_config.o(.text) refers to stm32f1xx_hal_gpio.o(.text) for HAL_GPIO_WritePin
    dev_config.o(.text) refers to spi.o(.bss) for hspi1
    gui_paint.o(.text) refers to printf3.o(i.__0printf$3) for __2printf
    gui_paint.o(.text) refers to gui_paint.o(.bss) for .bss
    gui_paint.o(.text) refers to gui_paint.o(.conststring) for .conststring
    gui_paint.o(.text) refers to memseta.o(.text) for __aeabi_memclr4
    gui_paint.o(.text) refers to dfixi.o(.text) for __aeabi_d2iz
    gui_paint.o(.text) refers to dflti.o(.text) for __aeabi_i2d
    gui_paint.o(.text) refers to dadd.o(.text) for __aeabi_drsub
    gui_paint.o(.text) refers to d2f.o(.text) for __aeabi_d2f
    gui_paint.o(.text) refers to fmul.o(.text) for __aeabi_fmul
    gui_paint.o(.text) refers to ffixi.o(.text) for __aeabi_f2iz
    font8.o(.data) refers to font8.o(.constdata) for Font8_Table
    font12.o(.data) refers to font12.o(.constdata) for Font12_Table
    font12cn.o(.data) refers to font12cn.o(.constdata) for Font12CN_Table
    font16.o(.data) refers to font16.o(.constdata) for Font16_Table
    font20.o(.data) refers to font20.o(.constdata) for Font20_Table
    font24.o(.data) refers to font24.o(.constdata) for Font24_Table
    font24cn.o(.data) refers to font24cn.o(.constdata) for Font24CN_Table
    system_stm32f1xx.o(.text) refers to system_stm32f1xx.o(.data) for .data
    system_stm32f1xx.o(.text) refers to system_stm32f1xx.o(.constdata) for .constdata
    stm32f1xx_hal_spi.o(.text) refers to spi.o(.text) for HAL_SPI_MspInit
    stm32f1xx_hal_spi.o(.text) refers to stm32f1xx_hal.o(.text) for HAL_GetTick
[...]
    printf8.o(i._printf_core) refers to uldiv.o(.text) for __aeabi_uldivmod
    printf8.o(i._printf_core) refers to printf8.o(i._printf_post_padding) for _printf_post_padding
    printfa.o(i.__0fprintf) refers (Special) to iusefp.o(.text) for __I$use$fp
    printfa.o(i.__0fprintf) refers to printfa.o(i._printf_core) for _printf_core
    printfa.o(i.__0fprintf) refers to usart.o(.text) for fputc
    printfa.o(i.__0printf) refers (Special) to iusefp.o(.text) for __I$use$fp
    printfa.o(i.__0printf) refers to printfa.o(i._printf_core) for _printf_core
    printfa.o(i.__0printf) refers to usart.o(.text) for fputc
    printfa.o(i.__0printf) refers to stdout.o(.data) for __stdout
    printfa.o(i.__0snprintf) refers (Special) to iusefp.o(.text) for __I$use$fp
    printfa.o(i.__0snprintf) refers to printfa.o(i._printf_core) for _printf_core
    printfa.o(i.__0snprintf) refers to printfa.o(i._snputc) for _snputc
    printfa.o(i.__0sprintf) refers (Special) to iusefp.o(.text) for __I$use$fp
    printfa.o(i.__0sprintf) refers to printfa.o(i._printf_core) for _printf_core
    printfa.o(i.__0sprintf) refers to printfa.o(i._sputc) for _sputc
    printfa.o(i.__0vfprintf) refers (Special) to iusefp.o(.text) for __I$use$fp
    printfa.o(i.__0vfprintf) refers to printfa.o(i._printf_core) for _printf_core
    printfa.o(i.__0vfprintf) refers to usart.o(.text) for fputc
    printfa.o(i.__0vprintf) refers (Special) to iusefp.o(.text) for __I$use$fp
    printfa.o(i.__0vprintf) refers to printfa.o(i._printf_core) for _printf_core
    printfa.o(i.__0vprintf) refers to usart.o(.text) for fputc
    printfa.o(i.__0vprintf) refers to stdout.o(.data) for __stdout
    printfa.o(i.__0vsnprintf) refers (Special) to iusefp.o(.text) for __I$use$fp
    printfa.o(i.__0vsnprintf) refers to printfa.o(i._printf_core) for _printf_core
    printfa.o(i.__0vsnprintf) refers to printfa.o(i._snputc) for _snputc
    printfa.o(i.__0vsprintf) refers (Special) to iusefp.o(.text) for __I$use$fp
    printfa.o(i.__0vsprintf) refers to printfa.o(i._printf_core) for _printf_core
    printfa.o(i.__0vsprintf) refers to printfa.o(i._sputc) for _sputc
    printfa.o(i._fp_digits) refers (Special) to iusefp.o(.text) for __I$use$fp
    printfa.o(i._fp_digits) refers to dmul.o(.text) for __aeabi_dmul
    printfa.o(i._fp_digits) refers to ddiv.o(.text) for __aeabi_ddiv
    printfa.o(i._fp_digits) refers to cdrcmple.o(.text) for __aeabi_cdrcmple
    printfa.o(i._fp_digits) refers to dadd.o(.text) for __aeabi_dadd
    printfa.o(i._fp_digits) refers to dfixul.o(.text) for __aeabi_d2ulz
    printfa.o(i._fp_digits) refers to uldiv.o(.text) for __aeabi_uldivmod
    printfa.o(i._printf_core) refers (Special) to iusefp.o(.text) for __I$use$fp
    printfa.o(i._printf_core) refers to printfa.o(i._printf_pre_padding) for _printf_pre_padding
    printfa.o(i._printf_core) refers to uldiv.o(.text) for __aeabi_uldivmod
    printfa.o(i._printf_core) refers to printfa.o(i._printf_post_padding) for _printf_post_padding
    printfa.o(i._printf_core) refers to printfa.o(i._fp_digits) for _fp_digits
    printfa.o(i._printf_core) refers to uidiv.o(.text) for __aeabi_uidivmod
    printfa.o(i._printf_post_padding) refers (Special) to iusefp.o(.text) for __I$use$fp
    printfa.o(i._printf_pre_padding) refers (Special) to iusefp.o(.text) for __I$use$fp
    printfa.o(i._snputc) refers (Special) to iusefp.o(.text) for __I$use$fp
    printfa.o(i._sputc) refers (Special) to iusefp.o(.text) for __I$use$fp
    malloc.o(i.free) refers to mvars.o(.data) for __microlib_freelist
    malloc.o(i.malloc) refers to mvars.o(.data) for __microlib_freelist_initialised
    malloc.o(i.malloc) refers to mvars.o(.data) for __microlib_freelist
    malloc.o(i.malloc) refers to startup_stm32f103xe.o(HEAP) for __heap_base
    mallocr.o(i.__free$realloc) refers to mvars.o(.data) for __microlib_freelist
    mallocr.o(i.__malloc$realloc) refers to mallocr.o(i.internal_alloc) for internal_alloc
    mallocr.o(i.__malloc$realloc) refers to mvars.o(.data) for __microlib_freelist_initialised
    mallocr.o(i.__malloc$realloc) refers to startup_stm32f103xe.o(HEAP) for __heap_base
    mallocr.o(i.__malloc$realloc) refers to mvars.o(.data) for __microlib_freelist
    mallocr.o(i.internal_alloc) refers to memcpya.o(.text) for __aeabi_memcpy
    mallocr.o(i.internal_alloc) refers to mvars.o(.data) for __microlib_freelist
    mallocr.o(i.realloc) refers to mallocr.o(i.__free$realloc) for __free$realloc
    mallocr.o(i.realloc) refers to mallocr.o(i.internal_alloc) for internal_alloc
    mallocr.o(i.realloc) refers to mallocr.o(i.__malloc$realloc) for __malloc$realloc
    mallocr.o(i.realloc) refers to mvars.o(.data) for __microlib_freelist
    malloca.o(i.__aligned_malloc) refers to mvars.o(.data) for __microlib_freelist_initialised
    malloca.o(i.__aligned_malloc) refers to mvars.o(.data) for __microlib_freelist
    malloca.o(i.__aligned_malloc) refers to startup_stm32f103xe.o(HEAP) for __heap_base
    malloca.o(i.__free$memalign) refers to mvars.o(.data) for __microlib_freelist
    malloca.o(i.__malloc$memalign) refers to malloca.o(i.__aligned_malloc) for __aligned_malloc
    mallocra.o(i.__aligned_malloc$realloc) refers to mallocra.o(i.internal_alloc) for internal_alloc
    mallocra.o(i.__aligned_malloc$realloc) refers to mvars.o(.data) for __microlib_freelist_initialised
    mallocra.o(i.__aligned_malloc$realloc) refers to startup_stm32f103xe.o(HEAP) for __heap_base
    mallocra.o(i.__aligned_malloc$realloc) refers to mvars.o(.data) for __microlib_freelist
    mallocra.o(i.__free$realloc$memalign) refers to mvars.o(.data) for __microlib_freelist
    mallocra.o(i.__malloc$realloc$memalign) refers to mallocra.o(i.__aligned_malloc$realloc) for __aligned_malloc$realloc
    mallocra.o(i.__realloc$memalign) refers to mallocra.o(i.__free$realloc$memalign) for __free$realloc$memalign
    mallocra.o(i.__realloc$memalign) refers to mallocra.o(i.internal_alloc) for internal_alloc
    mallocra.o(i.__realloc$memalign) refers to mallocra.o(i.__malloc$realloc$memalign) for __malloc$realloc$memalign
    mallocra.o(i.__realloc$memalign) refers to mvars.o(.data) for __microlib_freelist
    mallocra.o(i.internal_alloc) refers to memcpya.o(.text) for __aeabi_memcpy
    mallocra.o(i.internal_alloc) refers to mvars.o(.data) for __microlib_freelist
    fmul.o(.text) refers (Special) to iusefp.o(.text) for __I$use$fp
    dadd.o(.text) refers (Special) to iusefp.o(.text) for __I$use$fp
    dadd.o(.text) refers to llshl.o(.text) for __aeabi_llsl
    dadd.o(.text) refers to llsshr.o(.text) for __aeabi_lasr
    dadd.o(.text) refers to depilogue.o(.text) for _double_epilogue
    dflti.o(.text) refers (Special) to iusefp.o(.text) for __I$use$fp
    dflti.o(.text) refers to depilogue.o(.text) for _double_epilogue
    ffixi.o(.text) refers (Special) to iusefp.o(.text) for __I$use$fp
    dfixi.o(.text) refers (Special) to iusefp.o(.text) for __I$use$fp
    dfixi.o(.text) refers to llushr.o(.text) for __aeabi_llsr
    d2f.o(.text) refers (Special) to iusefp.o(.text) for __I$use$fp
    d2f.o(.text) refers to fepilogue.o(.text) for _float_round
    entry2.o(.ARM.Collect$$$$00000001) refers to entry2.o(.ARM.Collect$$$$00002712) for __lit__00000000
    entry2.o(.ARM.Collect$$$$00002712) refers to startup_stm32f103xe.o(STACK) for __initial_sp
    entry2.o(__vectab_stack_and_reset_area) refers to startup_stm32f103xe.o(STACK) for __initial_sp
    entry2.o(__vectab_stack_and_reset_area) refers to entry.o(.ARM.Collect$$$$00000000) for __main
    entry5.o(.ARM.Collect$$$$00000004) refers to init.o(.text) for __scatterload
    entry9a.o(.ARM.Collect$$$$0000000B) refers to main.o(.text) for main
    entry9b.o(.ARM.Collect$$$$0000000C) refers to main.o(.text) for main
    uldiv.o(.text) refers to llushr.o(.text) for __aeabi_llsr
    uldiv.o(.text) refers to llshl.o(.text) for __aeabi_llsl
    depilogue.o(.text) refers to llshl.o(.text) for __aeabi_llsl
    depilogue.o(.text) refers to llushr.o(.text) for __aeabi_llsr
    dmul.o(.text) refers to depilogue.o(.text) for _double_epilogue
    ddiv.o(.text) refers to depilogue.o(.text) for _double_round
    dfixul.o(.text) refers to llushr.o(.text) for __aeabi_llsr
    dfixul.o(.text) refers to llshl.o(.text) for __aeabi_llsl
    init.o(.text) refers to entry5.o(.ARM.Collect$$$$00000004) for __main_after_scatterload


==============================================================================

Removing Unused input sections from the image.

    Removing main.o(.rev16_text), (4 bytes).
    Removing main.o(.revsh_text), (4 bytes).
    Removing main.o(.rrx_text), (6 bytes).
    Removing gpio.o(.rev16_text), (4 bytes).
    Removing gpio.o(.revsh_text), (4 bytes).
    Removing gpio.o(.rrx_text), (6 bytes).
    Removing spi.o(.rev16_text), (4 bytes).
    Removing spi.o(.revsh_text), (4 bytes).
    Removing spi.o(.rrx_text), (6 bytes).
    Removing usart.o(.rev16_text), (4 bytes).
    Removing usart.o(.revsh_text), (4 bytes).
    Removing usart.o(.rrx_text), (6 bytes).
    Removing stm32f1xx_it.o(.rev16_text), (4 bytes).
    Removing stm32f1xx_it.o(.revsh_text), (4 bytes).
    Removing stm32f1xx_it.o(.rrx_text), (6 bytes).
    Removing stm32f1xx_hal_msp.o(.rev16_text), (4 bytes).
    Removing stm32f1xx_hal_msp.o(.revsh_text), (4 bytes).
    Removing stm32f1xx_hal_msp.o(.rrx_text), (6 bytes).
    Removing imagedata.o(.constdata), (656 bytes).
    Removing imagedata.o(.constdata), (2560 bytes).
    Removing imagedata.o(.constdata), (5000 bytes).
    Removing imagedata.o(.constdata), (5000 bytes).
    Removing imagedata.o(.constdata), (5000 bytes).
    Removing imagedata.o(.constdata), (2888 bytes).
    Removing imagedata.o(.constdata), (2888 bytes).
    Removing imagedata.o(.constdata), (5808 bytes).
    Removing imagedata.o(.constdata), (5808 bytes).
    Removing imagedata.o(.constdata), (5808 bytes).
    Removing imagedata.o(.constdata), (5808 bytes).
    Removing imagedata.o(.constdata), (4736 bytes).
    Removing imagedata.o(.constdata), (4736 bytes).
    Removing imagedata.o(.constdata), (4736 bytes).
    Removing imagedata.o(.constdata), (4000 bytes).
    Removing imagedata.o(.constdata), (2756 bytes).
    Removing imagedata.o(.constdata), (2756 bytes).
    Removing imagedata.o(.constdata), (2756 bytes).
    Removing imagedata.o(.constdata), (2756 bytes).
    Removing imagedata.o(.constdata), (2756 bytes).
    Removing imagedata.o(.constdata), (5630 bytes).
    Removing imagedata.o(.constdata), (5630 bytes).
    Removing imagedata.o(.constdata), (5630 bytes).
    Removing imagedata.o(.constdata), (10800 bytes).
    Removing imagedata.o(.constdata), (33606 bytes).
    Removing imagedata.o(.constdata), (128000 bytes).
    Removing imagedata.o(.constdata), (15000 bytes).
    Removing imagedata.o(.constdata), (30000 bytes).
    Removing imagedata.o(.constdata), (15000 bytes).
    Removing imagedata.o(.constdata), (15000 bytes).
    Removing imagedata.o(.constdata), (13728 bytes).
    Removing imagedata.o(.constdata), (33600 bytes).
    Removing imagedata.o(.constdata), (38886 bytes).
    Removing imagedata.o(.constdata), (33600 bytes).
    Removing imagedata.o(.constdata), (33600 bytes).
    Removing imagedata.o(.constdata), (38886 bytes).
    Removing imagedata.o(.constdata), (38886 bytes).
    Removing imagedata.o(.constdata), (30720 bytes).
    Removing imagedata.o(.constdata), (48000 bytes).
    Removing imagedata.o(.constdata), (30720 bytes).
    Removing imagedata.o(.constdata), (30720 bytes).
    Removing imagedata.o(.constdata), (48000 bytes).
    Removing imagedata.o(.constdata), (48000 bytes).
    Removing epd_2in7_v2_test.o(.rev16_text), (4 bytes).
    Removing epd_2in7_v2_test.o(.revsh_text), (4 bytes).
    Removing epd_2in7_v2_test.o(.rrx_text), (6 bytes).
    Removing epd_2in7_v2.o(.rev16_text), (4 bytes).
    Removing epd_2in7_v2.o(.revsh_text), (4 bytes).
    Removing epd_2in7_v2.o(.rrx_text), (6 bytes).
    Removing dev_config.o(.rev16_text), (4 bytes).
    Removing dev_config.o(.revsh_text), (4 bytes).
    Removing dev_config.o(.rrx_text), (6 bytes).
    Removing gui_paint.o(.rev16_text), (4 bytes).
    Removing gui_paint.o(.revsh_text), (4 bytes).
    Removing gui_paint.o(.rrx_text), (6 bytes).
    Removing font8.o(.constdata), (760 bytes).
    Removing font8.o(.data), (8 bytes).
    Removing font24.o(.constdata), (6840 bytes).
    Removing font24.o(.data), (8 bytes).
    Removing system_stm32f1xx.o(.rev16_text), (4 bytes).
    Removing system_stm32f1xx.o(.revsh_text), (4 bytes).
    Removing system_stm32f1xx.o(.rrx_text), (6 bytes).
    Removing stm32f1xx_hal_gpio_ex.o(.rev16_text), (4 bytes).
    Removing stm32f1xx_hal_gpio_ex.o(.revsh_text), (4 bytes).
    Removing stm32f1xx_hal_gpio_ex.o(.rrx_text), (6 bytes).
    Removing stm32f1xx_hal_gpio_ex.o(.text), (44 bytes).
    Removing stm32f1xx_hal_spi.o(.rev16_text), (4 bytes).
    Removing stm32f1xx_hal_spi.o(.revsh_text), (4 bytes).
    Removing stm32f1xx_hal_spi.o(.rrx_text), (6 bytes).
    Removing stm32f1xx_hal.o(.rev16_text), (4 bytes).
    Removing stm32f1xx_hal.o(.revsh_text), (4 bytes).
    Removing stm32f1xx_hal.o(.rrx_text), (6 bytes).
    Removing stm32f1xx_hal_rcc.o(.rev16_text), (4 bytes).
    Removing stm32f1xx_hal_rcc.o(.revsh_text), (4 bytes).
    Removing stm32f1xx_hal_rcc.o(.rrx_text), (6 bytes).
    Removing stm32f1xx_hal_rcc_ex.o(.rev16_text), (4 bytes).
    Removing stm32f1xx_hal_rcc_ex.o(.revsh_text), (4 bytes).
    Removing stm32f1xx_hal_rcc_ex.o(.rrx_text), (6 bytes).
    Removing stm32f1xx_hal_rcc_ex.o(.text), (628 bytes).
    Removing stm32f1xx_hal_gpio.o(.rev16_text), (4 bytes).
    Removing stm32f1xx_hal_gpio.o(.revsh_text), (4 bytes).
    Removing stm32f1xx_hal_gpio.o(.rrx_text), (6 bytes).
    Removing stm32f1xx_hal_dma.o(.rev16_text), (4 bytes).
    Removing stm32f1xx_hal_dma.o(.revsh_text), (4 bytes).
    Removing stm32f1xx_hal_dma.o(.rrx_text), (6 bytes).
    Removing stm32f1xx_hal_cortex.o(.rev16_text), (4 bytes).
    Removing stm32f1xx_hal_cortex.o(.revsh_text), (4 bytes).
    Removing stm32f1xx_hal_cortex.o(.rrx_text), (6 bytes).
    Removing stm32f1xx_hal_pwr.o(.rev16_text), (4 bytes).
    Removing stm32f1xx_hal_pwr.o(.revsh_text), (4 bytes).
    Removing stm32f1xx_hal_pwr.o(.rrx_text), (6 bytes).
    Removing stm32f1xx_hal_pwr.o(.text), (460 bytes).
    Removing stm32f1xx_hal_flash.o(.rev16_text), (4 bytes).
    Removing stm32f1xx_hal_flash.o(.revsh_text), (4 bytes).
    Removing stm32f1xx_hal_flash.o(.rrx_text), (6 bytes).
    Removing stm32f1xx_hal_flash.o(.text), (832 bytes).
    Removing stm32f1xx_hal_flash.o(.bss), (32 bytes).
    Removing stm32f1xx_hal_flash_ex.o(.rev16_text), (4 bytes).
    Removing stm32f1xx_hal_flash_ex.o(.revsh_text), (4 bytes).
    Removing stm32f1xx_hal_flash_ex.o(.rrx_text), (6 bytes).
    Removing stm32f1xx_hal_flash_ex.o(.text), (1164 bytes).
    Removing stm32f1xx_hal_exti.o(.rev16_text), (4 bytes).
    Removing stm32f1xx_hal_exti.o(.revsh_text), (4 bytes).
    Removing stm32f1xx_hal_exti.o(.rrx_text), (6 bytes).
    Removing stm32f1xx_hal_exti.o(.text), (652 bytes).
    Removing stm32f1xx_hal_tim.o(.rev16_text), (4 bytes).
    Removing stm32f1xx_hal_tim.o(.revsh_text), (4 bytes).
    Removing stm32f1xx_hal_tim.o(.rrx_text), (6 bytes).
    Removing stm32f1xx_hal_tim_ex.o(.rev16_text), (4 bytes).
    Removing stm32f1xx_hal_tim_ex.o(.revsh_text), (4 bytes).
    Removing stm32f1xx_hal_tim_ex.o(.rrx_text), (6 bytes).
    Removing stm32f1xx_hal_uart.o(.rev16_text), (4 bytes).
    Removing stm32f1xx_hal_uart.o(.revsh_text), (4 bytes).
    Removing stm32f1xx_hal_uart.o(.rrx_text), (6 bytes).
    Removing dmul.o(.text), (228 bytes).
    Removing ddiv.o(.text), (222 bytes).
    Removing dfixul.o(.text), (48 bytes).
    Removing cdrcmple.o(.text), (48 bytes).

136 unused section(s) (total 823192 bytes) removed from the image.

==============================================================================

Image Symbol Table

    Local Symbols

    Symbol Name                              Value     Ov Type        Size  Object(Section)

    ../Drivers/STM32F1xx_HAL_Driver/Src/stm32f1xx_hal.c 0x00000000   Number         0  stm32f1xx_hal.o ABSOLUTE
    ../Drivers/STM32F1xx_HAL_Driver/Src/stm32f1xx_hal_cortex.c 0x00000000   Number         0  stm32f1xx_hal_cortex.o ABSOLUTE
    ../Drivers/STM32F1xx_HAL_Driver/Src/stm32f1xx_hal_dma.c 0x00000000   Number         0  stm32f1xx_hal_dma.o ABSOLUTE
    ../Drivers/STM32F1xx_HAL_Driver/Src/stm32f1xx_hal_exti.c 0x00000000   Number         0  stm32f1xx_hal_exti.o ABSOLUTE
    ../Drivers/STM32F1xx_HAL_Driver/Src/stm32f1xx_hal_flash.c 0x00000000   Number         0  stm32f1xx_hal_flash.o ABSOLUTE
    ../Drivers/STM32F1xx_HAL_Driver/Src/stm32f1xx_hal_flash_ex.c 0x00000000   Number         0  stm32f1xx_hal_flash_ex.o ABSOLUTE
    ../Drivers/STM32F1xx_HAL_Driver/Src/stm32f1xx_hal_gpio.c 0x00000000   Number         0  stm32f1xx_hal_gpio.o ABSOLUTE
    ../Drivers/STM32F1xx_HAL_Driver/Src/stm32f1xx_hal_gpio_ex.c 0x00000000   Number         0  stm32f1xx_hal_gpio_ex.o ABSOLUTE
    ../Drivers/STM32F1xx_HAL_Driver/Src/stm32f1xx_hal_pwr.c 0x00000000   Number         0  stm32f1xx_hal_pwr.o ABSOLUTE
    ../Drivers/STM32F1xx_HAL_Driver/Src/stm32f1xx_hal_rcc.c 0x00000000   Number         0  stm32f1xx_hal_rcc.o ABSOLUTE
    ../Drivers/STM32F1xx_HAL_Driver/Src/stm32f1xx_hal_rcc_ex.c 0x00000000   Number         0  stm32f1xx_hal_rcc_ex.o ABSOLUTE
    ../Drivers/STM32F1xx_HAL_Driver/Src/stm32f1xx_hal_spi.c 0x00000000   Number         0  stm32f1xx_hal_spi.o ABSOLUTE
    ../Drivers/STM32F1xx_HAL_Driver/Src/stm32f1xx_hal_tim.c 0x00000000   Number         0  stm32f1xx_hal_tim.o ABSOLUTE
    ../Drivers/STM32F1xx_HAL_Driver/Src/stm32f1xx_hal_tim_ex.c 0x00000000   Number         0  stm32f1xx_hal_tim_ex.o ABSOLUTE
    ../Drivers/STM32F1xx_HAL_Driver/Src/stm32f1xx_hal_uart.c 0x00000000   Number         0  stm32f1xx_hal_uart.o ABSOLUTE
    ../Src/gpio.c                            0x00000000   Number         0  gpio.o ABSOLUTE
    ../Src/main.c                            0x00000000   Number         0  main.o ABSOLUTE
    ../Src/spi.c                             0x00000000   Number         0  spi.o ABSOLUTE
    ../Src/stm32f1xx_hal_msp.c               0x00000000   Number         0  stm32f1xx_hal_msp.o ABSOLUTE
    ../Src/stm32f1xx_it.c                    0x00000000   Number         0  stm32f1xx_it.o ABSOLUTE
    ../Src/system_stm32f1xx.c                0x00000000   Number         0  system_stm32f1xx.o ABSOLUTE
    ../Src/usart.c                           0x00000000   Number         0  usart.o ABSOLUTE
    ../clib/microlib/division.c              0x00000000   Number         0  uidiv.o ABSOLUTE
    ../clib/microlib/division.c              0x00000000   Number         0  uldiv.o ABSOLUTE
    ../clib/microlib/init/entry.s            0x00000000   Number         0  entry8b.o ABSOLUTE
    ../clib/microlib/init/entry.s            0x00000000   Number         0  entry11b.o ABSOLUTE
    ../clib/microlib/init/entry.s            0x00000000   Number         0  entry8a.o ABSOLUTE
    ../clib/microlib/init/entry.s            0x00000000   Number         0  entry11a.o ABSOLUTE
    ../clib/microlib/init/entry.s            0x00000000   Number         0  entry7b.o ABSOLUTE
    ../clib/microlib/init/entry.s            0x00000000   Number         0  entry10a.o ABSOLUTE
    ../clib/microlib/init/entry.s            0x00000000   Number         0  entry9b.o ABSOLUTE
    ../clib/microlib/init/entry.s            0x00000000   Number         0  entry7a.o ABSOLUTE
    ../clib/microlib/init/entry.s            0x00000000   Number         0  entry5.o ABSOLUTE
    ../clib/microlib/init/entry.s            0x00000000   Number         0  entry.o ABSOLUTE
    ../clib/microlib/init/entry.s            0x00000000   Number         0  entry10b.o ABSOLUTE
    ../clib/microlib/init/entry.s            0x00000000   Number         0  entry2.o ABSOLUTE
    ../clib/microlib/init/entry.s            0x00000000   Number         0  entry9a.o ABSOLUTE
    ../clib/microlib/longlong.c              0x00000000   Number         0  llushr.o ABSOLUTE
    ../clib/microlib/longlong.c              0x00000000   Number         0  llshl.o ABSOLUTE
    ../clib/microlib/longlong.c              0x00000000   Number         0  llsshr.o ABSOLUTE
    ../clib/microlib/malloc/malloc.c         0x00000000   Number         0  malloc.o ABSOLUTE
    ../clib/microlib/malloc/malloc.c         0x00000000   Number         0  mallocr.o ABSOLUTE
    ../clib/microlib/malloc/malloc.c         0x00000000   Number         0  malloca.o ABSOLUTE
    ../clib/microlib/malloc/malloc.c         0x00000000   Number         0  mallocra.o ABSOLUTE
    ../clib/microlib/malloc/mvars.c          0x00000000   Number         0  mvars.o ABSOLUTE
    ../clib/microlib/printf/printf.c         0x00000000   Number         0  printf6.o ABSOLUTE
    ../clib/microlib/printf/printf.c         0x00000000   Number         0  printfa.o ABSOLUTE
    ../clib/microlib/printf/printf.c         0x00000000   Number         0  printf8.o ABSOLUTE
    ../clib/microlib/printf/printf.c         0x00000000   Number         0  printf7.o ABSOLUTE
    ../clib/microlib/printf/printf.c         0x00000000   Number         0  printf5.o ABSOLUTE
    ../clib/microlib/printf/printf.c         0x00000000   Number         0  printf4.o ABSOLUTE
    ../clib/microlib/printf/printf.c         0x00000000   Number         0  printf3.o ABSOLUTE
    ../clib/microlib/printf/printf.c         0x00000000   Number         0  printf2.o ABSOLUTE
    ../clib/microlib/printf/printf.c         0x00000000   Number         0  printf1.o ABSOLUTE
    ../clib/microlib/printf/printf.c         0x00000000   Number         0  printf0.o ABSOLUTE
    ../clib/microlib/printf/printf.c         0x00000000   Number         0  printfb.o ABSOLUTE
    ../clib/microlib/printf/stubs.s          0x00000000   Number         0  stubs.o ABSOLUTE
    ../clib/microlib/stdio/streams.c         0x00000000   Number         0  stdout.o ABSOLUTE
    ../clib/microlib/string/memcpy.c         0x00000000   Number         0  memcpya.o ABSOLUTE
    ../clib/microlib/string/memcpy.c         0x00000000   Number         0  memcpyb.o ABSOLUTE
    ../clib/microlib/string/memset.c         0x00000000   Number         0  memseta.o ABSOLUTE
    ../clib/microlib/stubs.s                 0x00000000   Number         0  iusefp.o ABSOLUTE
    ../fplib/microlib/d2f.c                  0x00000000   Number         0  d2f.o ABSOLUTE
    ../fplib/microlib/fpadd.c                0x00000000   Number         0  dadd.o ABSOLUTE
    ../fplib/microlib/fpdiv.c                0x00000000   Number         0  ddiv.o ABSOLUTE
    ../fplib/microlib/fpepilogue.c           0x00000000   Number         0  depilogue.o ABSOLUTE
    ../fplib/microlib/fpepilogue.c           0x00000000   Number         0  fepilogue.o ABSOLUTE
    ../fplib/microlib/fpfix.c                0x00000000   Number         0  dfixi.o ABSOLUTE
    ../fplib/microlib/fpfix.c                0x00000000   Number         0  ffixi.o ABSOLUTE
    ../fplib/microlib/fpfix.c                0x00000000   Number         0  dfixul.o ABSOLUTE
    ../fplib/microlib/fpflt.c                0x00000000   Number         0  dflti.o ABSOLUTE
    ../fplib/microlib/fpmul.c                0x00000000   Number         0  fmul.o ABSOLUTE
    ../fplib/microlib/fpmul.c                0x00000000   Number         0  dmul.o ABSOLUTE
    ..\Drivers\STM32F1xx_HAL_Driver\Src\stm32f1xx_hal.c 0x00000000   Number         0  stm32f1xx_hal.o ABSOLUTE
    ..\Drivers\STM32F1xx_HAL_Driver\Src\stm32f1xx_hal_cortex.c 0x00000000   Number         0  stm32f1xx_hal_cortex.o ABSOLUTE
    ..\Drivers\STM32F1xx_HAL_Driver\Src\stm32f1xx_hal_dma.c 0x00000000   Number         0  stm32f1xx_hal_dma.o ABSOLUTE
    ..\Drivers\STM32F1xx_HAL_Driver\Src\stm32f1xx_hal_exti.c 0x00000000   Number         0  stm32f1xx_hal_exti.o ABSOLUTE
    ..\Drivers\STM32F1xx_HAL_Driver\Src\stm32f1xx_hal_flash.c 0x00000000   Number         0  stm32f1xx_hal_flash.o ABSOLUTE
    ..\Drivers\STM32F1xx_HAL_Driver\Src\stm32f1xx_hal_flash_ex.c 0x00000000   Number         0  stm32f1xx_hal_flash_ex.o ABSOLUTE
    ..\Drivers\STM32F1xx_HAL_Driver\Src\stm32f1xx_hal_gpio.c 0x00000000   Number         0  stm32f1xx_hal_gpio.o ABSOLUTE
    ..\Drivers\STM32F1xx_HAL_Driver\Src\stm32f1xx_hal_gpio_ex.c 0x00000000   Number         0  stm32f1xx_hal_gpio_ex.o ABSOLUTE
    ..\Drivers\STM32F1xx_HAL_Driver\Src\stm32f1xx_hal_pwr.c 0x00000000   Number         0  stm32f1xx_hal_pwr.o ABSOLUTE
    ..\Drivers\STM32F1xx_HAL_Driver\Src\stm32f1xx_hal_rcc.c 0x00000000   Number         0  stm32f1xx_hal_rcc.o ABSOLUTE
    ..\Drivers\STM32F1xx_HAL_Driver\Src\stm32f1xx_hal_rcc_ex.c 0x00000000   Number         0  stm32f1xx_hal_rcc_ex.o ABSOLUTE
    ..\Drivers\STM32F1xx_HAL_Driver\Src\stm32f1xx_hal_spi.c 0x00000000   Number         0  stm32f1xx_hal_spi.o ABSOLUTE
    ..\Drivers\STM32F1xx_HAL_Driver\Src\stm32f1xx_hal_tim.c 0x00000000   Number         0  stm32f1xx_hal_tim.o ABSOLUTE
    ..\Drivers\STM32F1xx_HAL_Driver\Src\stm32f1xx_hal_tim_ex.c 0x00000000   Number         0  stm32f1xx_hal_tim_ex.o ABSOLUTE
    ..\Drivers\STM32F1xx_HAL_Driver\Src\stm32f1xx_hal_uart.c 0x00000000   Number         0  stm32f1xx_hal_uart.o ABSOLUTE
    ..\Src\gpio.c                            0x00000000   Number         0  gpio.o ABSOLUTE
    ..\Src\main.c                            0x00000000   Number         0  main.o ABSOLUTE
    ..\Src\spi.c                             0x00000000   Number         0  spi.o ABSOLUTE
    ..\Src\stm32f1xx_hal_msp.c               0x00000000   Number         0  stm32f1xx_hal_msp.o ABSOLUTE
    ..\Src\stm32f1xx_it.c                    0x00000000   Number         0  stm32f1xx_it.o ABSOLUTE
    ..\Src\system_stm32f1xx.c                0x00000000   Number         0  system_stm32f1xx.o ABSOLUTE
    ..\Src\usart.c                           0x00000000   Number         0  usart.o ABSOLUTE
    ..\User\Config\DEV_Config.c              0x00000000   Number         0  dev_config.o ABSOLUTE
    ..\User\Examples\EPD_2in7_V2_test.c      0x00000000   Number         0  epd_2in7_v2_test.o ABSOLUTE
    ..\User\Examples\ImageData.c             0x00000000   Number         0  imagedata.o ABSOLUTE
    ..\User\Fonts\font12.c                   0x00000000   Number         0  font12.o ABSOLUTE
    ..\User\Fonts\font12CN.c                 0x00000000   Number         0  font12cn.o ABSOLUTE
    ..\User\Fonts\font16.c                   0x00000000   Number         0  font16.o ABSOLUTE
    ..\User\Fonts\font20.c                   0x00000000   Number         0  font20.o ABSOLUTE
    ..\User\Fonts\font24.c                   0x00000000   Number         0  font24.o ABSOLUTE
    ..\User\Fonts\font24CN.c                 0x00000000   Number         0  font24cn.o ABSOLUTE
    ..\User\Fonts\font8.c                    0x00000000   Number         0  font8.o ABSOLUTE
    ..\User\GUI\GUI_Paint.c                  0x00000000   Number         0  gui_paint.o ABSOLUTE
    ..\User\e-Paper\EPD_2in7_V2.c            0x00000000   Number         0  epd_2in7_v2.o ABSOLUTE
    ..\\User\\Config\\DEV_Config.c           0x00000000   Number         0  dev_config.o ABSOLUTE
    ..\\User\\Examples\\EPD_2in7_V2_test.c   0x00000000   Number         0  epd_2in7_v2_test.o ABSOLUTE
    ..\\User\\GUI\\GUI_Paint.c               0x00000000   Number         0  gui_paint.o ABSOLUTE
    ..\\User\\e-Paper\\EPD_2in7_V2.c         0x00000000   Number         0  epd_2in7_v2.o ABSOLUTE
    cdrcmple.s                               0x00000000   Number         0  cdrcmple.o ABSOLUTE
    dc.s                                     0x00000000   Number         0  dc.o ABSOLUTE
    handlers.s                               0x00000000   Number         0  handlers.o ABSOLUTE
    init.s                                   0x00000000   Number         0  init.o ABSOLUTE
    startup_stm32f103xe.s                    0x00000000   Number         0  startup_stm32f103xe.o ABSOLUTE
    RESET                                    0x08000000   Section      304  startup_stm32f103xe.o(RESET)
    .ARM.Collect$$$$00000000                 0x08000130   Section        0  entry.o(.ARM.Collect$$$$00000000)
    .ARM.Collect$$$$00000001                 0x08000130   Section        4  entry2.o(.ARM.Collect$$$$00000001)
    .ARM.Collect$$$$00000004                 0x08000134   Section        4  entry5.o(.ARM.Collect$$$$00000004)
    .ARM.Collect$$$$00000008                 0x08000138   Section        0  entry7b.o(.ARM.Collect$$$$00000008)
    .ARM.Collect$$$$0000000A                 0x08000138   Section        0  entry8b.o(.ARM.Collect$$$$0000000A)
    .ARM.Collect$$$$0000000B                 0x08000138   Section        8  entry9a.o(.ARM.Collect$$$$0000000B)
    .ARM.Collect$$$$0000000D                 0x08000140   Section        0  entry10a.o(.ARM.Collect$$$$0000000D)
    .ARM.Collect$$$$0000000F                 0x08000140   Section        0  entry11a.o(.ARM.Collect$$$$0000000F)
    .ARM.Collect$$$$00002712                 0x08000140   Section        4  entry2.o(.ARM.Collect$$$$00002712)
    __lit__00000000                          0x08000140   Data           4  entry2.o(.ARM.Collect$$$$00002712)
    .text                                    0x08000144   Section       36  startup_stm32f103xe.o(.text)
    .text                                    0x08000168   Section        0  main.o(.text)
    .text                                    0x08000200   Section        0  gpio.o(.text)
    .text                                    0x08000260   Section        0  spi.o(.text)
    .text                                    0x0800031c   Section        0  usart.o(.text)
    .text                                    0x080003f4   Section        0  stm32f1xx_it.o(.text)
    .text                                    0x08000424   Section        0  stm32f1xx_hal_msp.o(.text)
    .text                                    0x08000460   Section        0  epd_2in7_v2_test.o(.text)
    .text                                    0x08000cac   Section        0  epd_2in7_v2.o(.text)
    EPD_2IN7_V2_Reset                        0x08000cad   Thumb Code    56  epd_2in7_v2.o(.text)
    EPD_2IN7_V2_SendCommand                  0x08001237   Thumb Code    46  epd_2in7_v2.o(.text)
    EPD_2IN7_V2_SendData                     0x08001265   Thumb Code    46  epd_2in7_v2.o(.text)
    EPD_2IN7_V2_ReadBusy                     0x08001293   Thumb Code    38  epd_2in7_v2.o(.text)
    EPD_2IN7_V2_TurnOnDisplay                0x080012b9   Thumb Code    26  epd_2in7_v2.o(.text)
    .text                                    0x08001310   Section        0  dev_config.o(.text)
    .text                                    0x08001378   Section        0  gui_paint.o(.text)
    .text                                    0x0800232c   Section        0  system_stm32f1xx.o(.text)
    .text                                    0x080023f0   Section        0  stm32f1xx_hal_spi.o(.text)
    SPI_WaitFlagStateUntilTimeout            0x080024d9   Thumb Code   210  stm32f1xx_hal_spi.o(.text)
    SPI_EndRxTxTransaction                   0x080025ab   Thumb Code    36  stm32f1xx_hal_spi.o(.text)
    SPI_EndRxTransaction                     0x0800276b   Thumb Code   112  stm32f1xx_hal_spi.o(.text)
    SPI_CloseTx_ISR                          0x08002b4b   Thumb Code   130  stm32f1xx_hal_spi.o(.text)
    SPI_TxISR_8BIT                           0x08002bcd   Thumb Code    30  stm32f1xx_hal_spi.o(.text)
    SPI_TxISR_16BIT                          0x08002beb   Thumb Code    30  stm32f1xx_hal_spi.o(.text)
    SPI_CloseRx_ISR                          0x08002cad   Thumb Code    76  stm32f1xx_hal_spi.o(.text)
    SPI_RxISR_8BIT                           0x08002cf9   Thumb Code    30  stm32f1xx_hal_spi.o(.text)
    SPI_RxISR_16BIT                          0x08002d17   Thumb Code    30  stm32f1xx_hal_spi.o(.text)
    SPI_CloseRxTx_ISR                        0x08002d37   Thumb Code   158  stm32f1xx_hal_spi.o(.text)
    SPI_2linesTxISR_8BIT                     0x08002dd5   Thumb Code    46  stm32f1xx_hal_spi.o(.text)
    SPI_2linesRxISR_8BIT                     0x08002e03   Thumb Code    46  stm32f1xx_hal_spi.o(.text)
    SPI_2linesTxISR_16BIT                    0x08002e31   Thumb Code    46  stm32f1xx_hal_spi.o(.text)
    SPI_2linesRxISR_16BIT                    0x08002e5f   Thumb Code    46  stm32f1xx_hal_spi.o(.text)
    SPI_DMAError                             0x08002ff9   Thumb Code    34  stm32f1xx_hal_spi.o(.text)
    SPI_DMATransmitCplt                      0x0800301b   Thumb Code   102  stm32f1xx_hal_spi.o(.text)
    SPI_DMAHalfTransmitCplt                  0x08003083   Thumb Code    10  stm32f1xx_hal_spi.o(.text)
    SPI_DMAReceiveCplt                       0x0800315d   Thumb Code   110  stm32f1xx_hal_spi.o(.text)
    SPI_DMAHalfReceiveCplt                   0x080031cd   Thumb Code    10  stm32f1xx_hal_spi.o(.text)
    SPI_DMATransmitReceiveCplt               0x080031d7   Thumb Code    92  stm32f1xx_hal_spi.o(.text)
    SPI_DMAHalfTransmitReceiveCplt           0x08003235   Thumb Code    10  stm32f1xx_hal_spi.o(.text)
    SPI_AbortRx_ISR                          0x08003483   Thumb Code    82  stm32f1xx_hal_spi.o(.text)
    SPI_AbortTx_ISR                          0x080034d5   Thumb Code    28  stm32f1xx_hal_spi.o(.text)
    SPI_DMARxAbortCallback                   0x08003615   Thumb Code    98  stm32f1xx_hal_spi.o(.text)
    SPI_DMATxAbortCallback                   0x08003677   Thumb Code   114  stm32f1xx_hal_spi.o(.text)
    SPI_DMAAbortOnError                      0x080038c1   Thumb Code    16  stm32f1xx_hal_spi.o(.text)
    .text                                    0x080039d8   Section        0  stm32f1xx_hal.o(.text)
    .text                                    0x08003b60   Section        0  stm32f1xx_hal_rcc.o(.text)
    RCC_Delay                                0x08003c5b   Thumb Code    32  stm32f1xx_hal_rcc.o(.text)
    .text                                    0x08004428   Section        0  stm32f1xx_hal_gpio.o(.text)
    .text                                    0x080047fc   Section        0  stm32f1xx_hal_dma.o(.text)
    DMA_SetConfig                            0x0800490b   Thumb Code    56  stm32f1xx_hal_dma.o(.text)
    .text                                    0x08005444   Section        0  stm32f1xx_hal_cortex.o(.text)
    .text                                    0x08005668   Section        0  stm32f1xx_hal_uart.o(.text)
    UART_SetConfig                           0x08005669   Thumb Code   194  stm32f1xx_hal_uart.o(.text)
    UART_WaitOnFlagUntilTimeout              0x08005949   Thumb Code   120  stm32f1xx_hal_uart.o(.text)
    UART_EndRxTransfer                       0x08005bf9   Thumb Code    28  stm32f1xx_hal_uart.o(.text)
    UART_EndTxTransfer                       0x08005c15   Thumb Code    18  stm32f1xx_hal_uart.o(.text)
    UART_DMAError                            0x08005c27   Thumb Code    74  stm32f1xx_hal_uart.o(.text)
    UART_DMATxHalfCplt                       0x08005c73   Thumb Code    10  stm32f1xx_hal_uart.o(.text)
    UART_DMATransmitCplt                     0x08005c7f   Thumb Code    48  stm32f1xx_hal_uart.o(.text)
    UART_DMARxHalfCplt                       0x08005d3b   Thumb Code    10  stm32f1xx_hal_uart.o(.text)
    UART_DMAReceiveCplt                      0x08005d47   Thumb Code    62  stm32f1xx_hal_uart.o(.text)
    UART_DMARxAbortCallback                  0x0800607b   Thumb Code    44  stm32f1xx_hal_uart.o(.text)
    UART_DMATxAbortCallback                  0x080060a7   Thumb Code    66  stm32f1xx_hal_uart.o(.text)
    UART_DMATxOnlyAbortCallback              0x0800619d   Thumb Code    20  stm32f1xx_hal_uart.o(.text)
    UART_DMARxOnlyAbortCallback              0x08006211   Thumb Code    20  stm32f1xx_hal_uart.o(.text)
    UART_EndTransmit_IT                      0x0800628d   Thumb Code    26  stm32f1xx_hal_uart.o(.text)
    UART_Transmit_IT                         0x080062a7   Thumb Code    94  stm32f1xx_hal_uart.o(.text)
    UART_DMAAbortOnError                     0x08006305   Thumb Code    16  stm32f1xx_hal_uart.o(.text)
    UART_Receive_IT                          0x08006315   Thumb Code   146  stm32f1xx_hal_uart.o(.text)
    .text                                    0x08006604   Section        0  llushr.o(.text)
    .text                                    0x08006624   Section        0  memseta.o(.text)
    .text                                    0x08006648   Section        0  fmul.o(.text)
    .text                                    0x080066ac   Section        0  dadd.o(.text)
    .text                                    0x080067fa   Section        0  dflti.o(.text)
    .text                                    0x0800681c   Section        0  ffixi.o(.text)
    .text                                    0x0800684e   Section        0  dfixi.o(.text)
    .text                                    0x0800688c   Section        0  d2f.o(.text)
    .text                                    0x080068c4   Section        0  uidiv.o(.text)
    .text                                    0x080068f0   Section        0  llshl.o(.text)
    .text                                    0x0800690e   Section        0  llsshr.o(.text)
    .text                                    0x08006932   Section        0  fepilogue.o(.text)
    .text                                    0x08006932   Section        0  iusefp.o(.text)
    .text                                    0x080069a0   Section        0  depilogue.o(.text)
    .text                                    0x08006a5c   Section       36  init.o(.text)
    i.__0printf$3                            0x08006a80   Section        0  printf3.o(i.__0printf$3)
    i.__scatterload_copy                     0x08006aa0   Section       14  handlers.o(i.__scatterload_copy)
    i.__scatterload_null                     0x08006aae   Section        2  handlers.o(i.__scatterload_null)
    i.__scatterload_zeroinit                 0x08006ab0   Section       14  handlers.o(i.__scatterload_zeroinit)
    i._printf_core                           0x08006ac0   Section        0  printf3.o(i._printf_core)
    _printf_core                             0x08006ac1   Thumb Code   436  printf3.o(i._printf_core)
    i.free                                   0x08006c78   Section        0  malloc.o(i.free)
    i.malloc                                 0x08006cc8   Section        0  malloc.o(i.malloc)
    .constdata                               0x08006d34   Section     5808  imagedata.o(.constdata)
    .constdata                               0x080083e4   Section    11616  imagedata.o(.constdata)
    .constdata                               0x0800b144   Section     1140  font12.o(.constdata)
    .constdata                               0x0800b5b8   Section     1494  font12cn.o(.constdata)
    .constdata                               0x0800bb8e   Section     3040  font16.o(.constdata)
    .constdata                               0x0800c76e   Section     3800  font20.o(.constdata)
    .constdata                               0x0800d646   Section     4482  font24cn.o(.constdata)
    .constdata                               0x0800e7c8   Section       16  system_stm32f1xx.o(.constdata)
    .constdata                               0x0800e7d8   Section        8  system_stm32f1xx.o(.constdata)
    .conststring                             0x0800e7e0   Section      233  gui_paint.o(.conststring)
    .data                                    0x20000000   Section      159  epd_2in7_v2.o(.data)
    .data                                    0x200000a0   Section        8  font12.o(.data)
    .data                                    0x200000a8   Section       12  font12cn.o(.data)
    .data                                    0x200000b4   Section        8  font16.o(.data)
    .data                                    0x200000bc   Section        8  font20.o(.data)
    .data                                    0x200000c4   Section       12  font24cn.o(.data)
    .data                                    0x200000d0   Section        4  system_stm32f1xx.o(.data)
    .data                                    0x200000d4   Section       12  stm32f1xx_hal.o(.data)
    .data                                    0x200000e0   Section        4  stdout.o(.data)
    .data                                    0x200000e4   Section        4  mvars.o(.data)
    .data                                    0x200000e8   Section        4  mvars.o(.data)
    .bss                                     0x200000ec   Section       88  spi.o(.bss)
    .bss                                     0x20000144   Section       64  usart.o(.bss)
    .bss                                     0x20000184   Section       24  gui_paint.o(.bss)
    HEAP                                     0x200001a0   Section    49152  startup_stm32f103xe.o(HEAP)
    STACK                                    0x2000c1a0   Section     4096  startup_stm32f103xe.o(STACK)

    Global Symbols

    Symbol Name                              Value     Ov Type        Size  Object(Section)

    BuildAttributes$$THM_ISAv4$P$D$K$B$S$PE$A:L22UL41UL21$X:L11$S22US41US21$IEEE1$IW$USESV6$~STKCKD$USESV7$~SHL$OTIME$ROPI$EBA8$MICROLIB$REQ8$PRES8$EABIv2 0x00000000   Number         0  anon$$obj.o ABSOLUTE
    __ARM_use_no_argv                        0x00000000   Number         0  main.o ABSOLUTE
    _printf_a                                0x00000000   Number         0  stubs.o ABSOLUTE
    _printf_c                                0x00000000   Number         0  stubs.o ABSOLUTE
    _printf_charcount                        0x00000000   Number         0  stubs.o ABSOLUTE
    _printf_d                                0x00000000   Number         0  stubs.o ABSOLUTE
    _printf_e                                0x00000000   Number         0  stubs.o ABSOLUTE
    _printf_f                                0x00000000   Number         0  stubs.o ABSOLUTE
    _printf_flags                            0x00000000   Number         0  stubs.o ABSOLUTE
    _printf_fp_dec                           0x00000000   Number         0  stubs.o ABSOLUTE
    _printf_fp_hex                           0x00000000   Number         0  stubs.o ABSOLUTE
    _printf_g                                0x00000000   Number         0  stubs.o ABSOLUTE
    _printf_i                                0x00000000   Number         0  stubs.o ABSOLUTE
    _printf_int_dec                          0x00000000   Number         0  stubs.o ABSOLUTE
    _printf_l                                0x00000000   Number         0  stubs.o ABSOLUTE
    _printf_lc                               0x00000000   Number         0  stubs.o ABSOLUTE
    _printf_ll                               0x00000000   Number         0  stubs.o ABSOLUTE
    _printf_lld                              0x00000000   Number         0  stubs.o ABSOLUTE
    _printf_lli                              0x00000000   Number         0  stubs.o ABSOLUTE
    _printf_llo                              0x00000000   Number         0  stubs.o ABSOLUTE
    _printf_llu                              0x00000000   Number         0  stubs.o ABSOLUTE
    _printf_llx                              0x00000000   Number         0  stubs.o ABSOLUTE
    _printf_longlong_dec                     0x00000000   Number         0  stubs.o ABSOLUTE
    _printf_longlong_hex                     0x00000000   Number         0  stubs.o ABSOLUTE
    _printf_longlong_oct                     0x00000000   Number         0  stubs.o ABSOLUTE
    _printf_ls                               0x00000000   Number         0  stubs.o ABSOLUTE
    _printf_mbtowc                           0x00000000   Number         0  stubs.o ABSOLUTE
    _printf_n                                0x00000000   Number         0  stubs.o ABSOLUTE
    _printf_o                                0x00000000   Number         0  stubs.o ABSOLUTE
    _printf_p                                0x00000000   Number         0  stubs.o ABSOLUTE
    _printf_percent                          0x00000000   Number         0  stubs.o ABSOLUTE
    _printf_pre_padding                      0x00000000   Number         0  stubs.o ABSOLUTE
    _printf_return_value                     0x00000000   Number         0  stubs.o ABSOLUTE
    _printf_s                                0x00000000   Number         0  stubs.o ABSOLUTE
    _printf_sizespec                         0x00000000   Number         0  stubs.o ABSOLUTE
    _printf_str                              0x00000000   Number         0  stubs.o ABSOLUTE
    _printf_truncate_signed                  0x00000000   Number         0  stubs.o ABSOLUTE
    _printf_truncate_unsigned                0x00000000   Number         0  stubs.o ABSOLUTE
    _printf_u                                0x00000000   Number         0  stubs.o ABSOLUTE
    _printf_wc                               0x00000000   Number         0  stubs.o ABSOLUTE
    _printf_wctomb                           0x00000000   Number         0  stubs.o ABSOLUTE
    _printf_widthprec                        0x00000000   Number         0  stubs.o ABSOLUTE
    _printf_x                                0x00000000   Number         0  stubs.o ABSOLUTE
    __cpp_initialize__aeabi_                  - Undefined Weak Reference
    __cxa_finalize                            - Undefined Weak Reference
    __decompress                              - Undefined Weak Reference
    _clock_init                               - Undefined Weak Reference
    _microlib_exit                            - Undefined Weak Reference
    __Vectors_Size                           0x00000130   Number         0  startup_stm32f103xe.o ABSOLUTE
    __Vectors                                0x08000000   Data           4  startup_stm32f103xe.o(RESET)
    __Vectors_End                            0x08000130   Data           0  startup_stm32f103xe.o(RESET)
    __main                                   0x08000131   Thumb Code     0  entry.o(.ARM.Collect$$$$00000000)
    _main_stk                                0x08000131   Thumb Code     0  entry2.o(.ARM.Collect$$$$00000001)
    _main_scatterload                        0x08000135   Thumb Code     0  entry5.o(.ARM.Collect$$$$00000004)
    __main_after_scatterload                 0x08000139   Thumb Code     0  entry5.o(.ARM.Collect$$$$00000004)
    _main_clock                              0x08000139   Thumb Code     0  entry7b.o(.ARM.Collect$$$$00000008)
    _main_cpp_init                           0x08000139   Thumb Code     0  entry8b.o(.ARM.Collect$$$$0000000A)
    _main_init                               0x08000139   Thumb Code     0  entry9a.o(.ARM.Collect$$$$0000000B)
    __rt_final_cpp                           0x08000141   Thumb Code     0  entry10a.o(.ARM.Collect$$$$0000000D)
    __rt_final_exit                          0x08000141   Thumb Code     0  entry11a.o(.ARM.Collect$$$$0000000F)
    Reset_Handler                            0x08000145   Thumb Code     8  startup_stm32f103xe.o(.text)
    ADC1_2_IRQHandler                        0x0800015f   Thumb Code     0  startup_stm32f103xe.o(.text)
    ADC3_IRQHandler                          0x0800015f   Thumb Code     0  startup_stm32f103xe.o(.text)
    CAN1_RX1_IRQHandler                      0x0800015f   Thumb Code     0  startup_stm32f103xe.o(.text)
    CAN1_SCE_IRQHandler                      0x0800015f   Thumb Code     0  startup_stm32f103xe.o(.text)
    DMA1_Channel1_IRQHandler                 0x0800015f   Thumb Code     0  startup_stm32f103xe.o(.text)
    DMA1_Channel2_IRQHandler                 0x0800015f   Thumb Code     0  startup_stm32f103xe.o(.text)
    DMA1_Channel3_IRQHandler                 0x0800015f   Thumb Code     0  startup_stm32f103xe.o(.text)
    DMA1_Channel4_IRQHandler                 0x0800015f   Thumb Code     0  startup_stm32f103xe.o(.text)
    DMA1_Channel5_IRQHandler                 0x0800015f   Thumb Code     0  startup_stm32f103xe.o(.text)
    DMA1_Channel6_IRQHandler                 0x0800015f   Thumb Code     0  startup_stm32f103xe.o(.text)
    DMA1_Channel7_IRQHandler                 0x0800015f   Thumb Code     0  startup_stm32f103xe.o(.text)
    DMA2_Channel1_IRQHandler                 0x0800015f   Thumb Code     0  startup_stm32f103xe.o(.text)
    DMA2_Channel2_IRQHandler                 0x0800015f   Thumb Code     0  startup_stm32f103xe.o(.text)
    DMA2_Channel3_IRQHandler                 0x0800015f   Thumb Code     0  startup_stm32f103xe.o(.text)
    DMA2_Channel4_5_IRQHandler               0x0800015f   Thumb Code     0  startup_stm32f103xe.o(.text)
    EXTI0_IRQHandler                         0x0800015f   Thumb Code     0  startup_stm32f103xe.o(.text)
    EXTI15_10_IRQHandler                     0x0800015f   Thumb Code     0  startup_stm32f103xe.o(.text)
    EXTI1_IRQHandler                         0x0800015f   Thumb Code     0  startup_stm32f103xe.o(.text)
    EXTI2_IRQHandler                         0x0800015f   Thumb Code     0  startup_stm32f103xe.o(.text)
    EXTI3_IRQHandler                         0x0800015f   Thumb Code     0  startup_stm32f103xe.o(.text)
    EXTI4_IRQHandler                         0x0800015f   Thumb Code     0  startup_stm32f103xe.o(.text)
    EXTI9_5_IRQHandler                       0x0800015f   Thumb Code     0  startup_stm32f103xe.o(.text)
    FLASH_IRQHandler                         0x0800015f   Thumb Code     0  startup_stm32f103xe.o(.text)
    FSMC_IRQHandler                          0x0800015f   Thumb Code     0  startup_stm32f103xe.o(.text)
    I2C1_ER_IRQHandler                       0x0800015f   Thumb Code     0  startup_stm32f103xe.o(.text)
    I2C1_EV_IRQHandler                       0x0800015f   Thumb Code     0  startup_stm32f103xe.o(.text)
    I2C2_ER_IRQHandler                       0x0800015f   Thumb Code     0  startup_stm32f103xe.o(.text)
    I2C2_EV_IRQHandler                       0x0800015f   Thumb Code     0  startup_stm32f103xe.o(.text)
    PVD_IRQHandler                           0x0800015f   Thumb Code     0  startup_stm32f103xe.o(.text)
    RCC_IRQHandler                           0x0800015f   Thumb Code     0  startup_stm32f103xe.o(.text)
    RTC_Alarm_IRQHandler                     0x0800015f   Thumb Code     0  startup_stm32f103xe.o(.text)
    RTC_IRQHandler                           0x0800015f   Thumb Code     0  startup_stm32f103xe.o(.text)
    SDIO_IRQHandler                          0x0800015f   Thumb Code     0  startup_stm32f103xe.o(.text)
    SPI1_IRQHandler                          0x0800015f   Thumb Code     0  startup_stm32f103xe.o(.text)
    SPI2_IRQHandler                          0x0800015f   Thumb Code     0  startup_stm32f103xe.o(.text)
    SPI3_IRQHandler                          0x0800015f   Thumb Code     0  startup_stm32f103xe.o(.text)
    TAMPER_IRQHandler                        0x0800015f   Thumb Code     0  startup_stm32f103xe.o(.text)
    TIM1_BRK_IRQHandler                      0x0800015f   Thumb Code     0  startup_stm32f103xe.o(.text)
    TIM1_CC_IRQHandler                       0x0800015f   Thumb Code     0  startup_stm32f103xe.o(.text)
    TIM1_TRG_COM_IRQHandler                  0x0800015f   Thumb Code     0  startup_stm32f103xe.o(.text)
    TIM1_UP_IRQHandler                       0x0800015f   Thumb Code     0  startup_stm32f103xe.o(.text)
    TIM2_IRQHandler                          0x0800015f   Thumb Code     0  startup_stm32f103xe.o(.text)
    TIM3_IRQHandler                          0x0800015f   Thumb Code     0  startup_stm32f103xe.o(.text)
    TIM4_IRQHandler                          0x0800015f   Thumb Code     0  startup_stm32f103xe.o(.text)
    TIM5_IRQHandler                          0x0800015f   Thumb Code     0  startup_stm32f103xe.o(.text)
    TIM6_IRQHandler                          0x0800015f   Thumb Code     0  startup_stm32f103xe.o(.text)
    TIM7_IRQHandler                          0x0800015f   Thumb Code     0  startup_stm32f103xe.o(.text)
    TIM8_BRK_IRQHandler                      0x0800015f   Thumb Code     0  startup_stm32f103xe.o(.text)
    TIM8_CC_IRQHandler                       0x0800015f   Thumb Code     0  startup_stm32f103xe.o(.text)
    TIM8_TRG_COM_IRQHandler                  0x0800015f   Thumb Code     0  startup_stm32f103xe.o(.text)
    TIM8_UP_IRQHandler                       0x0800015f   Thumb Code     0  startup_stm32f103xe.o(.text)
    UART4_IRQHandler                         0x0800015f   Thumb Code     0  startup_stm32f103xe.o(.text)
    UART5_IRQHandler                         0x0800015f   Thumb Code     0  startup_stm32f103xe.o(.text)
    USART1_IRQHandler                        0x0800015f   Thumb Code     0  startup_stm32f103xe.o(.text)
    USART2_IRQHandler                        0x0800015f   Thumb Code     0  startup_stm32f103xe.o(.text)
    USART3_IRQHandler                        0x0800015f   Thumb Code     0  startup_stm32f103xe.o(.text)
    USBWakeUp_IRQHandler                     0x0800015f   Thumb Code     0  startup_stm32f103xe.o(.text)
    USB_HP_CAN1_TX_IRQHandler                0x0800015f   Thumb Code     0  startup_stm32f103xe.o(.text)
    USB_LP_CAN1_RX0_IRQHandler               0x0800015f   Thumb Code     0  startup_stm32f103xe.o(.text)
    WWDG_IRQHandler                          0x0800015f   Thumb Code     0  startup_stm32f103xe.o(.text)
    Error_Handler                            0x08000169   Thumb Code     8  main.o(.text)
    SystemClock_Config                       0x08000171   Thumb Code    88  main.o(.text)
    main                                     0x080001c9   Thumb Code    36  main.o(.text)
    MX_GPIO_Init                             0x08000201   Thumb Code    86  gpio.o(.text)
    MX_SPI1_Init                             0x08000261   Thumb Code    62  spi.o(.text)
    HAL_SPI_MspInit                          0x0800029f   Thumb Code    80  spi.o(.text)
    HAL_SPI_MspDeInit                        0x080002ef   Thumb Code    28  spi.o(.text)
    MX_USART1_UART_Init                      0x0800031d   Thumb Code    48  usart.o(.text)
    HAL_UART_MspInit                         0x0800034d   Thumb Code   100  usart.o(.text)
    HAL_UART_MspDeInit                       0x080003b1   Thumb Code    30  usart.o(.text)
    fputc                                    0x080003cf   Thumb Code    20  usart.o(.text)
    NMI_Handler                              0x080003f5   Thumb Code     2  stm32f1xx_it.o(.text)
    HardFault_Handler                        0x080003f7   Thumb Code     8  stm32f1xx_it.o(.text)
    MemManage_Handler                        0x080003ff   Thumb Code     2  stm32f1xx_it.o(.text)
    BusFault_Handler                         0x08000401   Thumb Code     2  stm32f1xx_it.o(.text)
    UsageFault_Handler                       0x08000403   Thumb Code     2  stm32f1xx_it.o(.text)
    SVC_Handler                              0x08000405   Thumb Code     2  stm32f1xx_it.o(.text)
    DebugMon_Handler                         0x08000407   Thumb Code     2  stm32f1xx_it.o(.text)
    PendSV_Handler                           0x08000409   Thumb Code     2  stm32f1xx_it.o(.text)
    SysTick_Handler                          0x0800040b   Thumb Code     4  stm32f1xx_it.o(.text)
    HAL_MspInit                              0x08000425   Thumb Code    52  stm32f1xx_hal_msp.o(.text)
    EPD_test                                 0x08000461   Thumb Code  1898  epd_2in7_v2_test.o(.text)
    EPD_2IN7_V2_Init                         0x08000ce5   Thumb Code    84  epd_2in7_v2.o(.text)
    EPD_2IN7_V2_Init_Fast                    0x08000d39   Thumb Code   158  epd_2in7_v2.o(.text)
    EPD_2IN7_V2_Init_4GRAY                   0x08000dd7   Thumb Code   266  epd_2in7_v2.o(.text)
    EPD_2IN7_V2_Clear                        0x08000ee1   Thumb Code    50  epd_2in7_v2.o(.text)
    EPD_2IN7_V2_Display                      0x08000f13   Thumb Code    60  epd_2in7_v2.o(.text)
    EPD_2IN7_V2_Display_Fast                 0x08000f4f   Thumb Code    78  epd_2in7_v2.o(.text)
    EPD_2IN7_V2_Display_Base                 0x08000f9d   Thumb Code   100  epd_2in7_v2.o(.text)
    EPD_2IN7_V2_Display_Base_color           0x08001001   Thumb Code    80  epd_2in7_v2.o(.text)
    EPD_2IN7_V2_Display_Partial              0x08001051   Thumb Code   226  epd_2in7_v2.o(.text)
    EPD_2IN7_V2_4GrayDisplay                 0x08001133   Thumb Code   242  epd_2in7_v2.o(.text)
    EPD_2IN7_V2_Sleep                        0x08001225   Thumb Code    18  epd_2in7_v2.o(.text)
    DEV_SPI_WriteByte                        0x08001311   Thumb Code    18  dev_config.o(.text)
    DEV_Module_Init                          0x08001323   Thumb Code    38  dev_config.o(.text)
    DEV_Module_Exit                          0x08001349   Thumb Code    38  dev_config.o(.text)
    Paint_NewImage                           0x08001379   Thumb Code    56  gui_paint.o(.text)
    Paint_SelectImage                        0x080013b1   Thumb Code     6  gui_paint.o(.text)
    Paint_SetRotate                          0x080013b7   Thumb Code    44  gui_paint.o(.text)
    Paint_SetScale                           0x080013e3   Thumb Code    80  gui_paint.o(.text)
    Paint_SetMirroring                       0x08001433   Thumb Code    62  gui_paint.o(.text)
    Paint_SetPixel                           0x08001471   Thumb Code   238  gui_paint.o(.text)
    Paint_Clear                              0x0800155f   Thumb Code   156  gui_paint.o(.text)
    Paint_ClearWindows                       0x080015fb   Thumb Code    52  gui_paint.o(.text)
    Paint_DrawPoint                          0x0800162f   Thumb Code   180  gui_paint.o(.text)
    Paint_DrawLine                           0x080016e3   Thumb Code   662  gui_paint.o(.text)
    Paint_DrawRectangle                      0x08001979   Thumb Code   170  gui_paint.o(.text)
    Paint_DrawCircle                         0x08001a23   Thumb Code   528  gui_paint.o(.text)
    Paint_DrawChar                           0x08001c33   Thumb Code   172  gui_paint.o(.text)
    Paint_DrawString_EN                      0x08001cdf   Thumb Code   116  gui_paint.o(.text)
    Paint_DrawString_CN                      0x08001d53   Thumb Code   518  gui_paint.o(.text)
    Paint_DrawNum                            0x08001f59   Thumb Code   140  gui_paint.o(.text)
    Paint_DrawNumDecimals                    0x08001fe5   Thumb Code   258  gui_paint.o(.text)
    Paint_DrawTime                           0x080020e7   Thumb Code   282  gui_paint.o(.text)
    Paint_DrawBitMap                         0x08002201   Thumb Code    44  gui_paint.o(.text)
    Paint_DrawBitMap_Paste                   0x0800222d   Thumb Code   198  gui_paint.o(.text)
    Paint_DrawBitMap_Block                   0x080022f3   Thumb Code    54  gui_paint.o(.text)
    SystemInit                               0x0800232d   Thumb Code    60  system_stm32f1xx.o(.text)
    SystemCoreClockUpdate                    0x08002369   Thumb Code   108  system_stm32f1xx.o(.text)
    HAL_SPI_Init                             0x080023f3   Thumb Code   180  stm32f1xx_hal_spi.o(.text)
    HAL_SPI_DeInit                           0x080024a9   Thumb Code    48  stm32f1xx_hal_spi.o(.text)
    HAL_SPI_Transmit                         0x080025cf   Thumb Code   412  stm32f1xx_hal_spi.o(.text)
    HAL_SPI_TransmitReceive                  0x080027db   Thumb Code   510  stm32f1xx_hal_spi.o(.text)
    HAL_SPI_Receive                          0x080029d9   Thumb Code   366  stm32f1xx_hal_spi.o(.text)
    HAL_SPI_TxCpltCallback                   0x08002b47   Thumb Code     2  stm32f1xx_hal_spi.o(.text)
    HAL_SPI_ErrorCallback                    0x08002b49   Thumb Code     2  stm32f1xx_hal_spi.o(.text)
    HAL_SPI_Transmit_IT                      0x08002c09   Thumb Code   162  stm32f1xx_hal_spi.o(.text)
    HAL_SPI_RxCpltCallback                   0x08002cab   Thumb Code     2  stm32f1xx_hal_spi.o(.text)
    HAL_SPI_TxRxCpltCallback                 0x08002d35   Thumb Code     2  stm32f1xx_hal_spi.o(.text)
    HAL_SPI_TransmitReceive_IT               0x08002e8d   Thumb Code   188  stm32f1xx_hal_spi.o(.text)
    HAL_SPI_Receive_IT                       0x08002f49   Thumb Code   176  stm32f1xx_hal_spi.o(.text)
    HAL_SPI_TxHalfCpltCallback               0x08003081   Thumb Code     2  stm32f1xx_hal_spi.o(.text)
    HAL_SPI_Transmit_DMA                     0x0800308d   Thumb Code   208  stm32f1xx_hal_spi.o(.text)
    HAL_SPI_RxHalfCpltCallback               0x080031cb   Thumb Code     2  stm32f1xx_hal_spi.o(.text)
    HAL_SPI_TxRxHalfCpltCallback             0x08003233   Thumb Code     2  stm32f1xx_hal_spi.o(.text)
    HAL_SPI_TransmitReceive_DMA              0x0800323f   Thumb Code   302  stm32f1xx_hal_spi.o(.text)
    HAL_SPI_Receive_DMA                      0x0800336d   Thumb Code   278  stm32f1xx_hal_spi.o(.text)
    HAL_SPI_Abort                            0x080034f1   Thumb Code   290  stm32f1xx_hal_spi.o(.text)
    HAL_SPI_AbortCpltCallback                0x08003613   Thumb Code     2  stm32f1xx_hal_spi.o(.text)
    HAL_SPI_Abort_IT                         0x080036e9   Thumb Code   328  stm32f1xx_hal_spi.o(.text)
    HAL_SPI_DMAPause                         0x08003831   Thumb Code    38  stm32f1xx_hal_spi.o(.text)
    HAL_SPI_DMAResume                        0x08003857   Thumb Code    38  stm32f1xx_hal_spi.o(.text)
    HAL_SPI_DMAStop                          0x0800387d   Thumb Code    68  stm32f1xx_hal_spi.o(.text)
    HAL_SPI_IRQHandler                       0x080038d1   Thumb Code   250  stm32f1xx_hal_spi.o(.text)
    HAL_SPI_GetState                         0x080039cb   Thumb Code     6  stm32f1xx_hal_spi.o(.text)
    HAL_SPI_GetError                         0x080039d1   Thumb Code     4  stm32f1xx_hal_spi.o(.text)
    HAL_InitTick                             0x080039db   Thumb Code    58  stm32f1xx_hal.o(.text)
    HAL_Init                                 0x08003a15   Thumb Code    32  stm32f1xx_hal.o(.text)
    HAL_MspDeInit                            0x08003a35   Thumb Code     2  stm32f1xx_hal.o(.text)
    HAL_DeInit                               0x08003a37   Thumb Code    26  stm32f1xx_hal.o(.text)
    HAL_IncTick                              0x08003a51   Thumb Code    12  stm32f1xx_hal.o(.text)
    HAL_GetTick                              0x08003a5d   Thumb Code     6  stm32f1xx_hal.o(.text)
    HAL_GetTickPrio                          0x08003a63   Thumb Code     6  stm32f1xx_hal.o(.text)
    HAL_SetTickFreq                          0x08003a69   Thumb Code    30  stm32f1xx_hal.o(.text)
    HAL_GetTickFreq                          0x08003a87   Thumb Code     6  stm32f1xx_hal.o(.text)
    HAL_Delay                                0x08003a8d   Thumb Code    34  stm32f1xx_hal.o(.text)
    HAL_SuspendTick                          0x08003aaf   Thumb Code    14  stm32f1xx_hal.o(.text)
    HAL_ResumeTick                           0x08003abd   Thumb Code    14  stm32f1xx_hal.o(.text)
    HAL_GetHalVersion                        0x08003acb   Thumb Code     4  stm32f1xx_hal.o(.text)
    HAL_GetREVID                             0x08003acf   Thumb Code     8  stm32f1xx_hal.o(.text)
    HAL_GetDEVID                             0x08003ad7   Thumb Code    10  stm32f1xx_hal.o(.text)
    HAL_GetUIDw0                             0x08003ae1   Thumb Code     6  stm32f1xx_hal.o(.text)
    HAL_GetUIDw1                             0x08003ae7   Thumb Code     6  stm32f1xx_hal.o(.text)
    HAL_GetUIDw2                             0x08003aed   Thumb Code     6  stm32f1xx_hal.o(.text)
    HAL_DBGMCU_EnableDBGSleepMode            0x08003af3   Thumb Code    12  stm32f1xx_hal.o(.text)
    HAL_DBGMCU_DisableDBGSleepMode           0x08003aff   Thumb Code    12  stm32f1xx_hal.o(.text)
    HAL_DBGMCU_EnableDBGStopMode             0x08003b0b   Thumb Code    12  stm32f1xx_hal.o(.text)
    HAL_DBGMCU_DisableDBGStopMode            0x08003b17   Thumb Code    12  stm32f1xx_hal.o(.text)
    HAL_DBGMCU_EnableDBGStandbyMode          0x08003b23   Thumb Code    12  stm32f1xx_hal.o(.text)
    HAL_DBGMCU_DisableDBGStandbyMode         0x08003b2f   Thumb Code    12  stm32f1xx_hal.o(.text)
    HAL_RCC_DeInit                           0x08003b61   Thumb Code   250  stm32f1xx_hal_rcc.o(.text)
    HAL_RCC_OscConfig                        0x08003c7b   Thumb Code  1080  stm32f1xx_hal_rcc.o(.text)
    HAL_RCC_GetSysClockFreq                  0x080040b3   Thumb Code    88  stm32f1xx_hal_rcc.o(.text)
    HAL_RCC_ClockConfig                      0x0800410b   Thumb Code   364  stm32f1xx_hal_rcc.o(.text)
    HAL_RCC_MCOConfig                        0x08004277   Thumb Code    64  stm32f1xx_hal_rcc.o(.text)
    HAL_RCC_EnableCSS                        0x080042b7   Thumb Code     8  stm32f1xx_hal_rcc.o(.text)
    HAL_RCC_DisableCSS                       0x080042bf   Thumb Code     8  stm32f1xx_hal_rcc.o(.text)
    HAL_RCC_GetHCLKFreq                      0x080042c7   Thumb Code     6  stm32f1xx_hal_rcc.o(.text)
    HAL_RCC_GetPCLK1Freq                     0x080042cd   Thumb Code    22  stm32f1xx_hal_rcc.o(.text)
    HAL_RCC_GetPCLK2Freq                     0x080042e3   Thumb Code    22  stm32f1xx_hal_rcc.o(.text)
    HAL_RCC_GetOscConfig                     0x080042f9   Thumb Code   168  stm32f1xx_hal_rcc.o(.text)
    HAL_RCC_GetClockConfig                   0x080043a1   Thumb Code    52  stm32f1xx_hal_rcc.o(.text)
    HAL_RCC_CSSCallback                      0x080043d5   Thumb Code     2  stm32f1xx_hal_rcc.o(.text)
    HAL_RCC_NMI_IRQHandler                   0x080043d7   Thumb Code    22  stm32f1xx_hal_rcc.o(.text)
    HAL_GPIO_Init                            0x08004429   Thumb Code   524  stm32f1xx_hal_gpio.o(.text)
    HAL_GPIO_DeInit                          0x08004635   Thumb Code   320  stm32f1xx_hal_gpio.o(.text)
    HAL_GPIO_ReadPin                         0x08004775   Thumb Code    14  stm32f1xx_hal_gpio.o(.text)
    HAL_GPIO_WritePin                        0x08004783   Thumb Code    14  stm32f1xx_hal_gpio.o(.text)
    HAL_GPIO_TogglePin                       0x08004791   Thumb Code    16  stm32f1xx_hal_gpio.o(.text)
    HAL_GPIO_LockPin                         0x080047a1   Thumb Code    42  stm32f1xx_hal_gpio.o(.text)
    HAL_GPIO_EXTI_Callback                   0x080047cb   Thumb Code     2  stm32f1xx_hal_gpio.o(.text)
    HAL_GPIO_EXTI_IRQHandler                 0x080047cd   Thumb Code    18  stm32f1xx_hal_gpio.o(.text)
    HAL_DMA_Init                             0x080047fd   Thumb Code   144  stm32f1xx_hal_dma.o(.text)
    HAL_DMA_DeInit                           0x0800488d   Thumb Code   126  stm32f1xx_hal_dma.o(.text)
    HAL_DMA_Start                            0x08004943   Thumb Code    88  stm32f1xx_hal_dma.o(.text)
    HAL_DMA_Start_IT                         0x0800499b   Thumb Code   124  stm32f1xx_hal_dma.o(.text)
    HAL_DMA_Abort                            0x08004a17   Thumb Code    72  stm32f1xx_hal_dma.o(.text)
    HAL_DMA_Abort_IT                         0x08004a5f   Thumb Code   318  stm32f1xx_hal_dma.o(.text)
    HAL_DMA_PollForTransfer                  0x08004b9d   Thumb Code  1316  stm32f1xx_hal_dma.o(.text)
    HAL_DMA_IRQHandler                       0x080050c1   Thumb Code   672  stm32f1xx_hal_dma.o(.text)
    HAL_DMA_RegisterCallback                 0x08005361   Thumb Code    80  stm32f1xx_hal_dma.o(.text)
    HAL_DMA_UnRegisterCallback               0x080053b1   Thumb Code    86  stm32f1xx_hal_dma.o(.text)
    HAL_DMA_GetState                         0x08005407   Thumb Code     6  stm32f1xx_hal_dma.o(.text)
    HAL_DMA_GetError                         0x0800540d   Thumb Code     4  stm32f1xx_hal_dma.o(.text)
    HAL_NVIC_SetPriorityGrouping             0x08005445   Thumb Code    30  stm32f1xx_hal_cortex.o(.text)
    HAL_NVIC_SetPriority                     0x08005463   Thumb Code    98  stm32f1xx_hal_cortex.o(.text)
    HAL_NVIC_EnableIRQ                       0x080054c5   Thumb Code    28  stm32f1xx_hal_cortex.o(.text)
    HAL_NVIC_DisableIRQ                      0x080054e1   Thumb Code    36  stm32f1xx_hal_cortex.o(.text)
    HAL_NVIC_SystemReset                     0x08005505   Thumb Code    26  stm32f1xx_hal_cortex.o(.text)
    HAL_SYSTICK_Config                       0x0800551f   Thumb Code    36  stm32f1xx_hal_cortex.o(.text)
    HAL_NVIC_GetPriorityGrouping             0x08005543   Thumb Code    10  stm32f1xx_hal_cortex.o(.text)
    HAL_NVIC_GetPriority                     0x0800554d   Thumb Code    94  stm32f1xx_hal_cortex.o(.text)
    HAL_NVIC_SetPendingIRQ                   0x080055ab   Thumb Code    28  stm32f1xx_hal_cortex.o(.text)
    HAL_NVIC_GetPendingIRQ                   0x080055c7   Thumb Code    42  stm32f1xx_hal_cortex.o(.text)
    HAL_NVIC_ClearPendingIRQ                 0x080055f1   Thumb Code    28  stm32f1xx_hal_cortex.o(.text)
    HAL_NVIC_GetActive                       0x0800560d   Thumb Code    42  stm32f1xx_hal_cortex.o(.text)
    HAL_SYSTICK_CLKSourceConfig              0x08005637   Thumb Code    28  stm32f1xx_hal_cortex.o(.text)
    HAL_SYSTICK_Callback                     0x08005653   Thumb Code     2  stm32f1xx_hal_cortex.o(.text)
    HAL_SYSTICK_IRQHandler                   0x08005655   Thumb Code     8  stm32f1xx_hal_cortex.o(.text)
    HAL_UART_Init                            0x0800572d   Thumb Code   100  stm32f1xx_hal_uart.o(.text)
    HAL_HalfDuplex_Init                      0x08005791   Thumb Code   110  stm32f1xx_hal_uart.o(.text)
    HAL_LIN_Init                             0x080057ff   Thumb Code   130  stm32f1xx_hal_uart.o(.text)
    HAL_MultiProcessor_Init                  0x08005881   Thumb Code   146  stm32f1xx_hal_uart.o(.text)
    HAL_UART_DeInit                          0x08005915   Thumb Code    52  stm32f1xx_hal_uart.o(.text)
    HAL_UART_Transmit                        0x080059c1   Thumb Code   202  stm32f1xx_hal_uart.o(.text)
    HAL_UART_Receive                         0x08005a8b   Thumb Code   212  stm32f1xx_hal_uart.o(.text)
    HAL_UART_Transmit_IT                     0x08005b5f   Thumb Code    66  stm32f1xx_hal_uart.o(.text)
    HAL_UART_Receive_IT                      0x08005ba1   Thumb Code    86  stm32f1xx_hal_uart.o(.text)
    HAL_UART_ErrorCallback                   0x08005bf7   Thumb Code     2  stm32f1xx_hal_uart.o(.text)
    HAL_UART_TxHalfCpltCallback              0x08005c71   Thumb Code     2  stm32f1xx_hal_uart.o(.text)
    HAL_UART_TxCpltCallback                  0x08005c7d   Thumb Code     2  stm32f1xx_hal_uart.o(.text)
    HAL_UART_Transmit_DMA                    0x08005caf   Thumb Code   138  stm32f1xx_hal_uart.o(.text)
    HAL_UART_RxHalfCpltCallback              0x08005d39   Thumb Code     2  stm32f1xx_hal_uart.o(.text)
    HAL_UART_RxCpltCallback                  0x08005d45   Thumb Code     2  stm32f1xx_hal_uart.o(.text)
    HAL_UART_Receive_DMA                     0x08005d85   Thumb Code   150  stm32f1xx_hal_uart.o(.text)
    HAL_UART_DMAPause                        0x08005e1b   Thumb Code   102  stm32f1xx_hal_uart.o(.text)
    HAL_UART_DMAResume                       0x08005e81   Thumb Code    98  stm32f1xx_hal_uart.o(.text)
    HAL_UART_DMAStop                         0x08005ee3   Thumb Code    88  stm32f1xx_hal_uart.o(.text)
    HAL_UART_Abort                           0x08005f3b   Thumb Code   148  stm32f1xx_hal_uart.o(.text)
    HAL_UART_AbortTransmit                   0x08005fcf   Thumb Code    80  stm32f1xx_hal_uart.o(.text)
    HAL_UART_AbortReceive                    0x0800601f   Thumb Code    90  stm32f1xx_hal_uart.o(.text)
    HAL_UART_AbortCpltCallback               0x08006079   Thumb Code     2  stm32f1xx_hal_uart.o(.text)
    HAL_UART_Abort_IT                        0x080060e9   Thumb Code   178  stm32f1xx_hal_uart.o(.text)
    HAL_UART_AbortTransmitCpltCallback       0x0800619b   Thumb Code     2  stm32f1xx_hal_uart.o(.text)
    HAL_UART_AbortTransmit_IT                0x080061b1   Thumb Code    94  stm32f1xx_hal_uart.o(.text)
    HAL_UART_AbortReceiveCpltCallback        0x0800620f   Thumb Code     2  stm32f1xx_hal_uart.o(.text)
    HAL_UART_AbortReceive_IT                 0x08006225   Thumb Code   104  stm32f1xx_hal_uart.o(.text)
    HAL_UART_IRQHandler                      0x080063a7   Thumb Code   312  stm32f1xx_hal_uart.o(.text)
    HAL_LIN_SendBreak                        0x080064df   Thumb Code    70  stm32f1xx_hal_uart.o(.text)
    HAL_MultiProcessor_EnterMuteMode         0x08006525   Thumb Code    50  stm32f1xx_hal_uart.o(.text)
    HAL_MultiProcessor_ExitMuteMode          0x08006557   Thumb Code    50  stm32f1xx_hal_uart.o(.text)
    HAL_HalfDuplex_EnableTransmitter         0x08006589   Thumb Code    54  stm32f1xx_hal_uart.o(.text)
    HAL_HalfDuplex_EnableReceiver            0x080065bf   Thumb Code    54  stm32f1xx_hal_uart.o(.text)
    HAL_UART_GetState                        0x080065f5   Thumb Code    12  stm32f1xx_hal_uart.o(.text)
    HAL_UART_GetError                        0x08006601   Thumb Code     4  stm32f1xx_hal_uart.o(.text)
    __aeabi_llsr                             0x08006605   Thumb Code    32  llushr.o(.text)
    _ll_ushift_r                             0x08006605   Thumb Code     0  llushr.o(.text)
    __aeabi_memset                           0x08006625   Thumb Code    14  memseta.o(.text)
    __aeabi_memset4                          0x08006625   Thumb Code     0  memseta.o(.text)
    __aeabi_memset8                          0x08006625   Thumb Code     0  memseta.o(.text)
    __aeabi_memclr                           0x08006633   Thumb Code     4  memseta.o(.text)
    __aeabi_memclr4                          0x08006633   Thumb Code     0  memseta.o(.text)
    __aeabi_memclr8                          0x08006633   Thumb Code     0  memseta.o(.text)
    _memset$wrapper                          0x08006637   Thumb Code    18  memseta.o(.text)
    __aeabi_fmul                             0x08006649   Thumb Code   100  fmul.o(.text)
    __aeabi_dadd                             0x080066ad   Thumb Code   322  dadd.o(.text)
    __aeabi_dsub                             0x080067ef   Thumb Code     6  dadd.o(.text)
    __aeabi_drsub                            0x080067f5   Thumb Code     6  dadd.o(.text)
    __aeabi_i2d                              0x080067fb   Thumb Code    34  dflti.o(.text)
    __aeabi_f2iz                             0x0800681d   Thumb Code    50  ffixi.o(.text)
    __aeabi_d2iz                             0x0800684f   Thumb Code    62  dfixi.o(.text)
    __aeabi_d2f                              0x0800688d   Thumb Code    56  d2f.o(.text)
    __aeabi_uidiv                            0x080068c5   Thumb Code     0  uidiv.o(.text)
    __aeabi_uidivmod                         0x080068c5   Thumb Code    44  uidiv.o(.text)
    __aeabi_llsl                             0x080068f1   Thumb Code    30  llshl.o(.text)
    _ll_shift_l                              0x080068f1   Thumb Code     0  llshl.o(.text)
    __aeabi_lasr                             0x0800690f   Thumb Code    36  llsshr.o(.text)
    _ll_sshift_r                             0x0800690f   Thumb Code     0  llsshr.o(.text)
    __I$use$fp                               0x08006933   Thumb Code     0  iusefp.o(.text)
    _float_round                             0x08006933   Thumb Code    18  fepilogue.o(.text)
    _float_epilogue                          0x08006945   Thumb Code    92  fepilogue.o(.text)
    _double_round                            0x080069a1   Thumb Code    30  depilogue.o(.text)
    _double_epilogue                         0x080069bf   Thumb Code   156  depilogue.o(.text)
    __scatterload                            0x08006a5d   Thumb Code    28  init.o(.text)
    __scatterload_rt2                        0x08006a5d   Thumb Code     0  init.o(.text)
    __0printf$3                              0x08006a81   Thumb Code    22  printf3.o(i.__0printf$3)
    __1printf$3                              0x08006a81   Thumb Code     0  printf3.o(i.__0printf$3)
    __2printf                                0x08006a81   Thumb Code     0  printf3.o(i.__0printf$3)
    __scatterload_copy                       0x08006aa1   Thumb Code    14  handlers.o(i.__scatterload_copy)
    __scatterload_null                       0x08006aaf   Thumb Code     2  handlers.o(i.__scatterload_null)
    __scatterload_zeroinit                   0x08006ab1   Thumb Code    14  handlers.o(i.__scatterload_zeroinit)
    free                                     0x08006c79   Thumb Code    76  malloc.o(i.free)
    malloc                                   0x08006cc9   Thumb Code    92  malloc.o(i.malloc)
    gImage_2in7                              0x08006d34   Data        5808  imagedata.o(.constdata)
    gImage_2in7_4Gray                        0x080083e4   Data       11616  imagedata.o(.constdata)
    Font12_Table                             0x0800b144   Data        1140  font12.o(.constdata)
    Font12CN_Table                           0x0800b5b8   Data        1494  font12cn.o(.constdata)
    Font16_Table                             0x0800bb8e   Data        3040  font16.o(.constdata)
    Font20_Table                             0x0800c76e   Data        3800  font20.o(.constdata)
    Font24CN_Table                           0x0800d646   Data        4482  font24cn.o(.constdata)
    AHBPrescTable                            0x0800e7c8   Data          16  system_stm32f1xx.o(.constdata)
    APBPrescTable                            0x0800e7d8   Data           8  system_stm32f1xx.o(.constdata)
    Region$$Table$$Base                      0x0800e8cc   Number         0  anon$$obj.o(Region$$Table)
    Region$$Table$$Limit                     0x0800e8ec   Number         0  anon$$obj.o(Region$$Table)
    LUT_DATA_4Gray                           0x20000000   Data         159  epd_2in7_v2.o(.data)
    Font12                                   0x200000a0   Data           8  font12.o(.data)
    Font12CN                                 0x200000a8   Data          12  font12cn.o(.data)
    Font16                                   0x200000b4   Data           8  font16.o(.data)
    Font20                                   0x200000bc   Data           8  font20.o(.data)
    Font24CN                                 0x200000c4   Data          12  font24cn.o(.data)
    SystemCoreClock                          0x200000d0   Data           4  system_stm32f1xx.o(.data)
    uwTickFreq                               0x200000d4   Data           1  stm32f1xx_hal.o(.data)
    uwTickPrio                               0x200000d8   Data           4  stm32f1xx_hal.o(.data)
    uwTick                                   0x200000dc   Data           4  stm32f1xx_hal.o(.data)
    __stdout                                 0x200000e0   Data           4  stdout.o(.data)
    __microlib_freelist                      0x200000e4   Data           4  mvars.o(.data)
    __microlib_freelist_initialised          0x200000e8   Data           4  mvars.o(.data)
    hspi1                                    0x200000ec   Data          88  spi.o(.bss)
    huart1                                   0x20000144   Data          64  usart.o(.bss)
    Paint                                    0x20000184   Data          24  gui_paint.o(.bss)
    __heap_base                              0x200001a0   Data           0  startup_stm32f103xe.o(HEAP)
    __heap_limit                             0x2000c1a0   Data           0  startup_stm32f103xe.o(HEAP)
    __initial_sp                             0x2000d1a0   Data           0  startup_stm32f103xe.o(STACK)



==============================================================================

Memory Map of the image

  Image Entry point : 0x08000131

  Load Region LR_IROM1 (Base: 0x08000000, Size: 0x0000e9d8, Max: 0x00080000, ABSOLUTE)

    Execution Region ER_IROM1 (Exec base: 0x08000000, Load base: 0x08000000, Size: 0x0000e8ec, Max: 0x00080000, ABSOLUTE)

    Exec Addr    Load Addr    Size         Type   Attr      Idx    E Section Name        Object

    0x08000000   0x08000000   0x00000130   Data   RO            3    RESET               startup_stm32f103xe.o
    0x08000130   0x08000130   0x00000000   Code   RO          964  * .ARM.Collect$$$$00000000  mc_w.l(entry.o)
    0x08000130   0x08000130   0x00000004   Code   RO         1272    .ARM.Collect$$$$00000001  mc_w.l(entry2.o)
    0x08000134   0x08000134   0x00000004   Code   RO         1275    .ARM.Collect$$$$00000004  mc_w.l(entry5.o)
    0x08000138   0x08000138   0x00000000   Code   RO         1277    .ARM.Collect$$$$00000008  mc_w.l(entry7b.o)
    0x08000138   0x08000138   0x00000000   Code   RO         1279    .ARM.Collect$$$$0000000A  mc_w.l(entry8b.o)
    0x08000138   0x08000138   0x00000008   Code   RO         1280    .ARM.Collect$$$$0000000B  mc_w.l(entry9a.o)
    0x08000140   0x08000140   0x00000000   Code   RO         1282    .ARM.Collect$$$$0000000D  mc_w.l(entry10a.o)
    0x08000140   0x08000140   0x00000000   Code   RO         1284    .ARM.Collect$$$$0000000F  mc_w.l(entry11a.o)
    0x08000140   0x08000140   0x00000004   Code   RO         1273    .ARM.Collect$$$$00002712  mc_w.l(entry2.o)
    0x08000144   0x08000144   0x00000024   Code   RO            4    .text               startup_stm32f103xe.o
    0x08000168   0x08000168   0x00000098   Code   RO           13    .text               main.o
    0x08000200   0x08000200   0x00000060   Code   RO          162    .text               gpio.o
    0x08000260   0x08000260   0x000000bc   Code   RO          186    .text               spi.o
    0x0800031c   0x0800031c   0x000000d8   Code   RO          216    .text               usart.o
    0x080003f4   0x080003f4   0x00000030   Code   RO          246    .text               stm32f1xx_it.o
    0x08000424   0x08000424   0x0000003c   Code   RO          273    .text               stm32f1xx_hal_msp.o
    0x08000460   0x08000460   0x0000084c   Code   RO          354    .text               epd_2in7_v2_test.o
    0x08000cac   0x08000cac   0x00000664   Code   RO          384    .text               epd_2in7_v2.o
    0x08001310   0x08001310   0x00000068   Code   RO          411    .text               dev_config.o
    0x08001378   0x08001378   0x00000fb4   Code   RO          436    .text               gui_paint.o
    0x0800232c   0x0800232c   0x000000c4   Code   RO          573    .text               system_stm32f1xx.o
    0x080023f0   0x080023f0   0x000015e8   Code   RO          629    .text               stm32f1xx_hal_spi.o
    0x080039d8   0x080039d8   0x00000188   Code   RO          653    .text               stm32f1xx_hal.o
    0x08003b60   0x08003b60   0x000008c8   Code   RO          683    .text               stm32f1xx_hal_rcc.o
    0x08004428   0x08004428   0x000003d4   Code   RO          731    .text               stm32f1xx_hal_gpio.o
    0x080047fc   0x080047fc   0x00000c48   Code   RO          755    .text               stm32f1xx_hal_dma.o
    0x08005444   0x08005444   0x00000224   Code   RO          779    .text               stm32f1xx_hal_cortex.o
    0x08005668   0x08005668   0x00000f9c   Code   RO          943    .text               stm32f1xx_hal_uart.o
    0x08006604   0x08006604   0x00000020   Code   RO          967    .text               mc_w.l(llushr.o)
    0x08006624   0x08006624   0x00000024   Code   RO          969    .text               mc_w.l(memseta.o)
    0x08006648   0x08006648   0x00000064   Code   RO         1260    .text               mf_w.l(fmul.o)
    0x080066ac   0x080066ac   0x0000014e   Code   RO         1262    .text               mf_w.l(dadd.o)
    0x080067fa   0x080067fa   0x00000022   Code   RO         1264    .text               mf_w.l(dflti.o)
    0x0800681c   0x0800681c   0x00000032   Code   RO         1266    .text               mf_w.l(ffixi.o)
    0x0800684e   0x0800684e   0x0000003e   Code   RO         1268    .text               mf_w.l(dfixi.o)
    0x0800688c   0x0800688c   0x00000038   Code   RO         1270    .text               mf_w.l(d2f.o)
    0x080068c4   0x080068c4   0x0000002c   Code   RO         1287    .text               mc_w.l(uidiv.o)
    0x080068f0   0x080068f0   0x0000001e   Code   RO         1291    .text               mc_w.l(llshl.o)
    0x0800690e   0x0800690e   0x00000024   Code   RO         1293    .text               mc_w.l(llsshr.o)
    0x08006932   0x08006932   0x00000000   Code   RO         1301    .text               mc_w.l(iusefp.o)
    0x08006932   0x08006932   0x0000006e   Code   RO         1302    .text               mf_w.l(fepilogue.o)
    0x080069a0   0x080069a0   0x000000ba   Code   RO         1304    .text               mf_w.l(depilogue.o)
    0x08006a5a   0x08006a5a   0x00000002   PAD
    0x08006a5c   0x08006a5c   0x00000024   Code   RO         1314    .text               mc_w.l(init.o)
    0x08006a80   0x08006a80   0x00000020   Code   RO         1060    i.__0printf$3       mc_w.l(printf3.o)
    0x08006aa0   0x08006aa0   0x0000000e   Code   RO         1318    i.__scatterload_copy  mc_w.l(handlers.o)
    0x08006aae   0x08006aae   0x00000002   Code   RO         1319    i.__scatterload_null  mc_w.l(handlers.o)
    0x08006ab0   0x08006ab0   0x0000000e   Code   RO         1320    i.__scatterload_zeroinit  mc_w.l(handlers.o)
    0x08006abe   0x08006abe   0x00000002   PAD
    0x08006ac0   0x08006ac0   0x000001b8   Code   RO         1067    i._printf_core      mc_w.l(printf3.o)
    0x08006c78   0x08006c78   0x00000050   Code   RO         1232    i.free              mc_w.l(malloc.o)
    0x08006cc8   0x08006cc8   0x0000006c   Code   RO         1233    i.malloc            mc_w.l(malloc.o)
    0x08006d34   0x08006d34   0x000016b0   Data   RO          301    .constdata          imagedata.o
    0x080083e4   0x080083e4   0x00002d60   Data   RO          306    .constdata          imagedata.o
    0x0800b144   0x0800b144   0x00000474   Data   RO          486    .constdata          font12.o
    0x0800b5b8   0x0800b5b8   0x000005d6   Data   RO          500    .constdata          font12cn.o
    0x0800bb8e   0x0800bb8e   0x00000be0   Data   RO          514    .constdata          font16.o
    0x0800c76e   0x0800c76e   0x00000ed8   Data   RO          528    .constdata          font20.o
    0x0800d646   0x0800d646   0x00001182   Data   RO          556    .constdata          font24cn.o
    0x0800e7c8   0x0800e7c8   0x00000010   Data   RO          574    .constdata          system_stm32f1xx.o
    0x0800e7d8   0x0800e7d8   0x00000008   Data   RO          575    .constdata          system_stm32f1xx.o
    0x0800e7e0   0x0800e7e0   0x000000e9   Data   RO          438    .conststring        gui_paint.o
    0x0800e8c9   0x0800e8c9   0x00000003   PAD
    0x0800e8cc   0x0800e8cc   0x00000020   Data   RO         1316    Region$$Table       anon$$obj.o


    Execution Region RW_IRAM1 (Exec base: 0x20000000, Load base: 0x0800e8ec, Size: 0x0000d1a0, Max: 0x00010000, ABSOLUTE)

    Exec Addr    Load Addr    Size         Type   Attr      Idx    E Section Name        Object

    0x20000000   0x0800e8ec   0x0000009f   Data   RW          385    .data               epd_2in7_v2.o
    0x2000009f   0x0800e98b   0x00000001   PAD
    0x200000a0   0x0800e98c   0x00000008   Data   RW          487    .data               font12.o
    0x200000a8   0x0800e994   0x0000000c   Data   RW          501    .data               font12cn.o
    0x200000b4   0x0800e9a0   0x00000008   Data   RW          515    .data               font16.o
    0x200000bc   0x0800e9a8   0x00000008   Data   RW          529    .data               font20.o
    0x200000c4   0x0800e9b0   0x0000000c   Data   RW          557    .data               font24cn.o
    0x200000d0   0x0800e9bc   0x00000004   Data   RW          576    .data               system_stm32f1xx.o
    0x200000d4   0x0800e9c0   0x0000000c   Data   RW          654    .data               stm32f1xx_hal.o
    0x200000e0   0x0800e9cc   0x00000004   Data   RW         1286    .data               mc_w.l(stdout.o)
    0x200000e4   0x0800e9d0   0x00000004   Data   RW         1299    .data               mc_w.l(mvars.o)
    0x200000e8   0x0800e9d4   0x00000004   Data   RW         1300    .data               mc_w.l(mvars.o)
    0x200000ec        -       0x00000058   Zero   RW          187    .bss                spi.o
    0x20000144        -       0x00000040   Zero   RW          217    .bss                usart.o
    0x20000184        -       0x00000018   Zero   RW          437    .bss                gui_paint.o
    0x2000019c   0x0800e9d8   0x00000004   PAD
    0x200001a0        -       0x0000c000   Zero   RW            2    HEAP                startup_stm32f103xe.o
    0x2000c1a0        -       0x00001000   Zero   RW            1    STACK               startup_stm32f103xe.o


==============================================================================

Image component sizes


      Code (inc. data)   RO Data    RW Data    ZI Data      Debug   Object Name

       104         10          0          0          0        792   dev_config.o
      1636         70          0        159          0       6179   epd_2in7_v2.o
      2124        554          0          0          0       1899   epd_2in7_v2_test.o
         0          0       1140          8          0       1389   font12.o
         0          0       1494         12          0       1391   font12cn.o
         0          0       3040          8          0       1389   font16.o
         0          0       3800          8          0       1389   font20.o
         0          0       4482         12          0       1391   font24cn.o
        96         10          0          0          0        827   gpio.o
      4020        670        233          0         24      15754   gui_paint.o
         0          0      17424          0          0       3193   imagedata.o
       152         20          0          0          0     463520   main.o
       188         18          0          0         88       1473   spi.o
        36          8        304          0      53248        804   startup_stm32f103xe.o
       392         38          0         12          0       7697   stm32f1xx_hal.o
       548         12          0          0          0      30706   stm32f1xx_hal_cortex.o
      3144        164          0          0          0       7133   stm32f1xx_hal_dma.o
       980         30          0          0          0       4415   stm32f1xx_hal_gpio.o
        60          8          0          0          0        854   stm32f1xx_hal_msp.o
      2248         88          0          0          0       6583   stm32f1xx_hal_rcc.o
      5608        106          0          0          0      19649   stm32f1xx_hal_spi.o
      3996         46          0          0          0      17460   stm32f1xx_hal_uart.o
        48         22          0          0          0       1258   stm32f1xx_it.o
       196         28         24          4          0       1553   system_stm32f1xx.o
       216         18          0          0         64       1777   usart.o

    ----------------------------------------------------------------------
     25792       1920      31976        224      53428     600475   Object Totals
         0          0         32          0          0          0   (incl. Generated)
         0          0          3          1          4          0   (incl. Padding)

    ----------------------------------------------------------------------

      Code (inc. data)   RO Data    RW Data    ZI Data      Debug   Library Member Name

         0          0          0          0          0          0   entry.o
         0          0          0          0          0          0   entry10a.o
         0          0          0          0          0          0   entry11a.o
         8          4          0          0          0          0   entry2.o
         4          0          0          0          0          0   entry5.o
         0          0          0          0          0          0   entry7b.o
         0          0          0          0          0          0   entry8b.o
         8          4          0          0          0          0   entry9a.o
        30          0          0          0          0          0   handlers.o
        36          8          0          0          0         68   init.o
         0          0          0          0          0          0   iusefp.o
        30          0          0          0          0         68   llshl.o
        36          0          0          0          0         68   llsshr.o
        32          0          0          0          0         68   llushr.o
       188         20          0          0          0        160   malloc.o
        36          0          0          0          0        108   memseta.o
         0          0          0          8          0          0   mvars.o
       472         14          0          0          0        184   printf3.o
         0          0          0          4          0          0   stdout.o
        44          0          0          0          0         80   uidiv.o
        56          0          0          0          0         88   d2f.o
       334          0          0          0          0        148   dadd.o
       186          0          0          0          0        176   depilogue.o
        62          0          0          0          0         80   dfixi.o
        34          0          0          0          0         76   dflti.o
       110          0          0          0          0        168   fepilogue.o
        50          0          0          0          0         68   ffixi.o
       100          0          0          0          0         76   fmul.o

    ----------------------------------------------------------------------
      1860         50          0         12          0       1684   Library Totals
         4          0          0          0          0          0   (incl. Padding)

    ----------------------------------------------------------------------

      Code (inc. data)   RO Data    RW Data    ZI Data      Debug   Library Name

       924         50          0         12          0        804   mc_w.l
       932          0          0          0          0        880   mf_w.l

    ----------------------------------------------------------------------
      1860         50          0         12          0       1684   Library Totals

    ----------------------------------------------------------------------

==============================================================================


      Code (inc. data)   RO Data    RW Data    ZI Data      Debug   

     27652       1970      31976        236      53428     599815   Grand Totals
     27652       1970      31976        236      53428     599815   ELF Image Totals
     27652       1970      31976        236          0          0   ROM Totals

==============================================================================

    Total RO  Size (Code + RO Data)                59628 (  58.23kB)
    Total RW  Size (RW Data + ZI Data)             53664 (  52.41kB)
    Total ROM Size (Code + RO Data + RW Data)      59864 (  58.46kB)

==============================================================================

