Component: ARM Compiler 5.06 update 6 (build 750) Tool: armlink [4d35ed]

==============================================================================

Section Cross References

    startup_stm32f103xe.o(RESET) refers to startup_stm32f103xe.o(STACK) for __initial_sp
    startup_stm32f103xe.o(RESET) refers to startup_stm32f103xe.o(.text) for Reset_Handler
    startup_stm32f103xe.o(RESET) refers to stm32f1xx_it.o(.text) for NMI_Handler
    startup_stm32f103xe.o(.text) refers to system_stm32f1xx.o(.text) for SystemInit
    startup_stm32f103xe.o(.text) refers to entry.o(.ARM.Collect$$$$00000000) for __main
    main.o(.text) refers to printf3.o(i.__0printf$3) for __2printf
    main.o(.text) refers to memseta.o(.text) for __aeabi_memclr4
    main.o(.text) refers to stm32f1xx_hal_rcc.o(.text) for HAL_RCC_OscConfig
    main.o(.text) refers to stm32f1xx_hal.o(.text) for HAL_Init
    main.o(.text) refers to gpio.o(.text) for MX_GPIO_Init
    main.o(.text) refers to usart.o(.text) for MX_USART1_UART_Init
    main.o(.text) refers to spi.o(.text) for MX_SPI1_Init
    main.o(.text) refers to epd_2in7_test.o(.text) for EPD_2in7_test
    gpio.o(.text) refers to stm32f1xx_hal_gpio.o(.text) for HAL_GPIO_WritePin
    spi.o(.text) refers to stm32f1xx_hal_spi.o(.text) for HAL_SPI_Init
    spi.o(.text) refers to main.o(.text) for Error_Handler
    spi.o(.text) refers to stm32f1xx_hal_gpio.o(.text) for HAL_GPIO_Init
    spi.o(.text) refers to spi.o(.bss) for .bss
    usart.o(.text) refers to stm32f1xx_hal_uart.o(.text) for HAL_UART_Init
    usart.o(.text) refers to main.o(.text) for Error_Handler
    usart.o(.text) refers to stm32f1xx_hal_gpio.o(.text) for HAL_GPIO_Init
    usart.o(.text) refers to usart.o(.bss) for .bss
    stm32f1xx_it.o(.text) refers to printf3.o(i.__0printf$3) for __2printf
    stm32f1xx_it.o(.text) refers to stm32f1xx_hal.o(.text) for HAL_IncTick
    epd_1in02_test.o(.text) refers to printf3.o(i.__0printf$3) for __2printf
    epd_1in02_test.o(.text) refers to dev_config.o(.text) for DEV_Module_Init
    epd_1in02_test.o(.text) refers to epd_1in02d.o(.text) for EPD_1IN02_Init
    epd_1in02_test.o(.text) refers to stm32f1xx_hal.o(.text) for HAL_Delay
    epd_1in02_test.o(.text) refers to malloc.o(i.malloc) for malloc
    epd_1in02_test.o(.text) refers to gui_paint.o(.text) for Paint_NewImage
    epd_1in02_test.o(.text) refers to memcpya.o(.text) for __aeabi_memcpy
    epd_1in02_test.o(.text) refers to malloc.o(i.free) for free
    epd_1in02_test.o(.text) refers to font16.o(.data) for Font16
    epd_1in02_test.o(.text) refers to font12.o(.data) for Font12
    epd_1in02_test.o(.text) refers to font12cn.o(.data) for Font12CN
    epd_1in02_test.o(.text) refers to font24cn.o(.data) for Font24CN
    epd_1in02_test.o(.text) refers to font20.o(.data) for Font20
    epd_1in54_test.o(.text) refers to printf3.o(i.__0printf$3) for __2printf
    epd_1in54_test.o(.text) refers to dev_config.o(.text) for DEV_Module_Init
    epd_1in54_test.o(.text) refers to epd_1in54.o(.text) for EPD_1IN54_Init
    epd_1in54_test.o(.text) refers to stm32f1xx_hal.o(.text) for HAL_Delay
    epd_1in54_test.o(.text) refers to malloc.o(i.malloc) for malloc
    epd_1in54_test.o(.text) refers to gui_paint.o(.text) for Paint_NewImage
    epd_1in54_test.o(.text) refers to malloc.o(i.free) for free
    epd_1in54_test.o(.text) refers to imagedata.o(.constdata) for gImage_1in54
    epd_1in54_test.o(.text) refers to font20.o(.data) for Font20
    epd_1in54_test.o(.text) refers to font12cn.o(.data) for Font12CN
    epd_1in54_test.o(.text) refers to font24cn.o(.data) for Font24CN
    epd_1in54_v2_test.o(.text) refers to printf3.o(i.__0printf$3) for __2printf
    epd_1in54_v2_test.o(.text) refers to dev_config.o(.text) for DEV_Module_Init
    epd_1in54_v2_test.o(.text) refers to epd_1in54_v2.o(.text) for EPD_1IN54_V2_Init
    epd_1in54_v2_test.o(.text) refers to stm32f1xx_hal.o(.text) for HAL_Delay
    epd_1in54_v2_test.o(.text) refers to malloc.o(i.malloc) for malloc
    epd_1in54_v2_test.o(.text) refers to gui_paint.o(.text) for Paint_NewImage
    epd_1in54_v2_test.o(.text) refers to malloc.o(i.free) for free
    epd_1in54_v2_test.o(.text) refers to imagedata.o(.constdata) for gImage_1in54
    epd_1in54b_test.o(.text) refers to printf3.o(i.__0printf$3) for __2printf
    epd_1in54b_test.o(.text) refers to dev_config.o(.text) for DEV_Module_Init
    epd_1in54b_test.o(.text) refers to epd_1in54b.o(.text) for EPD_1IN54B_Init
    epd_1in54b_test.o(.text) refers to stm32f1xx_hal.o(.text) for HAL_Delay
    epd_1in54b_test.o(.text) refers to malloc.o(i.malloc) for malloc
    epd_1in54b_test.o(.text) refers to gui_paint.o(.text) for Paint_NewImage
    epd_1in54b_test.o(.text) refers to malloc.o(i.free) for free
    epd_1in54b_test.o(.text) refers to font16.o(.data) for Font16
    epd_1in54b_test.o(.text) refers to font24cn.o(.data) for Font24CN
    epd_1in54b_test.o(.text) refers to font20.o(.data) for Font20
[...]
    Removing epd_2in66b.o(.revsh_text), (4 bytes).
    Removing epd_2in66b.o(.rrx_text), (6 bytes).
    Removing epd_2in66b.o(.text), (608 bytes).
    Removing epd_3in7.o(.rev16_text), (4 bytes).
    Removing epd_3in7.o(.revsh_text), (4 bytes).
    Removing epd_3in7.o(.rrx_text), (6 bytes).
    Removing epd_3in7.o(.text), (1928 bytes).
    Removing epd_3in7.o(.constdata), (420 bytes).
    Removing epd_4in01f.o(.rev16_text), (4 bytes).
    Removing epd_4in01f.o(.revsh_text), (4 bytes).
    Removing epd_4in01f.o(.rrx_text), (6 bytes).
    Removing epd_4in01f.o(.text), (792 bytes).
    Removing epd_4in2.o(.rev16_text), (4 bytes).
    Removing epd_4in2.o(.revsh_text), (4 bytes).
    Removing epd_4in2.o(.rrx_text), (6 bytes).
    Removing epd_4in2.o(.text), (1796 bytes).
    Removing epd_4in2.o(.constdata), (634 bytes).
    Removing epd_4in2bc.o(.rev16_text), (4 bytes).
    Removing epd_4in2bc.o(.revsh_text), (4 bytes).
    Removing epd_4in2bc.o(.rrx_text), (6 bytes).
    Removing epd_4in2bc.o(.text), (528 bytes).
    Removing epd_4in2b_v2.o(.rev16_text), (4 bytes).
    Removing epd_4in2b_v2.o(.revsh_text), (4 bytes).
    Removing epd_4in2b_v2.o(.rrx_text), (6 bytes).
    Removing epd_4in2b_v2.o(.text), (524 bytes).
    Removing epd_5in65f.o(.rev16_text), (4 bytes).
    Removing epd_5in65f.o(.revsh_text), (4 bytes).
    Removing epd_5in65f.o(.rrx_text), (6 bytes).
    Removing epd_5in65f.o(.text), (840 bytes).
    Removing epd_5in83.o(.rev16_text), (4 bytes).
    Removing epd_5in83.o(.revsh_text), (4 bytes).
    Removing epd_5in83.o(.rrx_text), (6 bytes).
    Removing epd_5in83.o(.text), (640 bytes).
    Removing epd_5in83_v2.o(.rev16_text), (4 bytes).
    Removing epd_5in83_v2.o(.revsh_text), (4 bytes).
    Removing epd_5in83_v2.o(.rrx_text), (6 bytes).
    Removing epd_5in83_v2.o(.text), (600 bytes).
    Removing epd_5in83bc.o(.rev16_text), (4 bytes).
    Removing epd_5in83bc.o(.revsh_text), (4 bytes).
    Removing epd_5in83bc.o(.rrx_text), (6 bytes).
    Removing epd_5in83bc.o(.text), (844 bytes).
    Removing epd_5in83b_v2.o(.rev16_text), (4 bytes).
    Removing epd_5in83b_v2.o(.revsh_text), (4 bytes).
    Removing epd_5in83b_v2.o(.rrx_text), (6 bytes).
    Removing epd_5in83b_v2.o(.text), (1180 bytes).
    Removing epd_7in5.o(.rev16_text), (4 bytes).
    Removing epd_7in5.o(.revsh_text), (4 bytes).
    Removing epd_7in5.o(.rrx_text), (6 bytes).
    Removing epd_7in5.o(.text), (640 bytes).
    Removing epd_7in5_v2.o(.rev16_text), (4 bytes).
    Removing epd_7in5_v2.o(.revsh_text), (4 bytes).
    Removing epd_7in5_v2.o(.rrx_text), (6 bytes).
    Removing epd_7in5_v2.o(.text), (684 bytes).
    Removing epd_7in5_hd.o(.rev16_text), (4 bytes).
    Removing epd_7in5_hd.o(.revsh_text), (4 bytes).
    Removing epd_7in5_hd.o(.rrx_text), (6 bytes).
    Removing epd_7in5_hd.o(.text), (1060 bytes).
    Removing epd_7in5bc.o(.rev16_text), (4 bytes).
    Removing epd_7in5bc.o(.revsh_text), (4 bytes).
    Removing epd_7in5bc.o(.rrx_text), (6 bytes).
    Removing epd_7in5bc.o(.text), (860 bytes).
    Removing epd_7in5b_v2.o(.rev16_text), (4 bytes).
    Removing epd_7in5b_v2.o(.revsh_text), (4 bytes).
    Removing epd_7in5b_v2.o(.rrx_text), (6 bytes).
    Removing epd_7in5b_v2.o(.text), (880 bytes).
    Removing epd_7in5b_hd.o(.rev16_text), (4 bytes).
    Removing epd_7in5b_hd.o(.revsh_text), (4 bytes).
    Removing epd_7in5b_hd.o(.rrx_text), (6 bytes).
    Removing epd_7in5b_hd.o(.text), (1352 bytes).
    Removing dev_config.o(.rev16_text), (4 bytes).
    Removing dev_config.o(.revsh_text), (4 bytes).
    Removing dev_config.o(.rrx_text), (6 bytes).
    Removing gui_paint.o(.rev16_text), (4 bytes).
    Removing gui_paint.o(.revsh_text), (4 bytes).
    Removing gui_paint.o(.rrx_text), (6 bytes).
    Removing font8.o(.constdata), (760 bytes).
    Removing font8.o(.data), (8 bytes).
    Removing font20.o(.constdata), (3800 bytes).
    Removing font20.o(.data), (8 bytes).
    Removing font24.o(.constdata), (6840 bytes).
    Removing font24.o(.data), (8 bytes).
    Removing system_stm32f1xx.o(.rev16_text), (4 bytes).
    Removing system_stm32f1xx.o(.revsh_text), (4 bytes).
    Removing system_stm32f1xx.o(.rrx_text), (6 bytes).
    Removing stm32f1xx_hal_gpio_ex.o(.rev16_text), (4 bytes).
    Removing stm32f1xx_hal_gpio_ex.o(.revsh_text), (4 bytes).
    Removing stm32f1xx_hal_gpio_ex.o(.rrx_text), (6 bytes).
    Removing stm32f1xx_hal_gpio_ex.o(.text), (44 bytes).
    Removing stm32f1xx_hal_spi.o(.rev16_text), (4 bytes).
    Removing stm32f1xx_hal_spi.o(.revsh_text), (4 bytes).
    Removing stm32f1xx_hal_spi.o(.rrx_text), (6 bytes).
    Removing stm32f1xx_hal.o(.rev16_text), (4 bytes).
    Removing stm32f1xx_hal.o(.revsh_text), (4 bytes).
    Removing stm32f1xx_hal.o(.rrx_text), (6 bytes).
    Removing stm32f1xx_hal_rcc.o(.rev16_text), (4 bytes).
    Removing stm32f1xx_hal_rcc.o(.revsh_text), (4 bytes).
    Removing stm32f1xx_hal_rcc.o(.rrx_text), (6 bytes).
    Removing stm32f1xx_hal_rcc_ex.o(.rev16_text), (4 bytes).
    Removing stm32f1xx_hal_rcc_ex.o(.revsh_text), (4 bytes).
    Removing stm32f1xx_hal_rcc_ex.o(.rrx_text), (6 bytes).
    Removing stm32f1xx_hal_rcc_ex.o(.text), (628 bytes).
    Removing stm32f1xx_hal_gpio.o(.rev16_text), (4 bytes).
    Removing stm32f1xx_hal_gpio.o(.revsh_text), (4 bytes).
    Removing stm32f1xx_hal_gpio.o(.rrx_text), (6 bytes).
    Removing stm32f1xx_hal_dma.o(.rev16_text), (4 bytes).
    Removing stm32f1xx_hal_dma.o(.revsh_text), (4 bytes).
    Removing stm32f1xx_hal_dma.o(.rrx_text), (6 bytes).
    Removing stm32f1xx_hal_cortex.o(.rev16_text), (4 bytes).
    Removing stm32f1xx_hal_cortex.o(.revsh_text), (4 bytes).
    Removing stm32f1xx_hal_cortex.o(.rrx_text), (6 bytes).
    Removing stm32f1xx_hal_pwr.o(.rev16_text), (4 bytes).
    Removing stm32f1xx_hal_pwr.o(.revsh_text), (4 bytes).
    Removing stm32f1xx_hal_pwr.o(.rrx_text), (6 bytes).
    Removing stm32f1xx_hal_pwr.o(.text), (460 bytes).
    Removing stm32f1xx_hal_flash.o(.rev16_text), (4 bytes).
    Removing stm32f1xx_hal_flash.o(.revsh_text), (4 bytes).
    Removing stm32f1xx_hal_flash.o(.rrx_text), (6 bytes).
    Removing stm32f1xx_hal_flash.o(.text), (832 bytes).
    Removing stm32f1xx_hal_flash.o(.bss), (32 bytes).
    Removing stm32f1xx_hal_flash_ex.o(.rev16_text), (4 bytes).
    Removing stm32f1xx_hal_flash_ex.o(.revsh_text), (4 bytes).
    Removing stm32f1xx_hal_flash_ex.o(.rrx_text), (6 bytes).
    Removing stm32f1xx_hal_flash_ex.o(.text), (1164 bytes).
    Removing stm32f1xx_hal_exti.o(.rev16_text), (4 bytes).
    Removing stm32f1xx_hal_exti.o(.revsh_text), (4 bytes).
    Removing stm32f1xx_hal_exti.o(.rrx_text), (6 bytes).
    Removing stm32f1xx_hal_exti.o(.text), (652 bytes).
    Removing stm32f1xx_hal_tim.o(.rev16_text), (4 bytes).
    Removing stm32f1xx_hal_tim.o(.revsh_text), (4 bytes).
    Removing stm32f1xx_hal_tim.o(.rrx_text), (6 bytes).
    Removing stm32f1xx_hal_tim_ex.o(.rev16_text), (4 bytes).
    Removing stm32f1xx_hal_tim_ex.o(.revsh_text), (4 bytes).
    Removing stm32f1xx_hal_tim_ex.o(.rrx_text), (6 bytes).
    Removing stm32f1xx_hal_uart.o(.rev16_text), (4 bytes).
    Removing stm32f1xx_hal_uart.o(.revsh_text), (4 bytes).
    Removing stm32f1xx_hal_uart.o(.rrx_text), (6 bytes).
    Removing dadd.o(.text), (334 bytes).
    Removing dmul.o(.text), (228 bytes).
    Removing ddiv.o(.text), (222 bytes).
    Removing dfixul.o(.text), (48 bytes).
    Removing cdrcmple.o(.text), (48 bytes).
    Removing depilogue.o(.text), (186 bytes).

440 unused section(s) (total 885185 bytes) removed from the image.

==============================================================================

Image Symbol Table

    Local Symbols

    Symbol Name                              Value     Ov Type        Size  Object(Section)

    ../Drivers/STM32F1xx_HAL_Driver/Src/stm32f1xx_hal.c 0x00000000   Number         0  stm32f1xx_hal.o ABSOLUTE
    ../Drivers/STM32F1xx_HAL_Driver/Src/stm32f1xx_hal_cortex.c 0x00000000   Number         0  stm32f1xx_hal_cortex.o ABSOLUTE
    ../Drivers/STM32F1xx_HAL_Driver/Src/stm32f1xx_hal_dma.c 0x00000000   Number         0  stm32f1xx_hal_dma.o ABSOLUTE
    ../Drivers/STM32F1xx_HAL_Driver/Src/stm32f1xx_hal_exti.c 0x00000000   Number         0  stm32f1xx_hal_exti.o ABSOLUTE
    ../Drivers/STM32F1xx_HAL_Driver/Src/stm32f1xx_hal_flash.c 0x00000000   Number         0  stm32f1xx_hal_flash.o ABSOLUTE
    ../Drivers/STM32F1xx_HAL_Driver/Src/stm32f1xx_hal_flash_ex.c 0x00000000   Number         0  stm32f1xx_hal_flash_ex.o ABSOLUTE
    ../Drivers/STM32F1xx_HAL_Driver/Src/stm32f1xx_hal_gpio.c 0x00000000   Number         0  stm32f1xx_hal_gpio.o ABSOLUTE
    ../Drivers/STM32F1xx_HAL_Driver/Src/stm32f1xx_hal_gpio_ex.c 0x00000000   Number         0  stm32f1xx_hal_gpio_ex.o ABSOLUTE
    ../Drivers/STM32F1xx_HAL_Driver/Src/stm32f1xx_hal_pwr.c 0x00000000   Number         0  stm32f1xx_hal_pwr.o ABSOLUTE
    ../Drivers/STM32F1xx_HAL_Driver/Src/stm32f1xx_hal_rcc.c 0x00000000   Number         0  stm32f1xx_hal_rcc.o ABSOLUTE
    ../Drivers/STM32F1xx_HAL_Driver/Src/stm32f1xx_hal_rcc_ex.c 0x00000000   Number         0  stm32f1xx_hal_rcc_ex.o ABSOLUTE
    ../Drivers/STM32F1xx_HAL_Driver/Src/stm32f1xx_hal_spi.c 0x00000000   Number         0  stm32f1xx_hal_spi.o ABSOLUTE
    ../Drivers/STM32F1xx_HAL_Driver/Src/stm32f1xx_hal_tim.c 0x00000000   Number         0  stm32f1xx_hal_tim.o ABSOLUTE
    ../Drivers/STM32F1xx_HAL_Driver/Src/stm32f1xx_hal_tim_ex.c 0x00000000   Number         0  stm32f1xx_hal_tim_ex.o ABSOLUTE
    ../Drivers/STM32F1xx_HAL_Driver/Src/stm32f1xx_hal_uart.c 0x00000000   Number         0  stm32f1xx_hal_uart.o ABSOLUTE
    ../Src/gpio.c                            0x00000000   Number         0  gpio.o ABSOLUTE
    ../Src/main.c                            0x00000000   Number         0  main.o ABSOLUTE
    ../Src/spi.c                             0x00000000   Number         0  spi.o ABSOLUTE
    ../Src/stm32f1xx_hal_msp.c               0x00000000   Number         0  stm32f1xx_hal_msp.o ABSOLUTE
    ../Src/stm32f1xx_it.c                    0x00000000   Number         0  stm32f1xx_it.o ABSOLUTE
    ../Src/system_stm32f1xx.c                0x00000000   Number         0  system_stm32f1xx.o ABSOLUTE
    ../Src/usart.c                           0x00000000   Number         0  usart.o ABSOLUTE
    ../clib/microlib/division.c              0x00000000   Number         0  uldiv.o ABSOLUTE
    ../clib/microlib/division.c              0x00000000   Number         0  uidiv.o ABSOLUTE
    ../clib/microlib/init/entry.s            0x00000000   Number         0  entry8b.o ABSOLUTE
    ../clib/microlib/init/entry.s            0x00000000   Number         0  entry8a.o ABSOLUTE
    ../clib/microlib/init/entry.s            0x00000000   Number         0  entry.o ABSOLUTE
    ../clib/microlib/init/entry.s            0x00000000   Number         0  entry7b.o ABSOLUTE
    ../clib/microlib/init/entry.s            0x00000000   Number         0  entry2.o ABSOLUTE
    ../clib/microlib/init/entry.s            0x00000000   Number         0  entry5.o ABSOLUTE
    ../clib/microlib/init/entry.s            0x00000000   Number         0  entry11b.o ABSOLUTE
    ../clib/microlib/init/entry.s            0x00000000   Number         0  entry10a.o ABSOLUTE
    ../clib/microlib/init/entry.s            0x00000000   Number         0  entry7a.o ABSOLUTE
    ../clib/microlib/init/entry.s            0x00000000   Number         0  entry10b.o ABSOLUTE
    ../clib/microlib/init/entry.s            0x00000000   Number         0  entry11a.o ABSOLUTE
    ../clib/microlib/init/entry.s            0x00000000   Number         0  entry9b.o ABSOLUTE
    ../clib/microlib/init/entry.s            0x00000000   Number         0  entry9a.o ABSOLUTE
    ../clib/microlib/longlong.c              0x00000000   Number         0  llushr.o ABSOLUTE
    ../clib/microlib/longlong.c              0x00000000   Number         0  llsshr.o ABSOLUTE
    ../clib/microlib/longlong.c              0x00000000   Number         0  llshl.o ABSOLUTE
    ../clib/microlib/malloc/malloc.c         0x00000000   Number         0  mallocr.o ABSOLUTE
    ../clib/microlib/malloc/malloc.c         0x00000000   Number         0  malloc.o ABSOLUTE
    ../clib/microlib/malloc/malloc.c         0x00000000   Number         0  mallocra.o ABSOLUTE
    ../clib/microlib/malloc/malloc.c         0x00000000   Number         0  malloca.o ABSOLUTE
    ../clib/microlib/malloc/mvars.c          0x00000000   Number         0  mvars.o ABSOLUTE
    ../clib/microlib/printf/printf.c         0x00000000   Number         0  printf7.o ABSOLUTE
    ../clib/microlib/printf/printf.c         0x00000000   Number         0  printf0.o ABSOLUTE
    ../clib/microlib/printf/printf.c         0x00000000   Number         0  printf4.o ABSOLUTE
    ../clib/microlib/printf/printf.c         0x00000000   Number         0  printfa.o ABSOLUTE
    ../clib/microlib/printf/printf.c         0x00000000   Number         0  printf5.o ABSOLUTE
    ../clib/microlib/printf/printf.c         0x00000000   Number         0  printf8.o ABSOLUTE
    ../clib/microlib/printf/printf.c         0x00000000   Number         0  printf6.o ABSOLUTE
    ../clib/microlib/printf/printf.c         0x00000000   Number         0  printf1.o ABSOLUTE
    ../clib/microlib/printf/printf.c         0x00000000   Number         0  printf2.o ABSOLUTE
    ../clib/microlib/printf/printf.c         0x00000000   Number         0  printf3.o ABSOLUTE
    ../clib/microlib/printf/printf.c         0x00000000   Number         0  printfb.o ABSOLUTE
    ../clib/microlib/printf/stubs.s          0x00000000   Number         0  stubs.o ABSOLUTE
    ../clib/microlib/stdio/streams.c         0x00000000   Number         0  stdout.o ABSOLUTE
    ../clib/microlib/string/memcpy.c         0x00000000   Number         0  memcpya.o ABSOLUTE
    ../clib/microlib/string/memcpy.c         0x00000000   Number         0  memcpyb.o ABSOLUTE
    ../clib/microlib/string/memset.c         0x00000000   Number         0  memseta.o ABSOLUTE
    ../clib/microlib/stubs.s                 0x00000000   Number         0  iusefp.o ABSOLUTE
    ../fplib/microlib/fpadd.c                0x00000000   Number         0  dadd.o ABSOLUTE
    ../fplib/microlib/fpdiv.c                0x00000000   Number         0  ddiv.o ABSOLUTE
    ../fplib/microlib/fpepilogue.c           0x00000000   Number         0  depilogue.o ABSOLUTE
    ../fplib/microlib/fpfix.c                0x00000000   Number         0  dfixul.o ABSOLUTE
    ../fplib/microlib/fpmul.c                0x00000000   Number         0  dmul.o ABSOLUTE
    ..\Drivers\STM32F1xx_HAL_Driver\Src\stm32f1xx_hal.c 0x00000000   Number         0  stm32f1xx_hal.o ABSOLUTE
    ..\Drivers\STM32F1xx_HAL_Driver\Src\stm32f1xx_hal_cortex.c 0x00000000   Number         0  stm32f1xx_hal_cortex.o ABSOLUTE
    ..\Drivers\STM32F1xx_HAL_Driver\Src\stm32f1xx_hal_dma.c 0x00000000   Number         0  stm32f1xx_hal_dma.o ABSOLUTE
    ..\Drivers\STM32F1xx_HAL_Driver\Src\stm32f1xx_hal_exti.c 0x00000000   Number         0  stm32f1xx_hal_exti.o ABSOLUTE
    ..\Drivers\STM32F1xx_HAL_Driver\Src\stm32f1xx_hal_flash.c 0x00000000   Number         0  stm32f1xx_hal_flash.o ABSOLUTE
    ..\Drivers\STM32F1xx_HAL_Driver\Src\stm32f1xx_hal_flash_ex.c 0x00000000   Number         0  stm32f1xx_hal_flash_ex.o ABSOLUTE
    ..\Drivers\STM32F1xx_HAL_Driver\Src\stm32f1xx_hal_gpio.c 0x00000000   Number         0  stm32f1xx_hal_gpio.o ABSOLUTE
    ..\Drivers\STM32F1xx_HAL_Driver\Src\stm32f1xx_hal_gpio_ex.c 0x00000000   Number         0  stm32f1xx_hal_gpio_ex.o ABSOLUTE
    ..\Drivers\STM32F1xx_HAL_Driver\Src\stm32f1xx_hal_pwr.c 0x00000000   Number         0  stm32f1xx_hal_pwr.o ABSOLUTE
    ..\Drivers\STM32F1xx_HAL_Driver\Src\stm32f1xx_hal_rcc.c 0x00000000   Number         0  stm32f1xx_hal_rcc.o ABSOLUTE
    ..\Drivers\STM32F1xx_HAL_Driver\Src\stm32f1xx_hal_rcc_ex.c 0x00000000   Number         0  stm32f1xx_hal_rcc_ex.o ABSOLUTE
    ..\Drivers\STM32F1xx_HAL_Driver\Src\stm32f1xx_hal_spi.c 0x00000000   Number         0  stm32f1xx_hal_spi.o ABSOLUTE
    ..\Drivers\STM32F1xx_HAL_Driver\Src\stm32f1xx_hal_tim.c 0x00000000   Number         0  stm32f1xx_hal_tim.o ABSOLUTE
    ..\Drivers\STM32F1xx_HAL_Driver\Src\stm32f1xx_hal_tim_ex.c 0x00000000   Number         0  stm32f1xx_hal_tim_ex.o ABSOLUTE
    ..\Drivers\STM32F1xx_HAL_Driver\Src\stm32f1xx_hal_uart.c 0x00000000   Number         0  stm32f1xx_hal_uart.o ABSOLUTE
    ..\Src\gpio.c                            0x00000000   Number         0  gpio.o ABSOLUTE
    ..\Src\main.c                            0x00000000   Number         0  main.o ABSOLUTE
    ..\Src\spi.c                             0x00000000   Number         0  spi.o ABSOLUTE
    ..\Src\stm32f1xx_hal_msp.c               0x00000000   Number         0  stm32f1xx_hal_msp.o ABSOLUTE
    ..\Src\stm32f1xx_it.c                    0x00000000   Number         0  stm32f1xx_it.o ABSOLUTE
    ..\Src\system_stm32f1xx.c                0x00000000   Number         0  system_stm32f1xx.o ABSOLUTE
    ..\Src\usart.c                           0x00000000   Number         0  usart.o ABSOLUTE
    ..\User\Config\DEV_Config.c              0x00000000   Number         0  dev_config.o ABSOLUTE
    ..\User\Examples\EPD_1in02_test.c        0x00000000   Number         0  epd_1in02_test.o ABSOLUTE
    ..\User\Examples\EPD_1in54_V2_test.c     0x00000000   Number         0  epd_1in54_v2_test.o ABSOLUTE
    ..\User\Examples\EPD_1in54_test.c        0x00000000   Number         0  epd_1in54_test.o ABSOLUTE
    ..\User\Examples\EPD_1in54b_V2_test.c    0x00000000   Number         0  epd_1in54b_v2_test.o ABSOLUTE
    ..\User\Examples\EPD_1in54b_test.c       0x00000000   Number         0  epd_1in54b_test.o ABSOLUTE
    ..\User\Examples\EPD_1in54c_test.c       0x00000000   Number         0  epd_1in54c_test.o ABSOLUTE
    ..\User\Examples\EPD_2in13_V2_test.c     0x00000000   Number         0  epd_2in13_v2_test.o ABSOLUTE
    ..\User\Examples\EPD_2in13_test.c        0x00000000   Number         0  epd_2in13_test.o ABSOLUTE
    ..\User\Examples\EPD_2in13b_V3_test.c    0x00000000   Number         0  epd_2in13b_v3_test.o ABSOLUTE
    ..\User\Examples\EPD_2in13bc_test.c      0x00000000   Number         0  epd_2in13bc_test.o ABSOLUTE
    ..\User\Examples\EPD_2in13d_test.c       0x00000000   Number         0  epd_2in13d_test.o ABSOLUTE
    ..\User\Examples\EPD_2in66_test.c        0x00000000   Number         0  epd_2in66_test.o ABSOLUTE
    ..\User\Examples\EPD_2in66b_test.c       0x00000000   Number         0  epd_2in66b_test.o ABSOLUTE
    ..\User\Examples\EPD_2in7_test.c         0x00000000   Number         0  epd_2in7_test.o ABSOLUTE
    ..\User\Examples\EPD_2in7b_V2_test.c     0x00000000   Number         0  epd_2in7b_v2_test.o ABSOLUTE
    ..\User\Examples\EPD_2in7b_test.c        0x00000000   Number         0  epd_2in7b_test.o ABSOLUTE
    ..\User\Examples\EPD_2in9_V2_test.c      0x00000000   Number         0  epd_2in9_v2_test.o ABSOLUTE
    ..\User\Examples\EPD_2in9_test.c         0x00000000   Number         0  epd_2in9_test.o ABSOLUTE
    ..\User\Examples\EPD_2in9b_V3_test.c     0x00000000   Number         0  epd_2in9b_v3_test.o ABSOLUTE
    ..\User\Examples\EPD_2in9bc_test.c       0x00000000   Number         0  epd_2in9bc_test.o ABSOLUTE
    ..\User\Examples\EPD_2in9d_test.c        0x00000000   Number         0  epd_2in9d_test.o ABSOLUTE
    ..\User\Examples\EPD_3in7_test.c         0x00000000   Number         0  epd_3in7_test.o ABSOLUTE
    ..\User\Examples\EPD_4in01f_test.c       0x00000000   Number         0  epd_4in01f_test.o ABSOLUTE
    ..\User\Examples\EPD_4in2_test.c         0x00000000   Number         0  epd_4in2_test.o ABSOLUTE
    ..\User\Examples\EPD_4in2b_V2_test.c     0x00000000   Number         0  epd_4in2b_v2_test.o ABSOLUTE
    ..\User\Examples\EPD_4in2bc_test.c       0x00000000   Number         0  epd_4in2bc_test.o ABSOLUTE
    ..\User\Examples\EPD_5in65f_test.c       0x00000000   Number         0  epd_5in65f_test.o ABSOLUTE
    ..\User\Examples\EPD_5in83_V2_test.c     0x00000000   Number         0  epd_5in83_v2_test.o ABSOLUTE
    ..\User\Examples\EPD_5in83_test.c        0x00000000   Number         0  epd_5in83_test.o ABSOLUTE
    ..\User\Examples\EPD_5in83b_V2_test.c    0x00000000   Number         0  epd_5in83b_v2_test.o ABSOLUTE
    ..\User\Examples\EPD_5in83bc_test.c      0x00000000   Number         0  epd_5in83bc_test.o ABSOLUTE
    ..\User\Examples\EPD_7in5_HD_test.c      0x00000000   Number         0  epd_7in5_hd_test.o ABSOLUTE
    ..\User\Examples\EPD_7in5_V2_test.c      0x00000000   Number         0  epd_7in5_v2_test.o ABSOLUTE
    ..\User\Examples\EPD_7in5_test.c         0x00000000   Number         0  epd_7in5_test.o ABSOLUTE
    ..\User\Examples\EPD_7in5b_HD_test.c     0x00000000   Number         0  epd_7in5b_hd_test.o ABSOLUTE
    ..\User\Examples\EPD_7in5b_V2_test.c     0x00000000   Number         0  epd_7in5b_v2_test.o ABSOLUTE
    ..\User\Examples\EPD_7in5bc_test.c       0x00000000   Number         0  epd_7in5bc_test.o ABSOLUTE
    ..\User\Examples\ImageData.c             0x00000000   Number         0  imagedata.o ABSOLUTE
    ..\User\Fonts\font12.c                   0x00000000   Number         0  font12.o ABSOLUTE
    ..\User\Fonts\font12CN.c                 0x00000000   Number         0  font12cn.o ABSOLUTE
    ..\User\Fonts\font16.c                   0x00000000   Number         0  font16.o ABSOLUTE
    ..\User\Fonts\font20.c                   0x00000000   Number         0  font20.o ABSOLUTE
    ..\User\Fonts\font24.c                   0x00000000   Number         0  font24.o ABSOLUTE
    ..\User\Fonts\font24CN.c                 0x00000000   Number         0  font24cn.o ABSOLUTE
    ..\User\Fonts\font8.c                    0x00000000   Number         0  font8.o ABSOLUTE
    ..\User\GUI\GUI_Paint.c                  0x00000000   Number         0  gui_paint.o ABSOLUTE
    ..\User\e-Paper\EPD_1in02d.c             0x00000000   Number         0  epd_1in02d.o ABSOLUTE
    ..\User\e-Paper\EPD_1in54.c              0x00000000   Number         0  epd_1in54.o ABSOLUTE
    ..\User\e-Paper\EPD_1in54_V2.c           0x00000000   Number         0  epd_1in54_v2.o ABSOLUTE
    ..\User\e-Paper\EPD_1in54b.c             0x00000000   Number         0  epd_1in54b.o ABSOLUTE
    ..\User\e-Paper\EPD_1in54b_V2.c          0x00000000   Number         0  epd_1in54b_v2.o ABSOLUTE
    ..\User\e-Paper\EPD_1in54c.c             0x00000000   Number         0  epd_1in54c.o ABSOLUTE
    ..\User\e-Paper\EPD_2in13.c              0x00000000   Number         0  epd_2in13.o ABSOLUTE
    ..\User\e-Paper\EPD_2in13_V2.c           0x00000000   Number         0  epd_2in13_v2.o ABSOLUTE
    ..\User\e-Paper\EPD_2in13b_V3.c          0x00000000   Number         0  epd_2in13b_v3.o ABSOLUTE
    ..\User\e-Paper\EPD_2in13bc.c            0x00000000   Number         0  epd_2in13bc.o ABSOLUTE
    ..\User\e-Paper\EPD_2in13d.c             0x00000000   Number         0  epd_2in13d.o ABSOLUTE
    ..\User\e-Paper\EPD_2in66.c              0x00000000   Number         0  epd_2in66.o ABSOLUTE
    ..\User\e-Paper\EPD_2in66b.c             0x00000000   Number         0  epd_2in66b.o ABSOLUTE
    ..\User\e-Paper\EPD_2in7.c               0x00000000   Number         0  epd_2in7.o ABSOLUTE
    ..\User\e-Paper\EPD_2in7b.c              0x00000000   Number         0  epd_2in7b.o ABSOLUTE
    ..\User\e-Paper\EPD_2in7b_V2.c           0x00000000   Number         0  epd_2in7b_v2.o ABSOLUTE
    ..\User\e-Paper\EPD_2in9.c               0x00000000   Number         0  epd_2in9.o ABSOLUTE
    ..\User\e-Paper\EPD_2in9_V2.c            0x00000000   Number         0  epd_2in9_v2.o ABSOLUTE
    ..\User\e-Paper\EPD_2in9b_V3.c           0x00000000   Number         0  epd_2in9b_v3.o ABSOLUTE
    ..\User\e-Paper\EPD_2in9bc.c             0x00000000   Number         0  epd_2in9bc.o ABSOLUTE
    ..\User\e-Paper\EPD_2in9d.c              0x00000000   Number         0  epd_2in9d.o ABSOLUTE
    ..\User\e-Paper\EPD_3in7.c               0x00000000   Number         0  epd_3in7.o ABSOLUTE
    ..\User\e-Paper\EPD_4in01f.c             0x00000000   Number         0  epd_4in01f.o ABSOLUTE
    ..\User\e-Paper\EPD_4in2.c               0x00000000   Number         0  epd_4in2.o ABSOLUTE
    ..\User\e-Paper\EPD_4in2b_V2.c           0x00000000   Number         0  epd_4in2b_v2.o ABSOLUTE
    ..\User\e-Paper\EPD_4in2bc.c             0x00000000   Number         0  epd_4in2bc.o ABSOLUTE
    ..\User\e-Paper\EPD_5in65f.c             0x00000000   Number         0  epd_5in65f.o ABSOLUTE
    ..\User\e-Paper\EPD_5in83.c              0x00000000   Number         0  epd_5in83.o ABSOLUTE
    ..\User\e-Paper\EPD_5in83_V2.c           0x00000000   Number         0  epd_5in83_v2.o ABSOLUTE
    ..\User\e-Paper\EPD_5in83b_V2.c          0x00000000   Number         0  epd_5in83b_v2.o ABSOLUTE
    ..\User\e-Paper\EPD_5in83bc.c            0x00000000   Number         0  epd_5in83bc.o ABSOLUTE
    ..\User\e-Paper\EPD_7in5.c               0x00000000   Number         0  epd_7in5.o ABSOLUTE
    ..\User\e-Paper\EPD_7in5_HD.c            0x00000000   Number         0  epd_7in5_hd.o ABSOLUTE
    ..\User\e-Paper\EPD_7in5_V2.c            0x00000000   Number         0  epd_7in5_v2.o ABSOLUTE
    ..\User\e-Paper\EPD_7in5b_HD.c           0x00000000   Number         0  epd_7in5b_hd.o ABSOLUTE
    ..\User\e-Paper\EPD_7in5b_V2.c           0x00000000   Number         0  epd_7in5b_v2.o ABSOLUTE
    ..\User\e-Paper\EPD_7in5bc.c             0x00000000   Number         0  epd_7in5bc.o ABSOLUTE
    ..\\User\\Config\\DEV_Config.c           0x00000000   Number         0  dev_config.o ABSOLUTE
    ..\\User\\Examples\\EPD_1in02_test.c     0x00000000   Number         0  epd_1in02_test.o ABSOLUTE
    ..\\User\\Examples\\EPD_1in54_V2_test.c  0x00000000   Number         0  epd_1in54_v2_test.o ABSOLUTE
    ..\\User\\Examples\\EPD_1in54_test.c     0x00000000   Number         0  epd_1in54_test.o ABSOLUTE
    ..\\User\\Examples\\EPD_1in54b_V2_test.c 0x00000000   Number         0  epd_1in54b_v2_test.o ABSOLUTE
    ..\\User\\Examples\\EPD_1in54b_test.c    0x00000000   Number         0  epd_1in54b_test.o ABSOLUTE
    ..\\User\\Examples\\EPD_1in54c_test.c    0x00000000   Number         0  epd_1in54c_test.o ABSOLUTE
    ..\\User\\Examples\\EPD_2in13_V2_test.c  0x00000000   Number         0  epd_2in13_v2_test.o ABSOLUTE
    ..\\User\\Examples\\EPD_2in13_test.c     0x00000000   Number         0  epd_2in13_test.o ABSOLUTE
    ..\\User\\Examples\\EPD_2in13b_V3_test.c 0x00000000   Number         0  epd_2in13b_v3_test.o ABSOLUTE
    ..\\User\\Examples\\EPD_2in13bc_test.c   0x00000000   Number         0  epd_2in13bc_test.o ABSOLUTE
    ..\\User\\Examples\\EPD_2in13d_test.c    0x00000000   Number         0  epd_2in13d_test.o ABSOLUTE
    ..\\User\\Examples\\EPD_2in66_test.c     0x00000000   Number         0  epd_2in66_test.o ABSOLUTE
    ..\\User\\Examples\\EPD_2in66b_test.c    0x00000000   Number         0  epd_2in66b_test.o ABSOLUTE
    ..\\User\\Examples\\EPD_2in7_test.c      0x00000000   Number         0  epd_2in7_test.o ABSOLUTE
    ..\\User\\Examples\\EPD_2in7b_V2_test.c  0x00000000   Number         0  epd_2in7b_v2_test.o ABSOLUTE
    ..\\User\\Examples\\EPD_2in7b_test.c     0x00000000   Number         0  epd_2in7b_test.o ABSOLUTE
    ..\\User\\Examples\\EPD_2in9_V2_test.c   0x00000000   Number         0  epd_2in9_v2_test.o ABSOLUTE
    ..\\User\\Examples\\EPD_2in9_test.c      0x00000000   Number         0  epd_2in9_test.o ABSOLUTE
    ..\\User\\Examples\\EPD_2in9b_V3_test.c  0x00000000   Number         0  epd_2in9b_v3_test.o ABSOLUTE
    ..\\User\\Examples\\EPD_2in9bc_test.c    0x00000000   Number         0  epd_2in9bc_test.o ABSOLUTE
    ..\\User\\Examples\\EPD_2in9d_test.c     0x00000000   Number         0  epd_2in9d_test.o ABSOLUTE
    ..\\User\\Examples\\EPD_3in7_test.c      0x00000000   Number         0  epd_3in7_test.o ABSOLUTE
    ..\\User\\Examples\\EPD_4in01f_test.c    0x00000000   Number         0  epd_4in01f_test.o ABSOLUTE
    ..\\User\\Examples\\EPD_4in2_test.c      0x00000000   Number         0  epd_4in2_test.o ABSOLUTE
    ..\\User\\Examples\\EPD_4in2b_V2_test.c  0x00000000   Number         0  epd_4in2b_v2_test.o ABSOLUTE
    ..\\User\\Examples\\EPD_4in2bc_test.c    0x00000000   Number         0  epd_4in2bc_test.o ABSOLUTE
    ..\\User\\Examples\\EPD_5in65f_test.c    0x00000000   Number         0  epd_5in65f_test.o ABSOLUTE
    ..\\User\\Examples\\EPD_5in83_V2_test.c  0x00000000   Number         0  epd_5in83_v2_test.o ABSOLUTE
    ..\\User\\Examples\\EPD_5in83_test.c     0x00000000   Number         0  epd_5in83_test.o ABSOLUTE
    ..\\User\\Examples\\EPD_5in83b_V2_test.c 0x00000000   Number         0  epd_5in83b_v2_test.o ABSOLUTE
    ..\\User\\Examples\\EPD_5in83bc_test.c   0x00000000   Number         0  epd_5in83bc_test.o ABSOLUTE
    ..\\User\\Examples\\EPD_7in5_HD_test.c   0x00000000   Number         0  epd_7in5_hd_test.o ABSOLUTE
    ..\\User\\Examples\\EPD_7in5_V2_test.c   0x00000000   Number         0  epd_7in5_v2_test.o ABSOLUTE
    ..\\User\\Examples\\EPD_7in5_test.c      0x00000000   Number         0  epd_7in5_test.o ABSOLUTE
    ..\\User\\Examples\\EPD_7in5b_HD_test.c  0x00000000   Number         0  epd_7in5b_hd_test.o ABSOLUTE
    ..\\User\\Examples\\EPD_7in5b_V2_test.c  0x00000000   Number         0  epd_7in5b_v2_test.o ABSOLUTE
    ..\\User\\Examples\\EPD_7in5bc_test.c    0x00000000   Number         0  epd_7in5bc_test.o ABSOLUTE
    ..\\User\\GUI\\GUI_Paint.c               0x00000000   Number         0  gui_paint.o ABSOLUTE
    ..\\User\\e-Paper\\EPD_1in02d.c          0x00000000   Number         0  epd_1in02d.o ABSOLUTE
    ..\\User\\e-Paper\\EPD_1in54.c           0x00000000   Number         0  epd_1in54.o ABSOLUTE
    ..\\User\\e-Paper\\EPD_1in54_V2.c        0x00000000   Number         0  epd_1in54_v2.o ABSOLUTE
    ..\\User\\e-Paper\\EPD_1in54b.c          0x00000000   Number         0  epd_1in54b.o ABSOLUTE
    ..\\User\\e-Paper\\EPD_1in54b_V2.c       0x00000000   Number         0  epd_1in54b_v2.o ABSOLUTE
    ..\\User\\e-Paper\\EPD_1in54c.c          0x00000000   Number         0  epd_1in54c.o ABSOLUTE
    ..\\User\\e-Paper\\EPD_2in13.c           0x00000000   Number         0  epd_2in13.o ABSOLUTE
    ..\\User\\e-Paper\\EPD_2in13_V2.c        0x00000000   Number         0  epd_2in13_v2.o ABSOLUTE
    ..\\User\\e-Paper\\EPD_2in13b_V3.c       0x00000000   Number         0  epd_2in13b_v3.o ABSOLUTE
    ..\\User\\e-Paper\\EPD_2in13bc.c         0x00000000   Number         0  epd_2in13bc.o ABSOLUTE
    ..\\User\\e-Paper\\EPD_2in13d.c          0x00000000   Number         0  epd_2in13d.o ABSOLUTE
    ..\\User\\e-Paper\\EPD_2in66.c           0x00000000   Number         0  epd_2in66.o ABSOLUTE
    ..\\User\\e-Paper\\EPD_2in66b.c          0x00000000   Number         0  epd_2in66b.o ABSOLUTE
    ..\\User\\e-Paper\\EPD_2in7.c            0x00000000   Number         0  epd_2in7.o ABSOLUTE
    ..\\User\\e-Paper\\EPD_2in7b.c           0x00000000   Number         0  epd_2in7b.o ABSOLUTE
    ..\\User\\e-Paper\\EPD_2in7b_V2.c        0x00000000   Number         0  epd_2in7b_v2.o ABSOLUTE
    ..\\User\\e-Paper\\EPD_2in9.c            0x00000000   Number         0  epd_2in9.o ABSOLUTE
    ..\\User\\e-Paper\\EPD_2in9_V2.c         0x00000000   Number         0  epd_2in9_v2.o ABSOLUTE
    ..\\User\\e-Paper\\EPD_2in9b_V3.c        0x00000000   Number         0  epd_2in9b_v3.o ABSOLUTE
    ..\\User\\e-Paper\\EPD_2in9bc.c          0x00000000   Number         0  epd_2in9bc.o ABSOLUTE
    ..\\User\\e-Paper\\EPD_2in9d.c           0x00000000   Number         0  epd_2in9d.o ABSOLUTE
    ..\\User\\e-Paper\\EPD_3in7.c            0x00000000   Number         0  epd_3in7.o ABSOLUTE
    ..\\User\\e-Paper\\EPD_4in01f.c          0x00000000   Number         0  epd_4in01f.o ABSOLUTE
    ..\\User\\e-Paper\\EPD_4in2.c            0x00000000   Number         0  epd_4in2.o ABSOLUTE
    ..\\User\\e-Paper\\EPD_4in2b_V2.c        0x00000000   Number         0  epd_4in2b_v2.o ABSOLUTE
    ..\\User\\e-Paper\\EPD_4in2bc.c          0x00000000   Number         0  epd_4in2bc.o ABSOLUTE
    ..\\User\\e-Paper\\EPD_5in65f.c          0x00000000   Number         0  epd_5in65f.o ABSOLUTE
    ..\\User\\e-Paper\\EPD_5in83.c           0x00000000   Number         0  epd_5in83.o ABSOLUTE
    ..\\User\\e-Paper\\EPD_5in83_V2.c        0x00000000   Number         0  epd_5in83_v2.o ABSOLUTE
    ..\\User\\e-Paper\\EPD_5in83b_V2.c       0x00000000   Number         0  epd_5in83b_v2.o ABSOLUTE
    ..\\User\\e-Paper\\EPD_5in83bc.c         0x00000000   Number         0  epd_5in83bc.o ABSOLUTE
    ..\\User\\e-Paper\\EPD_7in5.c            0x00000000   Number         0  epd_7in5.o ABSOLUTE
    ..\\User\\e-Paper\\EPD_7in5_HD.c         0x00000000   Number         0  epd_7in5_hd.o ABSOLUTE
    ..\\User\\e-Paper\\EPD_7in5_V2.c         0x00000000   Number         0  epd_7in5_v2.o ABSOLUTE
    ..\\User\\e-Paper\\EPD_7in5b_HD.c        0x00000000   Number         0  epd_7in5b_hd.o ABSOLUTE
    ..\\User\\e-Paper\\EPD_7in5b_V2.c        0x00000000   Number         0  epd_7in5b_v2.o ABSOLUTE
    ..\\User\\e-Paper\\EPD_7in5bc.c          0x00000000   Number         0  epd_7in5bc.o ABSOLUTE
    cdrcmple.s                               0x00000000   Number         0  cdrcmple.o ABSOLUTE
    dc.s                                     0x00000000   Number         0  dc.o ABSOLUTE
    handlers.s                               0x00000000   Number         0  handlers.o ABSOLUTE
    init.s                                   0x00000000   Number         0  init.o ABSOLUTE
    startup_stm32f103xe.s                    0x00000000   Number         0  startup_stm32f103xe.o ABSOLUTE
    RESET                                    0x08000000   Section      304  startup_stm32f103xe.o(RESET)
    .ARM.Collect$$$$00000000                 0x08000130   Section        0  entry.o(.ARM.Collect$$$$00000000)
    .ARM.Collect$$$$00000001                 0x08000130   Section        4  entry2.o(.ARM.Collect$$$$00000001)
    .ARM.Collect$$$$00000004                 0x08000134   Section        4  entry5.o(.ARM.Collect$$$$00000004)
    .ARM.Collect$$$$00000008                 0x08000138   Section        0  entry7b.o(.ARM.Collect$$$$00000008)
    .ARM.Collect$$$$0000000A                 0x08000138   Section        0  entry8b.o(.ARM.Collect$$$$0000000A)
    .ARM.Collect$$$$0000000B                 0x08000138   Section        8  entry9a.o(.ARM.Collect$$$$0000000B)
    .ARM.Collect$$$$0000000D                 0x08000140   Section        0  entry10a.o(.ARM.Collect$$$$0000000D)
    .ARM.Collect$$$$0000000F                 0x08000140   Section        0  entry11a.o(.ARM.Collect$$$$0000000F)
    .ARM.Collect$$$$00002712                 0x08000140   Section        4  entry2.o(.ARM.Collect$$$$00002712)
    __lit__00000000                          0x08000140   Data           4  entry2.o(.ARM.Collect$$$$00002712)
    .text                                    0x08000144   Section       36  startup_stm32f103xe.o(.text)
    .text                                    0x08000168   Section        0  main.o(.text)
    .text                                    0x08000200   Section        0  gpio.o(.text)
    .text                                    0x08000260   Section        0  spi.o(.text)
    .text                                    0x0800031c   Section        0  usart.o(.text)
    .text                                    0x080003f4   Section        0  stm32f1xx_it.o(.text)
    .text                                    0x08000424   Section        0  stm32f1xx_hal_msp.o(.text)
    .text                                    0x08000460   Section        0  epd_2in7_test.o(.text)
    .text                                    0x080009a8   Section        0  epd_2in7.o(.text)
    EPD_2in7_Reset                           0x080009a9   Thumb Code    56  epd_2in7.o(.text)
    EPD_2in7_ReadBusy                        0x080009e1   Thumb Code    48  epd_2in7.o(.text)
    EPD_2in7_SendCommand                     0x08000ecd   Thumb Code    46  epd_2in7.o(.text)
    EPD_2in7_SendData                        0x08000efb   Thumb Code    46  epd_2in7.o(.text)
    EPD_2in7_SetLut                          0x08000f29   Thumb Code   122  epd_2in7.o(.text)
    .text                                    0x08000fac   Section        0  dev_config.o(.text)
    .text                                    0x08001014   Section        0  gui_paint.o(.text)
    .text                                    0x08001e18   Section        0  system_stm32f1xx.o(.text)
    .text                                    0x08001edc   Section        0  stm32f1xx_hal_spi.o(.text)
    SPI_WaitFlagStateUntilTimeout            0x08001fc5   Thumb Code   210  stm32f1xx_hal_spi.o(.text)
    SPI_EndRxTxTransaction                   0x08002097   Thumb Code    36  stm32f1xx_hal_spi.o(.text)
    SPI_EndRxTransaction                     0x08002257   Thumb Code   112  stm32f1xx_hal_spi.o(.text)
    SPI_CloseTx_ISR                          0x08002637   Thumb Code   130  stm32f1xx_hal_spi.o(.text)
    SPI_TxISR_8BIT                           0x080026b9   Thumb Code    30  stm32f1xx_hal_spi.o(.text)
    SPI_TxISR_16BIT                          0x080026d7   Thumb Code    30  stm32f1xx_hal_spi.o(.text)
    SPI_CloseRx_ISR                          0x08002799   Thumb Code    76  stm32f1xx_hal_spi.o(.text)
    SPI_RxISR_8BIT                           0x080027e5   Thumb Code    30  stm32f1xx_hal_spi.o(.text)
    SPI_RxISR_16BIT                          0x08002803   Thumb Code    30  stm32f1xx_hal_spi.o(.text)
    SPI_CloseRxTx_ISR                        0x08002823   Thumb Code   158  stm32f1xx_hal_spi.o(.text)
    SPI_2linesTxISR_8BIT                     0x080028c1   Thumb Code    46  stm32f1xx_hal_spi.o(.text)
    SPI_2linesRxISR_8BIT                     0x080028ef   Thumb Code    46  stm32f1xx_hal_spi.o(.text)
    SPI_2linesTxISR_16BIT                    0x0800291d   Thumb Code    46  stm32f1xx_hal_spi.o(.text)
    SPI_2linesRxISR_16BIT                    0x0800294b   Thumb Code    46  stm32f1xx_hal_spi.o(.text)
    SPI_DMAError                             0x08002ae5   Thumb Code    34  stm32f1xx_hal_spi.o(.text)
    SPI_DMATransmitCplt                      0x08002b07   Thumb Code   102  stm32f1xx_hal_spi.o(.text)
    SPI_DMAHalfTransmitCplt                  0x08002b6f   Thumb Code    10  stm32f1xx_hal_spi.o(.text)
    SPI_DMAReceiveCplt                       0x08002c49   Thumb Code   110  stm32f1xx_hal_spi.o(.text)
    SPI_DMAHalfReceiveCplt                   0x08002cb9   Thumb Code    10  stm32f1xx_hal_spi.o(.text)
    SPI_DMATransmitReceiveCplt               0x08002cc3   Thumb Code    92  stm32f1xx_hal_spi.o(.text)
    SPI_DMAHalfTransmitReceiveCplt           0x08002d21   Thumb Code    10  stm32f1xx_hal_spi.o(.text)
    SPI_AbortRx_ISR                          0x08002f6f   Thumb Code    82  stm32f1xx_hal_spi.o(.text)
    SPI_AbortTx_ISR                          0x08002fc1   Thumb Code    28  stm32f1xx_hal_spi.o(.text)
    SPI_DMARxAbortCallback                   0x08003101   Thumb Code    98  stm32f1xx_hal_spi.o(.text)
    SPI_DMATxAbortCallback                   0x08003163   Thumb Code   114  stm32f1xx_hal_spi.o(.text)
    SPI_DMAAbortOnError                      0x080033ad   Thumb Code    16  stm32f1xx_hal_spi.o(.text)
    .text                                    0x080034c4   Section        0  stm32f1xx_hal.o(.text)
    .text                                    0x0800364c   Section        0  stm32f1xx_hal_rcc.o(.text)
    RCC_Delay                                0x08003747   Thumb Code    32  stm32f1xx_hal_rcc.o(.text)
    .text                                    0x08003f14   Section        0  stm32f1xx_hal_gpio.o(.text)
    .text                                    0x080042e8   Section        0  stm32f1xx_hal_dma.o(.text)
    DMA_SetConfig                            0x080043f7   Thumb Code    56  stm32f1xx_hal_dma.o(.text)
    .text                                    0x08004f30   Section        0  stm32f1xx_hal_cortex.o(.text)
    .text                                    0x08005154   Section        0  stm32f1xx_hal_uart.o(.text)
    UART_SetConfig                           0x08005155   Thumb Code   194  stm32f1xx_hal_uart.o(.text)
    UART_WaitOnFlagUntilTimeout              0x08005435   Thumb Code   120  stm32f1xx_hal_uart.o(.text)
    UART_EndRxTransfer                       0x080056e5   Thumb Code    28  stm32f1xx_hal_uart.o(.text)
    UART_EndTxTransfer                       0x08005701   Thumb Code    18  stm32f1xx_hal_uart.o(.text)
    UART_DMAError                            0x08005713   Thumb Code    74  stm32f1xx_hal_uart.o(.text)
    UART_DMATxHalfCplt                       0x0800575f   Thumb Code    10  stm32f1xx_hal_uart.o(.text)
    UART_DMATransmitCplt                     0x0800576b   Thumb Code    48  stm32f1xx_hal_uart.o(.text)
    UART_DMARxHalfCplt                       0x08005827   Thumb Code    10  stm32f1xx_hal_uart.o(.text)
    UART_DMAReceiveCplt                      0x08005833   Thumb Code    62  stm32f1xx_hal_uart.o(.text)
    UART_DMARxAbortCallback                  0x08005b67   Thumb Code    44  stm32f1xx_hal_uart.o(.text)
    UART_DMATxAbortCallback                  0x08005b93   Thumb Code    66  stm32f1xx_hal_uart.o(.text)
    UART_DMATxOnlyAbortCallback              0x08005c89   Thumb Code    20  stm32f1xx_hal_uart.o(.text)
    UART_DMARxOnlyAbortCallback              0x08005cfd   Thumb Code    20  stm32f1xx_hal_uart.o(.text)
    UART_EndTransmit_IT                      0x08005d79   Thumb Code    26  stm32f1xx_hal_uart.o(.text)
    UART_Transmit_IT                         0x08005d93   Thumb Code    94  stm32f1xx_hal_uart.o(.text)
    UART_DMAAbortOnError                     0x08005df1   Thumb Code    16  stm32f1xx_hal_uart.o(.text)
    UART_Receive_IT                          0x08005e01   Thumb Code   146  stm32f1xx_hal_uart.o(.text)
    .text                                    0x080060f0   Section        0  memseta.o(.text)
    .text                                    0x08006114   Section        0  uidiv.o(.text)
    .text                                    0x08006140   Section       36  init.o(.text)
    i.__0printf$3                            0x08006164   Section        0  printf3.o(i.__0printf$3)
    i.__scatterload_copy                     0x08006184   Section       14  handlers.o(i.__scatterload_copy)
    i.__scatterload_null                     0x08006192   Section        2  handlers.o(i.__scatterload_null)
    i.__scatterload_zeroinit                 0x08006194   Section       14  handlers.o(i.__scatterload_zeroinit)
    i._printf_core                           0x080061a4   Section        0  printf3.o(i._printf_core)
    _printf_core                             0x080061a5   Thumb Code   436  printf3.o(i._printf_core)
    i.free                                   0x0800635c   Section        0  malloc.o(i.free)
    i.malloc                                 0x080063ac   Section        0  malloc.o(i.malloc)
    .constdata                               0x08006418   Section     5808  imagedata.o(.constdata)
    .constdata                               0x08007ac8   Section    11616  imagedata.o(.constdata)
    .constdata                               0x0800a828   Section      424  epd_2in7.o(.constdata)
    EPD_2in7_lut_vcom_dc                     0x0800a828   Data          44  epd_2in7.o(.constdata)
    EPD_2in7_lut_ww                          0x0800a854   Data          42  epd_2in7.o(.constdata)
    EPD_2in7_lut_bw                          0x0800a87e   Data          42  epd_2in7.o(.constdata)
    EPD_2in7_lut_bb                          0x0800a8a8   Data          42  epd_2in7.o(.constdata)
    EPD_2in7_lut_wb                          0x0800a8d2   Data          42  epd_2in7.o(.constdata)
    EPD_2in7_gray_lut_vcom                   0x0800a8fc   Data          44  epd_2in7.o(.constdata)
    EPD_2in7_gray_lut_ww                     0x0800a928   Data          42  epd_2in7.o(.constdata)
    EPD_2in7_gray_lut_bw                     0x0800a952   Data          42  epd_2in7.o(.constdata)
    EPD_2in7_gray_lut_wb                     0x0800a97c   Data          42  epd_2in7.o(.constdata)
    EPD_2in7_gray_lut_bb                     0x0800a9a6   Data          42  epd_2in7.o(.constdata)
    .constdata                               0x0800a9d0   Section     1140  font12.o(.constdata)
    .constdata                               0x0800ae44   Section     1494  font12cn.o(.constdata)
    .constdata                               0x0800b41a   Section     3040  font16.o(.constdata)
    .constdata                               0x0800bffa   Section     4482  font24cn.o(.constdata)
    .constdata                               0x0800d17c   Section       16  system_stm32f1xx.o(.constdata)
    .constdata                               0x0800d18c   Section        8  system_stm32f1xx.o(.constdata)
    .conststring                             0x0800d194   Section      233  gui_paint.o(.conststring)
    .data                                    0x20000000   Section        8  font12.o(.data)
    .data                                    0x20000008   Section       12  font12cn.o(.data)
    .data                                    0x20000014   Section        8  font16.o(.data)
    .data                                    0x2000001c   Section       12  font24cn.o(.data)
    .data                                    0x20000028   Section        4  system_stm32f1xx.o(.data)
    .data                                    0x2000002c   Section       12  stm32f1xx_hal.o(.data)
    .data                                    0x20000038   Section        4  stdout.o(.data)
    .data                                    0x2000003c   Section        4  mvars.o(.data)
    .data                                    0x20000040   Section        4  mvars.o(.data)
    .bss                                     0x20000044   Section       88  spi.o(.bss)
    .bss                                     0x2000009c   Section       64  usart.o(.bss)
    .bss                                     0x200000dc   Section       24  gui_paint.o(.bss)
    HEAP                                     0x200000f8   Section    36864  startup_stm32f103xe.o(HEAP)
    STACK                                    0x200090f8   Section     4096  startup_stm32f103xe.o(STACK)

    Global Symbols

    Symbol Name                              Value     Ov Type        Size  Object(Section)

    BuildAttributes$$THM_ISAv4$P$D$K$B$S$PE$A:L22UL41UL21$X:L11$S22US41US21$IEEE1$IW$USESV6$~STKCKD$USESV7$~SHL$OTIME$ROPI$EBA8$MICROLIB$REQ8$PRES8$EABIv2 0x00000000   Number         0  anon$$obj.o ABSOLUTE
    __ARM_use_no_argv                        0x00000000   Number         0  main.o ABSOLUTE
    _printf_a                                0x00000000   Number         0  stubs.o ABSOLUTE
    _printf_c                                0x00000000   Number         0  stubs.o ABSOLUTE
    _printf_charcount                        0x00000000   Number         0  stubs.o ABSOLUTE
    _printf_d                                0x00000000   Number         0  stubs.o ABSOLUTE
    _printf_e                                0x00000000   Number         0  stubs.o ABSOLUTE
    _printf_f                                0x00000000   Number         0  stubs.o ABSOLUTE
    _printf_flags                            0x00000000   Number         0  stubs.o ABSOLUTE
    _printf_fp_dec                           0x00000000   Number         0  stubs.o ABSOLUTE
    _printf_fp_hex                           0x00000000   Number         0  stubs.o ABSOLUTE
    _printf_g                                0x00000000   Number         0  stubs.o ABSOLUTE
    _printf_i                                0x00000000   Number         0  stubs.o ABSOLUTE
    _printf_int_dec                          0x00000000   Number         0  stubs.o ABSOLUTE
    _printf_l                                0x00000000   Number         0  stubs.o ABSOLUTE
    _printf_lc                               0x00000000   Number         0  stubs.o ABSOLUTE
    _printf_ll                               0x00000000   Number         0  stubs.o ABSOLUTE
    _printf_lld                              0x00000000   Number         0  stubs.o ABSOLUTE
    _printf_lli                              0x00000000   Number         0  stubs.o ABSOLUTE
    _printf_llo                              0x00000000   Number         0  stubs.o ABSOLUTE
    _printf_llu                              0x00000000   Number         0  stubs.o ABSOLUTE
    _printf_llx                              0x00000000   Number         0  stubs.o ABSOLUTE
    _printf_longlong_dec                     0x00000000   Number         0  stubs.o ABSOLUTE
    _printf_longlong_hex                     0x00000000   Number         0  stubs.o ABSOLUTE
    _printf_longlong_oct                     0x00000000   Number         0  stubs.o ABSOLUTE
    _printf_ls                               0x00000000   Number         0  stubs.o ABSOLUTE
    _printf_mbtowc                           0x00000000   Number         0  stubs.o ABSOLUTE
    _printf_n                                0x00000000   Number         0  stubs.o ABSOLUTE
    _printf_o                                0x00000000   Number         0  stubs.o ABSOLUTE
    _printf_p                                0x00000000   Number         0  stubs.o ABSOLUTE
    _printf_percent                          0x00000000   Number         0  stubs.o ABSOLUTE
    _printf_pre_padding                      0x00000000   Number         0  stubs.o ABSOLUTE
    _printf_return_value                     0x00000000   Number         0  stubs.o ABSOLUTE
    _printf_s                                0x00000000   Number         0  stubs.o ABSOLUTE
    _printf_sizespec                         0x00000000   Number         0  stubs.o ABSOLUTE
    _printf_str                              0x00000000   Number         0  stubs.o ABSOLUTE
    _printf_truncate_signed                  0x00000000   Number         0  stubs.o ABSOLUTE
    _printf_truncate_unsigned                0x00000000   Number         0  stubs.o ABSOLUTE
    _printf_u                                0x00000000   Number         0  stubs.o ABSOLUTE
    _printf_wc                               0x00000000   Number         0  stubs.o ABSOLUTE
    _printf_wctomb                           0x00000000   Number         0  stubs.o ABSOLUTE
    _printf_widthprec                        0x00000000   Number         0  stubs.o ABSOLUTE
    _printf_x                                0x00000000   Number         0  stubs.o ABSOLUTE
    __cpp_initialize__aeabi_                  - Undefined Weak Reference
    __cxa_finalize                            - Undefined Weak Reference
    __decompress                              - Undefined Weak Reference
    _clock_init                               - Undefined Weak Reference
    _microlib_exit                            - Undefined Weak Reference
    __Vectors_Size                           0x00000130   Number         0  startup_stm32f103xe.o ABSOLUTE
    __Vectors                                0x08000000   Data           4  startup_stm32f103xe.o(RESET)
    __Vectors_End                            0x08000130   Data           0  startup_stm32f103xe.o(RESET)
    __main                                   0x08000131   Thumb Code     0  entry.o(.ARM.Collect$$$$00000000)
    _main_stk                                0x08000131   Thumb Code     0  entry2.o(.ARM.Collect$$$$00000001)
    _main_scatterload                        0x08000135   Thumb Code     0  entry5.o(.ARM.Collect$$$$00000004)
    __main_after_scatterload                 0x08000139   Thumb Code     0  entry5.o(.ARM.Collect$$$$00000004)
    _main_clock                              0x08000139   Thumb Code     0  entry7b.o(.ARM.Collect$$$$00000008)
    _main_cpp_init                           0x08000139   Thumb Code     0  entry8b.o(.ARM.Collect$$$$0000000A)
    _main_init                               0x08000139   Thumb Code     0  entry9a.o(.ARM.Collect$$$$0000000B)
    __rt_final_cpp                           0x08000141   Thumb Code     0  entry10a.o(.ARM.Collect$$$$0000000D)
    __rt_final_exit                          0x08000141   Thumb Code     0  entry11a.o(.ARM.Collect$$$$0000000F)
    Reset_Handler                            0x08000145   Thumb Code     8  startup_stm32f103xe.o(.text)
    ADC1_2_IRQHandler                        0x0800015f   Thumb Code     0  startup_stm32f103xe.o(.text)
    ADC3_IRQHandler                          0x0800015f   Thumb Code     0  startup_stm32f103xe.o(.text)
    CAN1_RX1_IRQHandler                      0x0800015f   Thumb Code     0  startup_stm32f103xe.o(.text)
    CAN1_SCE_IRQHandler                      0x0800015f   Thumb Code     0  startup_stm32f103xe.o(.text)
    DMA1_Channel1_IRQHandler                 0x0800015f   Thumb Code     0  startup_stm32f103xe.o(.text)
    DMA1_Channel2_IRQHandler                 0x0800015f   Thumb Code     0  startup_stm32f103xe.o(.text)
    DMA1_Channel3_IRQHandler                 0x0800015f   Thumb Code     0  startup_stm32f103xe.o(.text)
    DMA1_Channel4_IRQHandler                 0x0800015f   Thumb Code     0  startup_stm32f103xe.o(.text)
    DMA1_Channel5_IRQHandler                 0x0800015f   Thumb Code     0  startup_stm32f103xe.o(.text)
    DMA1_Channel6_IRQHandler                 0x0800015f   Thumb Code     0  startup_stm32f103xe.o(.text)
    DMA1_Channel7_IRQHandler                 0x0800015f   Thumb Code     0  startup_stm32f103xe.o(.text)
    DMA2_Channel1_IRQHandler                 0x0800015f   Thumb Code     0  startup_stm32f103xe.o(.text)
    DMA2_Channel2_IRQHandler                 0x0800015f   Thumb Code     0  startup_stm32f103xe.o(.text)
    DMA2_Channel3_IRQHandler                 0x0800015f   Thumb Code     0  startup_stm32f103xe.o(.text)
    DMA2_Channel4_5_IRQHandler               0x0800015f   Thumb Code     0  startup_stm32f103xe.o(.text)
    EXTI0_IRQHandler                         0x0800015f   Thumb Code     0  startup_stm32f103xe.o(.text)
    EXTI15_10_IRQHandler                     0x0800015f   Thumb Code     0  startup_stm32f103xe.o(.text)
    EXTI1_IRQHandler                         0x0800015f   Thumb Code     0  startup_stm32f103xe.o(.text)
    EXTI2_IRQHandler                         0x0800015f   Thumb Code     0  startup_stm32f103xe.o(.text)
    EXTI3_IRQHandler                         0x0800015f   Thumb Code     0  startup_stm32f103xe.o(.text)
    EXTI4_IRQHandler                         0x0800015f   Thumb Code     0  startup_stm32f103xe.o(.text)
    EXTI9_5_IRQHandler                       0x0800015f   Thumb Code     0  startup_stm32f103xe.o(.text)
    FLASH_IRQHandler                         0x0800015f   Thumb Code     0  startup_stm32f103xe.o(.text)
    FSMC_IRQHandler                          0x0800015f   Thumb Code     0  startup_stm32f103xe.o(.text)
    I2C1_ER_IRQHandler                       0x0800015f   Thumb Code     0  startup_stm32f103xe.o(.text)
    I2C1_EV_IRQHandler                       0x0800015f   Thumb Code     0  startup_stm32f103xe.o(.text)
    I2C2_ER_IRQHandler                       0x0800015f   Thumb Code     0  startup_stm32f103xe.o(.text)
    I2C2_EV_IRQHandler                       0x0800015f   Thumb Code     0  startup_stm32f103xe.o(.text)
    PVD_IRQHandler                           0x0800015f   Thumb Code     0  startup_stm32f103xe.o(.text)
    RCC_IRQHandler                           0x0800015f   Thumb Code     0  startup_stm32f103xe.o(.text)
    RTC_Alarm_IRQHandler                     0x0800015f   Thumb Code     0  startup_stm32f103xe.o(.text)
    RTC_IRQHandler                           0x0800015f   Thumb Code     0  startup_stm32f103xe.o(.text)
    SDIO_IRQHandler                          0x0800015f   Thumb Code     0  startup_stm32f103xe.o(.text)
    SPI1_IRQHandler                          0x0800015f   Thumb Code     0  startup_stm32f103xe.o(.text)
    SPI2_IRQHandler                          0x0800015f   Thumb Code     0  startup_stm32f103xe.o(.text)
    SPI3_IRQHandler                          0x0800015f   Thumb Code     0  startup_stm32f103xe.o(.text)
    TAMPER_IRQHandler                        0x0800015f   Thumb Code     0  startup_stm32f103xe.o(.text)
    TIM1_BRK_IRQHandler                      0x0800015f   Thumb Code     0  startup_stm32f103xe.o(.text)
    TIM1_CC_IRQHandler                       0x0800015f   Thumb Code     0  startup_stm32f103xe.o(.text)
    TIM1_TRG_COM_IRQHandler                  0x0800015f   Thumb Code     0  startup_stm32f103xe.o(.text)
    TIM1_UP_IRQHandler                       0x0800015f   Thumb Code     0  startup_stm32f103xe.o(.text)
    TIM2_IRQHandler                          0x0800015f   Thumb Code     0  startup_stm32f103xe.o(.text)
    TIM3_IRQHandler                          0x0800015f   Thumb Code     0  startup_stm32f103xe.o(.text)
    TIM4_IRQHandler                          0x0800015f   Thumb Code     0  startup_stm32f103xe.o(.text)
    TIM5_IRQHandler                          0x0800015f   Thumb Code     0  startup_stm32f103xe.o(.text)
    TIM6_IRQHandler                          0x0800015f   Thumb Code     0  startup_stm32f103xe.o(.text)
    TIM7_IRQHandler                          0x0800015f   Thumb Code     0  startup_stm32f103xe.o(.text)
    TIM8_BRK_IRQHandler                      0x0800015f   Thumb Code     0  startup_stm32f103xe.o(.text)
    TIM8_CC_IRQHandler                       0x0800015f   Thumb Code     0  startup_stm32f103xe.o(.text)
    TIM8_TRG_COM_IRQHandler                  0x0800015f   Thumb Code     0  startup_stm32f103xe.o(.text)
    TIM8_UP_IRQHandler                       0x0800015f   Thumb Code     0  startup_stm32f103xe.o(.text)
    UART4_IRQHandler                         0x0800015f   Thumb Code     0  startup_stm32f103xe.o(.text)
    UART5_IRQHandler                         0x0800015f   Thumb Code     0  startup_stm32f103xe.o(.text)
    USART1_IRQHandler                        0x0800015f   Thumb Code     0  startup_stm32f103xe.o(.text)
    USART2_IRQHandler                        0x0800015f   Thumb Code     0  startup_stm32f103xe.o(.text)
    USART3_IRQHandler                        0x0800015f   Thumb Code     0  startup_stm32f103xe.o(.text)
    USBWakeUp_IRQHandler                     0x0800015f   Thumb Code     0  startup_stm32f103xe.o(.text)
    USB_HP_CAN1_TX_IRQHandler                0x0800015f   Thumb Code     0  startup_stm32f103xe.o(.text)
    USB_LP_CAN1_RX0_IRQHandler               0x0800015f   Thumb Code     0  startup_stm32f103xe.o(.text)
    WWDG_IRQHandler                          0x0800015f   Thumb Code     0  startup_stm32f103xe.o(.text)
    Error_Handler                            0x08000169   Thumb Code     8  main.o(.text)
    SystemClock_Config                       0x08000171   Thumb Code    88  main.o(.text)
    main                                     0x080001c9   Thumb Code    36  main.o(.text)
    MX_GPIO_Init                             0x08000201   Thumb Code    86  gpio.o(.text)
    MX_SPI1_Init                             0x08000261   Thumb Code    62  spi.o(.text)
    HAL_SPI_MspInit                          0x0800029f   Thumb Code    80  spi.o(.text)
    HAL_SPI_MspDeInit                        0x080002ef   Thumb Code    28  spi.o(.text)
    MX_USART1_UART_Init                      0x0800031d   Thumb Code    48  usart.o(.text)
    HAL_UART_MspInit                         0x0800034d   Thumb Code   100  usart.o(.text)
    HAL_UART_MspDeInit                       0x080003b1   Thumb Code    30  usart.o(.text)
    fputc                                    0x080003cf   Thumb Code    20  usart.o(.text)
    NMI_Handler                              0x080003f5   Thumb Code     2  stm32f1xx_it.o(.text)
    HardFault_Handler                        0x080003f7   Thumb Code     8  stm32f1xx_it.o(.text)
    MemManage_Handler                        0x080003ff   Thumb Code     2  stm32f1xx_it.o(.text)
    BusFault_Handler                         0x08000401   Thumb Code     2  stm32f1xx_it.o(.text)
    UsageFault_Handler                       0x08000403   Thumb Code     2  stm32f1xx_it.o(.text)
    SVC_Handler                              0x08000405   Thumb Code     2  stm32f1xx_it.o(.text)
    DebugMon_Handler                         0x08000407   Thumb Code     2  stm32f1xx_it.o(.text)
    PendSV_Handler                           0x08000409   Thumb Code     2  stm32f1xx_it.o(.text)
    SysTick_Handler                          0x0800040b   Thumb Code     4  stm32f1xx_it.o(.text)
    HAL_MspInit                              0x08000425   Thumb Code    52  stm32f1xx_hal_msp.o(.text)
    EPD_2in7_test                            0x08000461   Thumb Code   930  epd_2in7_test.o(.text)
    EPD_2in7_gray_SetLut                     0x08000a11   Thumb Code   142  epd_2in7.o(.text)
    EPD_2IN7_Init                            0x08000a9f   Thumb Code   258  epd_2in7.o(.text)
    EPD_2IN7_Init_4Gray                      0x08000ba1   Thumb Code   290  epd_2in7.o(.text)
    EPD_2IN7_Clear                           0x08000cc3   Thumb Code    86  epd_2in7.o(.text)
    EPD_2IN7_Display                         0x08000d19   Thumb Code    98  epd_2in7.o(.text)
    EPD_2IN7_4GrayDisplay                    0x08000d7b   Thumb Code   302  epd_2in7.o(.text)
    EPD_2IN7_Sleep                           0x08000ea9   Thumb Code    36  epd_2in7.o(.text)
    DEV_SPI_WriteByte                        0x08000fad   Thumb Code    18  dev_config.o(.text)
    DEV_Module_Init                          0x08000fbf   Thumb Code    38  dev_config.o(.text)
    DEV_Module_Exit                          0x08000fe5   Thumb Code    38  dev_config.o(.text)
    Paint_NewImage                           0x08001015   Thumb Code    56  gui_paint.o(.text)
    Paint_SelectImage                        0x0800104d   Thumb Code     6  gui_paint.o(.text)
    Paint_SetRotate                          0x08001053   Thumb Code    44  gui_paint.o(.text)
    Paint_SetScale                           0x0800107f   Thumb Code    80  gui_paint.o(.text)
    Paint_SetMirroring                       0x080010cf   Thumb Code    62  gui_paint.o(.text)
    Paint_SetPixel                           0x0800110d   Thumb Code   238  gui_paint.o(.text)
    Paint_Clear                              0x080011fb   Thumb Code   104  gui_paint.o(.text)
    Paint_ClearWindows                       0x08001263   Thumb Code    52  gui_paint.o(.text)
    Paint_DrawPoint                          0x08001297   Thumb Code   180  gui_paint.o(.text)
    Paint_DrawLine                           0x0800134b   Thumb Code   654  gui_paint.o(.text)
    Paint_DrawRectangle                      0x080015d9   Thumb Code   170  gui_paint.o(.text)
    Paint_DrawCircle                         0x08001683   Thumb Code   528  gui_paint.o(.text)
    Paint_DrawChar                           0x08001893   Thumb Code   172  gui_paint.o(.text)
    Paint_DrawString_EN                      0x0800193f   Thumb Code   116  gui_paint.o(.text)
    Paint_DrawString_CN                      0x080019b3   Thumb Code   518  gui_paint.o(.text)
    Paint_DrawNum                            0x08001bb9   Thumb Code   140  gui_paint.o(.text)
    Paint_DrawTime                           0x08001c45   Thumb Code   282  gui_paint.o(.text)
    Paint_DrawBitMap                         0x08001d5f   Thumb Code    46  gui_paint.o(.text)
    Paint_DrawBitMap_Block                   0x08001d8d   Thumb Code    56  gui_paint.o(.text)
    SystemInit                               0x08001e19   Thumb Code    60  system_stm32f1xx.o(.text)
    SystemCoreClockUpdate                    0x08001e55   Thumb Code   108  system_stm32f1xx.o(.text)
    HAL_SPI_Init                             0x08001edf   Thumb Code   180  stm32f1xx_hal_spi.o(.text)
    HAL_SPI_DeInit                           0x08001f95   Thumb Code    48  stm32f1xx_hal_spi.o(.text)
    HAL_SPI_Transmit                         0x080020bb   Thumb Code   412  stm32f1xx_hal_spi.o(.text)
    HAL_SPI_TransmitReceive                  0x080022c7   Thumb Code   510  stm32f1xx_hal_spi.o(.text)
    HAL_SPI_Receive                          0x080024c5   Thumb Code   366  stm32f1xx_hal_spi.o(.text)
    HAL_SPI_TxCpltCallback                   0x08002633   Thumb Code     2  stm32f1xx_hal_spi.o(.text)
    HAL_SPI_ErrorCallback                    0x08002635   Thumb Code     2  stm32f1xx_hal_spi.o(.text)
    HAL_SPI_Transmit_IT                      0x080026f5   Thumb Code   162  stm32f1xx_hal_spi.o(.text)
    HAL_SPI_RxCpltCallback                   0x08002797   Thumb Code     2  stm32f1xx_hal_spi.o(.text)
    HAL_SPI_TxRxCpltCallback                 0x08002821   Thumb Code     2  stm32f1xx_hal_spi.o(.text)
    HAL_SPI_TransmitReceive_IT               0x08002979   Thumb Code   188  stm32f1xx_hal_spi.o(.text)
    HAL_SPI_Receive_IT                       0x08002a35   Thumb Code   176  stm32f1xx_hal_spi.o(.text)
    HAL_SPI_TxHalfCpltCallback               0x08002b6d   Thumb Code     2  stm32f1xx_hal_spi.o(.text)
    HAL_SPI_Transmit_DMA                     0x08002b79   Thumb Code   208  stm32f1xx_hal_spi.o(.text)
    HAL_SPI_RxHalfCpltCallback               0x08002cb7   Thumb Code     2  stm32f1xx_hal_spi.o(.text)
    HAL_SPI_TxRxHalfCpltCallback             0x08002d1f   Thumb Code     2  stm32f1xx_hal_spi.o(.text)
    HAL_SPI_TransmitReceive_DMA              0x08002d2b   Thumb Code   302  stm32f1xx_hal_spi.o(.text)
    HAL_SPI_Receive_DMA                      0x08002e59   Thumb Code   278  stm32f1xx_hal_spi.o(.text)
    HAL_SPI_Abort                            0x08002fdd   Thumb Code   290  stm32f1xx_hal_spi.o(.text)
    HAL_SPI_AbortCpltCallback                0x080030ff   Thumb Code     2  stm32f1xx_hal_spi.o(.text)
    HAL_SPI_Abort_IT                         0x080031d5   Thumb Code   328  stm32f1xx_hal_spi.o(.text)
    HAL_SPI_DMAPause                         0x0800331d   Thumb Code    38  stm32f1xx_hal_spi.o(.text)
    HAL_SPI_DMAResume                        0x08003343   Thumb Code    38  stm32f1xx_hal_spi.o(.text)
    HAL_SPI_DMAStop                          0x08003369   Thumb Code    68  stm32f1xx_hal_spi.o(.text)
    HAL_SPI_IRQHandler                       0x080033bd   Thumb Code   250  stm32f1xx_hal_spi.o(.text)
    HAL_SPI_GetState                         0x080034b7   Thumb Code     6  stm32f1xx_hal_spi.o(.text)
    HAL_SPI_GetError                         0x080034bd   Thumb Code     4  stm32f1xx_hal_spi.o(.text)
    HAL_InitTick                             0x080034c7   Thumb Code    58  stm32f1xx_hal.o(.text)
    HAL_Init                                 0x08003501   Thumb Code    32  stm32f1xx_hal.o(.text)
    HAL_MspDeInit                            0x08003521   Thumb Code     2  stm32f1xx_hal.o(.text)
    HAL_DeInit                               0x08003523   Thumb Code    26  stm32f1xx_hal.o(.text)
    HAL_IncTick                              0x0800353d   Thumb Code    12  stm32f1xx_hal.o(.text)
    HAL_GetTick                              0x08003549   Thumb Code     6  stm32f1xx_hal.o(.text)
    HAL_GetTickPrio                          0x0800354f   Thumb Code     6  stm32f1xx_hal.o(.text)
    HAL_SetTickFreq                          0x08003555   Thumb Code    30  stm32f1xx_hal.o(.text)
    HAL_GetTickFreq                          0x08003573   Thumb Code     6  stm32f1xx_hal.o(.text)
    HAL_Delay                                0x08003579   Thumb Code    34  stm32f1xx_hal.o(.text)
    HAL_SuspendTick                          0x0800359b   Thumb Code    14  stm32f1xx_hal.o(.text)
    HAL_ResumeTick                           0x080035a9   Thumb Code    14  stm32f1xx_hal.o(.text)
    HAL_GetHalVersion                        0x080035b7   Thumb Code     4  stm32f1xx_hal.o(.text)
    HAL_GetREVID                             0x080035bb   Thumb Code     8  stm32f1xx_hal.o(.text)
    HAL_GetDEVID                             0x080035c3   Thumb Code    10  stm32f1xx_hal.o(.text)
    HAL_GetUIDw0                             0x080035cd   Thumb Code     6  stm32f1xx_hal.o(.text)
    HAL_GetUIDw1                             0x080035d3   Thumb Code     6  stm32f1xx_hal.o(.text)
    HAL_GetUIDw2                             0x080035d9   Thumb Code     6  stm32f1xx_hal.o(.text)
    HAL_DBGMCU_EnableDBGSleepMode            0x080035df   Thumb Code    12  stm32f1xx_hal.o(.text)
    HAL_DBGMCU_DisableDBGSleepMode           0x080035eb   Thumb Code    12  stm32f1xx_hal.o(.text)
    HAL_DBGMCU_EnableDBGStopMode             0x080035f7   Thumb Code    12  stm32f1xx_hal.o(.text)
    HAL_DBGMCU_DisableDBGStopMode            0x08003603   Thumb Code    12  stm32f1xx_hal.o(.text)
    HAL_DBGMCU_EnableDBGStandbyMode          0x0800360f   Thumb Code    12  stm32f1xx_hal.o(.text)
    HAL_DBGMCU_DisableDBGStandbyMode         0x0800361b   Thumb Code    12  stm32f1xx_hal.o(.text)
    HAL_RCC_DeInit                           0x0800364d   Thumb Code   250  stm32f1xx_hal_rcc.o(.text)
    HAL_RCC_OscConfig                        0x08003767   Thumb Code  1080  stm32f1xx_hal_rcc.o(.text)
    HAL_RCC_GetSysClockFreq                  0x08003b9f   Thumb Code    88  stm32f1xx_hal_rcc.o(.text)
    HAL_RCC_ClockConfig                      0x08003bf7   Thumb Code   364  stm32f1xx_hal_rcc.o(.text)
    HAL_RCC_MCOConfig                        0x08003d63   Thumb Code    64  stm32f1xx_hal_rcc.o(.text)
    HAL_RCC_EnableCSS                        0x08003da3   Thumb Code     8  stm32f1xx_hal_rcc.o(.text)
    HAL_RCC_DisableCSS                       0x08003dab   Thumb Code     8  stm32f1xx_hal_rcc.o(.text)
    HAL_RCC_GetHCLKFreq                      0x08003db3   Thumb Code     6  stm32f1xx_hal_rcc.o(.text)
    HAL_RCC_GetPCLK1Freq                     0x08003db9   Thumb Code    22  stm32f1xx_hal_rcc.o(.text)
    HAL_RCC_GetPCLK2Freq                     0x08003dcf   Thumb Code    22  stm32f1xx_hal_rcc.o(.text)
    HAL_RCC_GetOscConfig                     0x08003de5   Thumb Code   168  stm32f1xx_hal_rcc.o(.text)
    HAL_RCC_GetClockConfig                   0x08003e8d   Thumb Code    52  stm32f1xx_hal_rcc.o(.text)
    HAL_RCC_CSSCallback                      0x08003ec1   Thumb Code     2  stm32f1xx_hal_rcc.o(.text)
    HAL_RCC_NMI_IRQHandler                   0x08003ec3   Thumb Code    22  stm32f1xx_hal_rcc.o(.text)
    HAL_GPIO_Init                            0x08003f15   Thumb Code   524  stm32f1xx_hal_gpio.o(.text)
    HAL_GPIO_DeInit                          0x08004121   Thumb Code   320  stm32f1xx_hal_gpio.o(.text)
    HAL_GPIO_ReadPin                         0x08004261   Thumb Code    14  stm32f1xx_hal_gpio.o(.text)
    HAL_GPIO_WritePin                        0x0800426f   Thumb Code    14  stm32f1xx_hal_gpio.o(.text)
    HAL_GPIO_TogglePin                       0x0800427d   Thumb Code    16  stm32f1xx_hal_gpio.o(.text)
    HAL_GPIO_LockPin                         0x0800428d   Thumb Code    42  stm32f1xx_hal_gpio.o(.text)
    HAL_GPIO_EXTI_Callback                   0x080042b7   Thumb Code     2  stm32f1xx_hal_gpio.o(.text)
    HAL_GPIO_EXTI_IRQHandler                 0x080042b9   Thumb Code    18  stm32f1xx_hal_gpio.o(.text)
    HAL_DMA_Init                             0x080042e9   Thumb Code   144  stm32f1xx_hal_dma.o(.text)
    HAL_DMA_DeInit                           0x08004379   Thumb Code   126  stm32f1xx_hal_dma.o(.text)
    HAL_DMA_Start                            0x0800442f   Thumb Code    88  stm32f1xx_hal_dma.o(.text)
    HAL_DMA_Start_IT                         0x08004487   Thumb Code   124  stm32f1xx_hal_dma.o(.text)
    HAL_DMA_Abort                            0x08004503   Thumb Code    72  stm32f1xx_hal_dma.o(.text)
    HAL_DMA_Abort_IT                         0x0800454b   Thumb Code   318  stm32f1xx_hal_dma.o(.text)
    HAL_DMA_PollForTransfer                  0x08004689   Thumb Code  1316  stm32f1xx_hal_dma.o(.text)
    HAL_DMA_IRQHandler                       0x08004bad   Thumb Code   672  stm32f1xx_hal_dma.o(.text)
    HAL_DMA_RegisterCallback                 0x08004e4d   Thumb Code    80  stm32f1xx_hal_dma.o(.text)
    HAL_DMA_UnRegisterCallback               0x08004e9d   Thumb Code    86  stm32f1xx_hal_dma.o(.text)
    HAL_DMA_GetState                         0x08004ef3   Thumb Code     6  stm32f1xx_hal_dma.o(.text)
    HAL_DMA_GetError                         0x08004ef9   Thumb Code     4  stm32f1xx_hal_dma.o(.text)
    HAL_NVIC_SetPriorityGrouping             0x08004f31   Thumb Code    30  stm32f1xx_hal_cortex.o(.text)
    HAL_NVIC_SetPriority                     0x08004f4f   Thumb Code    98  stm32f1xx_hal_cortex.o(.text)
    HAL_NVIC_EnableIRQ                       0x08004fb1   Thumb Code    28  stm32f1xx_hal_cortex.o(.text)
    HAL_NVIC_DisableIRQ                      0x08004fcd   Thumb Code    36  stm32f1xx_hal_cortex.o(.text)
    HAL_NVIC_SystemReset                     0x08004ff1   Thumb Code    26  stm32f1xx_hal_cortex.o(.text)
    HAL_SYSTICK_Config                       0x0800500b   Thumb Code    36  stm32f1xx_hal_cortex.o(.text)
    HAL_NVIC_GetPriorityGrouping             0x0800502f   Thumb Code    10  stm32f1xx_hal_cortex.o(.text)
    HAL_NVIC_GetPriority                     0x08005039   Thumb Code    94  stm32f1xx_hal_cortex.o(.text)
    HAL_NVIC_SetPendingIRQ                   0x08005097   Thumb Code    28  stm32f1xx_hal_cortex.o(.text)
    HAL_NVIC_GetPendingIRQ                   0x080050b3   Thumb Code    42  stm32f1xx_hal_cortex.o(.text)
    HAL_NVIC_ClearPendingIRQ                 0x080050dd   Thumb Code    28  stm32f1xx_hal_cortex.o(.text)
    HAL_NVIC_GetActive                       0x080050f9   Thumb Code    42  stm32f1xx_hal_cortex.o(.text)
    HAL_SYSTICK_CLKSourceConfig              0x08005123   Thumb Code    28  stm32f1xx_hal_cortex.o(.text)
    HAL_SYSTICK_Callback                     0x0800513f   Thumb Code     2  stm32f1xx_hal_cortex.o(.text)
    HAL_SYSTICK_IRQHandler                   0x08005141   Thumb Code     8  stm32f1xx_hal_cortex.o(.text)
    HAL_UART_Init                            0x08005219   Thumb Code   100  stm32f1xx_hal_uart.o(.text)
    HAL_HalfDuplex_Init                      0x0800527d   Thumb Code   110  stm32f1xx_hal_uart.o(.text)
    HAL_LIN_Init                             0x080052eb   Thumb Code   130  stm32f1xx_hal_uart.o(.text)
    HAL_MultiProcessor_Init                  0x0800536d   Thumb Code   146  stm32f1xx_hal_uart.o(.text)
    HAL_UART_DeInit                          0x08005401   Thumb Code    52  stm32f1xx_hal_uart.o(.text)
    HAL_UART_Transmit                        0x080054ad   Thumb Code   202  stm32f1xx_hal_uart.o(.text)
    HAL_UART_Receive                         0x08005577   Thumb Code   212  stm32f1xx_hal_uart.o(.text)
    HAL_UART_Transmit_IT                     0x0800564b   Thumb Code    66  stm32f1xx_hal_uart.o(.text)
    HAL_UART_Receive_IT                      0x0800568d   Thumb Code    86  stm32f1xx_hal_uart.o(.text)
    HAL_UART_ErrorCallback                   0x080056e3   Thumb Code     2  stm32f1xx_hal_uart.o(.text)
    HAL_UART_TxHalfCpltCallback              0x0800575d   Thumb Code     2  stm32f1xx_hal_uart.o(.text)
    HAL_UART_TxCpltCallback                  0x08005769   Thumb Code     2  stm32f1xx_hal_uart.o(.text)
    HAL_UART_Transmit_DMA                    0x0800579b   Thumb Code   138  stm32f1xx_hal_uart.o(.text)
    HAL_UART_RxHalfCpltCallback              0x08005825   Thumb Code     2  stm32f1xx_hal_uart.o(.text)
    HAL_UART_RxCpltCallback                  0x08005831   Thumb Code     2  stm32f1xx_hal_uart.o(.text)
    HAL_UART_Receive_DMA                     0x08005871   Thumb Code   150  stm32f1xx_hal_uart.o(.text)
    HAL_UART_DMAPause                        0x08005907   Thumb Code   102  stm32f1xx_hal_uart.o(.text)
    HAL_UART_DMAResume                       0x0800596d   Thumb Code    98  stm32f1xx_hal_uart.o(.text)
    HAL_UART_DMAStop                         0x080059cf   Thumb Code    88  stm32f1xx_hal_uart.o(.text)
    HAL_UART_Abort                           0x08005a27   Thumb Code   148  stm32f1xx_hal_uart.o(.text)
    HAL_UART_AbortTransmit                   0x08005abb   Thumb Code    80  stm32f1xx_hal_uart.o(.text)
    HAL_UART_AbortReceive                    0x08005b0b   Thumb Code    90  stm32f1xx_hal_uart.o(.text)
    HAL_UART_AbortCpltCallback               0x08005b65   Thumb Code     2  stm32f1xx_hal_uart.o(.text)
    HAL_UART_Abort_IT                        0x08005bd5   Thumb Code   178  stm32f1xx_hal_uart.o(.text)
    HAL_UART_AbortTransmitCpltCallback       0x08005c87   Thumb Code     2  stm32f1xx_hal_uart.o(.text)
    HAL_UART_AbortTransmit_IT                0x08005c9d   Thumb Code    94  stm32f1xx_hal_uart.o(.text)
    HAL_UART_AbortReceiveCpltCallback        0x08005cfb   Thumb Code     2  stm32f1xx_hal_uart.o(.text)
    HAL_UART_AbortReceive_IT                 0x08005d11   Thumb Code   104  stm32f1xx_hal_uart.o(.text)
    HAL_UART_IRQHandler                      0x08005e93   Thumb Code   312  stm32f1xx_hal_uart.o(.text)
    HAL_LIN_SendBreak                        0x08005fcb   Thumb Code    70  stm32f1xx_hal_uart.o(.text)
    HAL_MultiProcessor_EnterMuteMode         0x08006011   Thumb Code    50  stm32f1xx_hal_uart.o(.text)
    HAL_MultiProcessor_ExitMuteMode          0x08006043   Thumb Code    50  stm32f1xx_hal_uart.o(.text)
    HAL_HalfDuplex_EnableTransmitter         0x08006075   Thumb Code    54  stm32f1xx_hal_uart.o(.text)
    HAL_HalfDuplex_EnableReceiver            0x080060ab   Thumb Code    54  stm32f1xx_hal_uart.o(.text)
    HAL_UART_GetState                        0x080060e1   Thumb Code    12  stm32f1xx_hal_uart.o(.text)
    HAL_UART_GetError                        0x080060ed   Thumb Code     4  stm32f1xx_hal_uart.o(.text)
    __aeabi_memset                           0x080060f1   Thumb Code    14  memseta.o(.text)
    __aeabi_memset4                          0x080060f1   Thumb Code     0  memseta.o(.text)
    __aeabi_memset8                          0x080060f1   Thumb Code     0  memseta.o(.text)
    __aeabi_memclr                           0x080060ff   Thumb Code     4  memseta.o(.text)
    __aeabi_memclr4                          0x080060ff   Thumb Code     0  memseta.o(.text)
    __aeabi_memclr8                          0x080060ff   Thumb Code     0  memseta.o(.text)
    _memset$wrapper                          0x08006103   Thumb Code    18  memseta.o(.text)
    __aeabi_uidiv                            0x08006115   Thumb Code     0  uidiv.o(.text)
    __aeabi_uidivmod                         0x08006115   Thumb Code    44  uidiv.o(.text)
    __scatterload                            0x08006141   Thumb Code    28  init.o(.text)
    __scatterload_rt2                        0x08006141   Thumb Code     0  init.o(.text)
    __0printf$3                              0x08006165   Thumb Code    22  printf3.o(i.__0printf$3)
    __1printf$3                              0x08006165   Thumb Code     0  printf3.o(i.__0printf$3)
    __2printf                                0x08006165   Thumb Code     0  printf3.o(i.__0printf$3)
    __scatterload_copy                       0x08006185   Thumb Code    14  handlers.o(i.__scatterload_copy)
    __scatterload_null                       0x08006193   Thumb Code     2  handlers.o(i.__scatterload_null)
    __scatterload_zeroinit                   0x08006195   Thumb Code    14  handlers.o(i.__scatterload_zeroinit)
    free                                     0x0800635d   Thumb Code    76  malloc.o(i.free)
    malloc                                   0x080063ad   Thumb Code    92  malloc.o(i.malloc)
    gImage_2in7                              0x08006418   Data        5808  imagedata.o(.constdata)
    gImage_2in7_4Gray                        0x08007ac8   Data       11616  imagedata.o(.constdata)
    Font12_Table                             0x0800a9d0   Data        1140  font12.o(.constdata)
    Font12CN_Table                           0x0800ae44   Data        1494  font12cn.o(.constdata)
    Font16_Table                             0x0800b41a   Data        3040  font16.o(.constdata)
    Font24CN_Table                           0x0800bffa   Data        4482  font24cn.o(.constdata)
    AHBPrescTable                            0x0800d17c   Data          16  system_stm32f1xx.o(.constdata)
    APBPrescTable                            0x0800d18c   Data           8  system_stm32f1xx.o(.constdata)
    Region$$Table$$Base                      0x0800d280   Number         0  anon$$obj.o(Region$$Table)
    Region$$Table$$Limit                     0x0800d2a0   Number         0  anon$$obj.o(Region$$Table)
    Font12                                   0x20000000   Data           8  font12.o(.data)
    Font12CN                                 0x20000008   Data          12  font12cn.o(.data)
    Font16                                   0x20000014   Data           8  font16.o(.data)
    Font24CN                                 0x2000001c   Data          12  font24cn.o(.data)
    SystemCoreClock                          0x20000028   Data           4  system_stm32f1xx.o(.data)
    uwTickFreq                               0x2000002c   Data           1  stm32f1xx_hal.o(.data)
    uwTickPrio                               0x20000030   Data           4  stm32f1xx_hal.o(.data)
    uwTick                                   0x20000034   Data           4  stm32f1xx_hal.o(.data)
    __stdout                                 0x20000038   Data           4  stdout.o(.data)
    __microlib_freelist                      0x2000003c   Data           4  mvars.o(.data)
    __microlib_freelist_initialised          0x20000040   Data           4  mvars.o(.data)
    hspi1                                    0x20000044   Data          88  spi.o(.bss)
    huart1                                   0x2000009c   Data          64  usart.o(.bss)
    Paint                                    0x200000dc   Data          24  gui_paint.o(.bss)
    __heap_base                              0x200000f8   Data           0  startup_stm32f103xe.o(HEAP)
    __heap_limit                             0x200090f8   Data           0  startup_stm32f103xe.o(HEAP)
    __initial_sp                             0x2000a0f8   Data           0  startup_stm32f103xe.o(STACK)



==============================================================================

Memory Map of the image

  Image Entry point : 0x08000131

  Load Region LR_IROM1 (Base: 0x08000000, Size: 0x0000d2e4, Max: 0x00080000, ABSOLUTE)

    Execution Region ER_IROM1 (Exec base: 0x08000000, Load base: 0x08000000, Size: 0x0000d2a0, Max: 0x00080000, ABSOLUTE)

    Exec Addr    Load Addr    Size         Type   Attr      Idx    E Section Name        Object

    0x08000000   0x08000000   0x00000130   Data   RO            3    RESET               startup_stm32f103xe.o
    0x08000130   0x08000130   0x00000000   Code   RO         2854  * .ARM.Collect$$$$00000000  mc_w.l(entry.o)
    0x08000130   0x08000130   0x00000004   Code   RO         3154    .ARM.Collect$$$$00000001  mc_w.l(entry2.o)
    0x08000134   0x08000134   0x00000004   Code   RO         3157    .ARM.Collect$$$$00000004  mc_w.l(entry5.o)
    0x08000138   0x08000138   0x00000000   Code   RO         3159    .ARM.Collect$$$$00000008  mc_w.l(entry7b.o)
    0x08000138   0x08000138   0x00000000   Code   RO         3161    .ARM.Collect$$$$0000000A  mc_w.l(entry8b.o)
    0x08000138   0x08000138   0x00000008   Code   RO         3162    .ARM.Collect$$$$0000000B  mc_w.l(entry9a.o)
    0x08000140   0x08000140   0x00000000   Code   RO         3164    .ARM.Collect$$$$0000000D  mc_w.l(entry10a.o)
    0x08000140   0x08000140   0x00000000   Code   RO         3166    .ARM.Collect$$$$0000000F  mc_w.l(entry11a.o)
    0x08000140   0x08000140   0x00000004   Code   RO         3155    .ARM.Collect$$$$00002712  mc_w.l(entry2.o)
    0x08000144   0x08000144   0x00000024   Code   RO            4    .text               startup_stm32f103xe.o
    0x08000168   0x08000168   0x00000098   Code   RO           13    .text               main.o
    0x08000200   0x08000200   0x00000060   Code   RO          162    .text               gpio.o
    0x08000260   0x08000260   0x000000bc   Code   RO          186    .text               spi.o
    0x0800031c   0x0800031c   0x000000d8   Code   RO          216    .text               usart.o
    0x080003f4   0x080003f4   0x00000030   Code   RO          246    .text               stm32f1xx_it.o
    0x08000424   0x08000424   0x0000003c   Code   RO          273    .text               stm32f1xx_hal_msp.o
    0x08000460   0x08000460   0x00000548   Code   RO          516    .text               epd_2in7_test.o
    0x080009a8   0x080009a8   0x00000604   Code   RO         1510    .text               epd_2in7.o
    0x08000fac   0x08000fac   0x00000068   Code   RO         2304    .text               dev_config.o
    0x08001014   0x08001014   0x00000e04   Code   RO         2329    .text               gui_paint.o
    0x08001e18   0x08001e18   0x000000c4   Code   RO         2463    .text               system_stm32f1xx.o
    0x08001edc   0x08001edc   0x000015e8   Code   RO         2519    .text               stm32f1xx_hal_spi.o
    0x080034c4   0x080034c4   0x00000188   Code   RO         2543    .text               stm32f1xx_hal.o
    0x0800364c   0x0800364c   0x000008c8   Code   RO         2573    .text               stm32f1xx_hal_rcc.o
    0x08003f14   0x08003f14   0x000003d4   Code   RO         2621    .text               stm32f1xx_hal_gpio.o
    0x080042e8   0x080042e8   0x00000c48   Code   RO         2645    .text               stm32f1xx_hal_dma.o
    0x08004f30   0x08004f30   0x00000224   Code   RO         2669    .text               stm32f1xx_hal_cortex.o
    0x08005154   0x08005154   0x00000f9c   Code   RO         2833    .text               stm32f1xx_hal_uart.o
    0x080060f0   0x080060f0   0x00000024   Code   RO         2861    .text               mc_w.l(memseta.o)
    0x08006114   0x08006114   0x0000002c   Code   RO         3169    .text               mc_w.l(uidiv.o)
    0x08006140   0x08006140   0x00000024   Code   RO         3186    .text               mc_w.l(init.o)
    0x08006164   0x08006164   0x00000020   Code   RO         2954    i.__0printf$3       mc_w.l(printf3.o)
    0x08006184   0x08006184   0x0000000e   Code   RO         3196    i.__scatterload_copy  mc_w.l(handlers.o)
    0x08006192   0x08006192   0x00000002   Code   RO         3197    i.__scatterload_null  mc_w.l(handlers.o)
    0x08006194   0x08006194   0x0000000e   Code   RO         3198    i.__scatterload_zeroinit  mc_w.l(handlers.o)
    0x080061a2   0x080061a2   0x00000002   PAD
    0x080061a4   0x080061a4   0x000001b8   Code   RO         2961    i._printf_core      mc_w.l(printf3.o)
    0x0800635c   0x0800635c   0x00000050   Code   RO         3126    i.free              mc_w.l(malloc.o)
    0x080063ac   0x080063ac   0x0000006c   Code   RO         3127    i.malloc            mc_w.l(malloc.o)
    0x08006418   0x08006418   0x000016b0   Data   RO          300    .constdata          imagedata.o
    0x08007ac8   0x08007ac8   0x00002d60   Data   RO          305    .constdata          imagedata.o
    0x0800a828   0x0800a828   0x000001a8   Data   RO         1511    .constdata          epd_2in7.o
    0x0800a9d0   0x0800a9d0   0x00000474   Data   RO         2376    .constdata          font12.o
    0x0800ae44   0x0800ae44   0x000005d6   Data   RO         2390    .constdata          font12cn.o
    0x0800b41a   0x0800b41a   0x00000be0   Data   RO         2404    .constdata          font16.o
    0x0800bffa   0x0800bffa   0x00001182   Data   RO         2446    .constdata          font24cn.o
    0x0800d17c   0x0800d17c   0x00000010   Data   RO         2464    .constdata          system_stm32f1xx.o
    0x0800d18c   0x0800d18c   0x00000008   Data   RO         2465    .constdata          system_stm32f1xx.o
    0x0800d194   0x0800d194   0x000000e9   Data   RO         2331    .conststring        gui_paint.o
    0x0800d27d   0x0800d27d   0x00000003   PAD
    0x0800d280   0x0800d280   0x00000020   Data   RO         3194    Region$$Table       anon$$obj.o


    Execution Region RW_IRAM1 (Exec base: 0x20000000, Load base: 0x0800d2a0, Size: 0x0000a0f8, Max: 0x00010000, ABSOLUTE)

    Exec Addr    Load Addr    Size         Type   Attr      Idx    E Section Name        Object

    0x20000000   0x0800d2a0   0x00000008   Data   RW         2377    .data               font12.o
    0x20000008   0x0800d2a8   0x0000000c   Data   RW         2391    .data               font12cn.o
    0x20000014   0x0800d2b4   0x00000008   Data   RW         2405    .data               font16.o
    0x2000001c   0x0800d2bc   0x0000000c   Data   RW         2447    .data               font24cn.o
    0x20000028   0x0800d2c8   0x00000004   Data   RW         2466    .data               system_stm32f1xx.o
    0x2000002c   0x0800d2cc   0x0000000c   Data   RW         2544    .data               stm32f1xx_hal.o
    0x20000038   0x0800d2d8   0x00000004   Data   RW         3168    .data               mc_w.l(stdout.o)
    0x2000003c   0x0800d2dc   0x00000004   Data   RW         3173    .data               mc_w.l(mvars.o)
    0x20000040   0x0800d2e0   0x00000004   Data   RW         3174    .data               mc_w.l(mvars.o)
    0x20000044        -       0x00000058   Zero   RW          187    .bss                spi.o
    0x2000009c        -       0x00000040   Zero   RW          217    .bss                usart.o
    0x200000dc        -       0x00000018   Zero   RW         2330    .bss                gui_paint.o
    0x200000f4   0x0800d2e4   0x00000004   PAD
    0x200000f8        -       0x00009000   Zero   RW            2    HEAP                startup_stm32f103xe.o
    0x200090f8        -       0x00001000   Zero   RW            1    STACK               startup_stm32f103xe.o


==============================================================================

Image component sizes


      Code (inc. data)   RO Data    RW Data    ZI Data      Debug   Object Name

       104         10          0          0          0        780   dev_config.o
      1540         74        424          0          0       4746   epd_2in7.o
      1352        422          0          0          0       1328   epd_2in7_test.o
         0          0       1140          8          0       1361   font12.o
         0          0       1494         12          0       1363   font12cn.o
         0          0       3040          8          0       1361   font16.o
         0          0       4482         12          0       1363   font24cn.o
        96         10          0          0          0        803   gpio.o
      3588        660        233          0         24      13545   gui_paint.o
         0          0      17424          0          0       3058   imagedata.o
       152         20          0          0          0     461944   main.o
       188         18          0          0         88       1437   spi.o
        36          8        304          0      40960        796   startup_stm32f103xe.o
       392         38          0         12          0       7649   stm32f1xx_hal.o
       548         12          0          0          0      30678   stm32f1xx_hal_cortex.o
      3144        164          0          0          0       7109   stm32f1xx_hal_dma.o
       980         30          0          0          0       4391   stm32f1xx_hal_gpio.o
        60          8          0          0          0        830   stm32f1xx_hal_msp.o
      2248         88          0          0          0       6559   stm32f1xx_hal_rcc.o
      5608        106          0          0          0      19625   stm32f1xx_hal_spi.o
      3996         46          0          0          0      17436   stm32f1xx_hal_uart.o
        48         22          0          0          0       1246   stm32f1xx_it.o
       196         28         24          4          0       1517   system_stm32f1xx.o
       216         18          0          0         64       1753   usart.o

    ----------------------------------------------------------------------
     24492       1782      28600         56      41140     592678   Object Totals
         0          0         32          0          0          0   (incl. Generated)
         0          0          3          0          4          0   (incl. Padding)

    ----------------------------------------------------------------------

      Code (inc. data)   RO Data    RW Data    ZI Data      Debug   Library Member Name

         0          0          0          0          0          0   entry.o
         0          0          0          0          0          0   entry10a.o
         0          0          0          0          0          0   entry11a.o
         8          4          0          0          0          0   entry2.o
         4          0          0          0          0          0   entry5.o
         0          0          0          0          0          0   entry7b.o
         0          0          0          0          0          0   entry8b.o
         8          4          0          0          0          0   entry9a.o
        30          0          0          0          0          0   handlers.o
        36          8          0          0          0         68   init.o
       188         20          0          0          0        160   malloc.o
        36          0          0          0          0        108   memseta.o
         0          0          0          8          0          0   mvars.o
       472         14          0          0          0        184   printf3.o
         0          0          0          4          0          0   stdout.o
        44          0          0          0          0         80   uidiv.o

    ----------------------------------------------------------------------
       828         50          0         12          0        600   Library Totals
         2          0          0          0          0          0   (incl. Padding)

    ----------------------------------------------------------------------

      Code (inc. data)   RO Data    RW Data    ZI Data      Debug   Library Name

       826         50          0         12          0        600   mc_w.l

    ----------------------------------------------------------------------
       828         50          0         12          0        600   Library Totals

    ----------------------------------------------------------------------

==============================================================================


      Code (inc. data)   RO Data    RW Data    ZI Data      Debug   

     25320       1832      28600         68      41140     591558   Grand Totals
     25320       1832      28600         68      41140     591558   ELF Image Totals
     25320       1832      28600         68          0          0   ROM Totals

==============================================================================

    Total RO  Size (Code + RO Data)                53920 (  52.66kB)
    Total RW  Size (RW Data + ZI Data)             41208 (  40.24kB)
    Total ROM Size (Code + RO Data + RW Data)      53988 (  52.72kB)

==============================================================================

